Archive member included to satisfy reference by file (symbol)

/usr/lib/gcc/arm-none-eabi/13.2.0/../../../../arm-none-eabi/lib/thumb/nofp/libstdc++_nano.a(atexit_arm.o)
                              CMakeFiles/daisy_cpp.dir/main.cpp.o (__aeabi_atexit)
/usr/lib/gcc/arm-none-eabi/13.2.0/thumb/nofp/libgcc.a(unwind-arm.o)
                              CMakeFiles/daisy_cpp.dir/main.cpp.o (__aeabi_unwind_cpp_pr1)
/usr/lib/gcc/arm-none-eabi/13.2.0/thumb/nofp/libgcc.a(libunwind.o)
                              /usr/lib/gcc/arm-none-eabi/13.2.0/thumb/nofp/libgcc.a(unwind-arm.o) (restore_core_regs)
/usr/lib/gcc/arm-none-eabi/13.2.0/thumb/nofp/libgcc.a(pr-support.o)
                              /usr/lib/gcc/arm-none-eabi/13.2.0/thumb/nofp/libgcc.a(unwind-arm.o) (__gnu_unwind_execute)
/usr/lib/gcc/arm-none-eabi/13.2.0/thumb/nofp/libgcc.a(_thumb1_case_uqi.o)
                              /usr/lib/gcc/arm-none-eabi/13.2.0/thumb/nofp/libgcc.a(unwind-arm.o) (__gnu_thumb1_case_uqi)
/usr/lib/gcc/arm-none-eabi/13.2.0/../../../../arm-none-eabi/lib/thumb/nofp/libc_nano.a(libc_a-abort.o)
                              /usr/lib/gcc/arm-none-eabi/13.2.0/thumb/nofp/libgcc.a(unwind-arm.o) (abort)
/usr/lib/gcc/arm-none-eabi/13.2.0/../../../../arm-none-eabi/lib/thumb/nofp/libc_nano.a(libc_a-atexit.o)
                              /usr/lib/gcc/arm-none-eabi/13.2.0/../../../../arm-none-eabi/lib/thumb/nofp/crt0.o (atexit)
/usr/lib/gcc/arm-none-eabi/13.2.0/../../../../arm-none-eabi/lib/thumb/nofp/libc_nano.a(libc_a-exit.o)
                              /usr/lib/gcc/arm-none-eabi/13.2.0/../../../../arm-none-eabi/lib/thumb/nofp/crt0.o (exit)
/usr/lib/gcc/arm-none-eabi/13.2.0/../../../../arm-none-eabi/lib/thumb/nofp/libc_nano.a(libc_a-cxa_atexit.o)
                              /usr/lib/gcc/arm-none-eabi/13.2.0/../../../../arm-none-eabi/lib/thumb/nofp/libstdc++_nano.a(atexit_arm.o) (__cxa_atexit)
/usr/lib/gcc/arm-none-eabi/13.2.0/../../../../arm-none-eabi/lib/thumb/nofp/libc_nano.a(libc_a-findfp.o)
                              /usr/lib/gcc/arm-none-eabi/13.2.0/../../../../arm-none-eabi/lib/thumb/nofp/libc_nano.a(libc_a-exit.o) (__stdio_exit_handler)
/usr/lib/gcc/arm-none-eabi/13.2.0/../../../../arm-none-eabi/lib/thumb/nofp/libc_nano.a(libc_a-fwalk.o)
                              /usr/lib/gcc/arm-none-eabi/13.2.0/../../../../arm-none-eabi/lib/thumb/nofp/libc_nano.a(libc_a-findfp.o) (_fwalk_sglue)
/usr/lib/gcc/arm-none-eabi/13.2.0/../../../../arm-none-eabi/lib/thumb/nofp/libc_nano.a(libc_a-stdio.o)
                              /usr/lib/gcc/arm-none-eabi/13.2.0/../../../../arm-none-eabi/lib/thumb/nofp/libc_nano.a(libc_a-findfp.o) (__sread)
/usr/lib/gcc/arm-none-eabi/13.2.0/../../../../arm-none-eabi/lib/thumb/nofp/libc_nano.a(libc_a-memset.o)
                              /usr/lib/gcc/arm-none-eabi/13.2.0/../../../../arm-none-eabi/lib/thumb/nofp/crt0.o (memset)
/usr/lib/gcc/arm-none-eabi/13.2.0/../../../../arm-none-eabi/lib/thumb/nofp/libc_nano.a(libc_a-signal.o)
                              /usr/lib/gcc/arm-none-eabi/13.2.0/../../../../arm-none-eabi/lib/thumb/nofp/libc_nano.a(libc_a-abort.o) (raise)
/usr/lib/gcc/arm-none-eabi/13.2.0/../../../../arm-none-eabi/lib/thumb/nofp/libc_nano.a(libc_a-closer.o)
                              /usr/lib/gcc/arm-none-eabi/13.2.0/../../../../arm-none-eabi/lib/thumb/nofp/libc_nano.a(libc_a-stdio.o) (_close_r)
/usr/lib/gcc/arm-none-eabi/13.2.0/../../../../arm-none-eabi/lib/thumb/nofp/libc_nano.a(libc_a-reent.o)
                              /usr/lib/gcc/arm-none-eabi/13.2.0/../../../../arm-none-eabi/lib/thumb/nofp/libc_nano.a(libc_a-closer.o) (errno)
/usr/lib/gcc/arm-none-eabi/13.2.0/../../../../arm-none-eabi/lib/thumb/nofp/libc_nano.a(libc_a-impure.o)
                              /usr/lib/gcc/arm-none-eabi/13.2.0/../../../../arm-none-eabi/lib/thumb/nofp/libc_nano.a(libc_a-signal.o) (_impure_ptr)
/usr/lib/gcc/arm-none-eabi/13.2.0/../../../../arm-none-eabi/lib/thumb/nofp/libc_nano.a(libc_a-lseekr.o)
                              /usr/lib/gcc/arm-none-eabi/13.2.0/../../../../arm-none-eabi/lib/thumb/nofp/libc_nano.a(libc_a-stdio.o) (_lseek_r)
/usr/lib/gcc/arm-none-eabi/13.2.0/../../../../arm-none-eabi/lib/thumb/nofp/libc_nano.a(libc_a-readr.o)
                              /usr/lib/gcc/arm-none-eabi/13.2.0/../../../../arm-none-eabi/lib/thumb/nofp/libc_nano.a(libc_a-stdio.o) (_read_r)
/usr/lib/gcc/arm-none-eabi/13.2.0/../../../../arm-none-eabi/lib/thumb/nofp/libc_nano.a(libc_a-signalr.o)
                              /usr/lib/gcc/arm-none-eabi/13.2.0/../../../../arm-none-eabi/lib/thumb/nofp/libc_nano.a(libc_a-signal.o) (_kill_r)
/usr/lib/gcc/arm-none-eabi/13.2.0/../../../../arm-none-eabi/lib/thumb/nofp/libc_nano.a(libc_a-writer.o)
                              /usr/lib/gcc/arm-none-eabi/13.2.0/../../../../arm-none-eabi/lib/thumb/nofp/libc_nano.a(libc_a-stdio.o) (_write_r)
/usr/lib/gcc/arm-none-eabi/13.2.0/../../../../arm-none-eabi/lib/thumb/nofp/libc_nano.a(libc_a-init.o)
[...]
Memory Configuration

Name             Origin             Length             Attributes
*default*        0x00000000         0xffffffff

Linker script and memory map

LOAD /usr/lib/gcc/arm-none-eabi/13.2.0/thumb/nofp/crti.o
LOAD /usr/lib/gcc/arm-none-eabi/13.2.0/thumb/nofp/crtbegin.o
LOAD /usr/lib/gcc/arm-none-eabi/13.2.0/../../../../arm-none-eabi/lib/thumb/nofp/crt0.o
LOAD CMakeFiles/daisy_cpp.dir/main.cpp.o
LOAD /usr/lib/gcc/arm-none-eabi/13.2.0/../../../../arm-none-eabi/lib/thumb/nofp/libstdc++_nano.a
LOAD /usr/lib/gcc/arm-none-eabi/13.2.0/../../../../arm-none-eabi/lib/thumb/nofp/libm.a
START GROUP
LOAD /usr/lib/gcc/arm-none-eabi/13.2.0/thumb/nofp/libgcc.a
LOAD /usr/lib/gcc/arm-none-eabi/13.2.0/../../../../arm-none-eabi/lib/thumb/nofp/libc_nano.a
END GROUP
START GROUP
LOAD /usr/lib/gcc/arm-none-eabi/13.2.0/thumb/nofp/libgcc.a
LOAD /usr/lib/gcc/arm-none-eabi/13.2.0/../../../../arm-none-eabi/lib/thumb/nofp/libc_nano.a
LOAD /usr/lib/gcc/arm-none-eabi/13.2.0/../../../../arm-none-eabi/lib/thumb/nofp/libnosys.a
END GROUP
START GROUP
LOAD /usr/lib/gcc/arm-none-eabi/13.2.0/thumb/nofp/libgcc.a
LOAD /usr/lib/gcc/arm-none-eabi/13.2.0/../../../../arm-none-eabi/lib/thumb/nofp/libc_nano.a
LOAD /usr/lib/gcc/arm-none-eabi/13.2.0/../../../../arm-none-eabi/lib/thumb/nofp/libnosys.a
END GROUP
LOAD /usr/lib/gcc/arm-none-eabi/13.2.0/thumb/nofp/crtend.o
LOAD /usr/lib/gcc/arm-none-eabi/13.2.0/thumb/nofp/crtn.o
                [!provide]                        PROVIDE (__executable_start = SEGMENT_START ("text-segment", 0x8000))
                0x00008000                        . = SEGMENT_START ("text-segment", 0x8000)

.interp
 *(.interp)

.note.gnu.build-id
 *(.note.gnu.build-id)

.hash
 *(.hash)

.gnu.hash
 *(.gnu.hash)

.dynsym
 *(.dynsym)

.dynstr
 *(.dynstr)

.gnu.version
 *(.gnu.version)

.gnu.version_d
 *(.gnu.version_d)

.gnu.version_r
 *(.gnu.version_r)

.rel.dyn        0x00008000        0x0
 *(.rel.init)
 *(.rel.text .rel.text.* .rel.gnu.linkonce.t.*)
 *(.rel.fini)
 *(.rel.rodata .rel.rodata.* .rel.gnu.linkonce.r.*)
 *(.rel.data.rel.ro .rel.data.rel.ro.* .rel.gnu.linkonce.d.rel.ro.*)
 *(.rel.data .rel.data.* .rel.gnu.linkonce.d.*)
 *(.rel.tdata .rel.tdata.* .rel.gnu.linkonce.td.*)
 *(.rel.tbss .rel.tbss.* .rel.gnu.linkonce.tb.*)
 *(.rel.ctors)
 *(.rel.dtors)
 *(.rel.got)
 *(.rel.bss .rel.bss.* .rel.gnu.linkonce.b.*)
                [!provide]                        PROVIDE (__rel_iplt_start = .)
 *(.rel.iplt)
 .rel.iplt      0x00008000        0x0 /usr/lib/gcc/arm-none-eabi/13.2.0/thumb/nofp/crtbegin.o
                [!provide]                        PROVIDE (__rel_iplt_end = .)

.rela.dyn       0x00008000        0x0
 *(.rela.init)
 *(.rela.text .rela.text.* .rela.gnu.linkonce.t.*)
 *(.rela.fini)
 *(.rela.rodata .rela.rodata.* .rela.gnu.linkonce.r.*)
 *(.rela.data .rela.data.* .rela.gnu.linkonce.d.*)
 *(.rela.tdata .rela.tdata.* .rela.gnu.linkonce.td.*)
 *(.rela.tbss .rela.tbss.* .rela.gnu.linkonce.tb.*)
 *(.rela.ctors)
 *(.rela.dtors)
 *(.rela.got)
 *(.rela.bss .rela.bss.* .rela.gnu.linkonce.b.*)
                [!provide]                        PROVIDE (__rela_iplt_start = .)
 *(.rela.iplt)
                [!provide]                        PROVIDE (__rela_iplt_end = .)

.rel.plt
 *(.rel.plt)

.rela.plt
 *(.rela.plt)

.init           0x00008000        0xc
 *(SORT_NONE(.init))
 .init          0x00008000        0x4 /usr/lib/gcc/arm-none-eabi/13.2.0/thumb/nofp/crti.o
                0x00008000                _init
 .init          0x00008004        0x8 /usr/lib/gcc/arm-none-eabi/13.2.0/thumb/nofp/crtn.o

.plt
 *(.plt)

.iplt           0x0000800c        0x0
 *(.iplt)
 .iplt          0x0000800c        0x0 /usr/lib/gcc/arm-none-eabi/13.2.0/thumb/nofp/crtbegin.o

.gnu.sgstubs
 *(.gnu.sgstubs*)

.text           0x00008010     0x16a0
 *(.text.unlikely .text.*_unlikely .text.unlikely.*)
 *(.text.exit .text.exit.*)
 .text.exit     0x00008010       0x30 /usr/lib/gcc/arm-none-eabi/13.2.0/../../../../arm-none-eabi/lib/thumb/nofp/libc_nano.a(libc_a-exit.o)
                0x00008010                exit
 *(.text.startup .text.startup.*)
 *(.text.hot .text.hot.*)
 *(SORT_BY_NAME(.text.sorted.*))
 *(.text .stub .text.* .gnu.linkonce.t.*)
 .text.__do_global_dtors_aux
                0x00008040       0x2c /usr/lib/gcc/arm-none-eabi/13.2.0/thumb/nofp/crtbegin.o
 .text.frame_dummy
                0x0000806c       0x24 /usr/lib/gcc/arm-none-eabi/13.2.0/thumb/nofp/crtbegin.o
 .text          0x00008090      0x118 /usr/lib/gcc/arm-none-eabi/13.2.0/../../../../arm-none-eabi/lib/thumb/nofp/crt0.o
                0x00008090                _stack_init
                0x00008118                _mainCRTStartup
                0x00008118                _start
                0x0000814c                __change_mode
                0x00008188                change_back
 .text          0x000081a8       0x88 CMakeFiles/daisy_cpp.dir/main.cpp.o
                0x000081a8                main
 .text._ZN5daisy6SystemC2Ev
                0x00008230       0x24 CMakeFiles/daisy_cpp.dir/main.cpp.o
                0x00008230                daisy::System::System()
                0x00008230                daisy::System::System()
 .text._ZN5daisy6SystemD2Ev
                0x00008254       0x24 CMakeFiles/daisy_cpp.dir/main.cpp.o
                0x00008254                daisy::System::~System()
                0x00008254                daisy::System::~System()
 .text._ZN5daisy10QSPIHandleC2Ev
                0x00008278       0x30 CMakeFiles/daisy_cpp.dir/main.cpp.o
                0x00008278                daisy::QSPIHandle::QSPIHandle()
                0x00008278                daisy::QSPIHandle::QSPIHandle()
 .text._ZN5daisy9DacHandleC2Ev
                0x000082a8       0x30 CMakeFiles/daisy_cpp.dir/main.cpp.o
                0x000082a8                daisy::DacHandle::DacHandle()
                0x000082a8                daisy::DacHandle::DacHandle()
 .text._ZN5daisy9SaiHandleC2Ev
                0x000082d8       0x30 CMakeFiles/daisy_cpp.dir/main.cpp.o
                0x000082d8                daisy::SaiHandle::SaiHandle()
                0x000082d8                daisy::SaiHandle::SaiHandle()
 .text._ZN5daisy11AudioHandleC2Ev
                0x00008308       0x30 CMakeFiles/daisy_cpp.dir/main.cpp.o
                0x00008308                daisy::AudioHandle::AudioHandle()
                0x00008308                daisy::AudioHandle::AudioHandle()
 .text._ZN5daisy11AudioHandleD2Ev
                0x00008338       0x24 CMakeFiles/daisy_cpp.dir/main.cpp.o
                0x00008338                daisy::AudioHandle::~AudioHandle()
                0x00008338                daisy::AudioHandle::~AudioHandle()
 .text._ZN5daisy9AdcHandleC2Ev
                0x0000835c       0x24 CMakeFiles/daisy_cpp.dir/main.cpp.o
                0x0000835c                daisy::AdcHandle::AdcHandle()
                0x0000835c                daisy::AdcHandle::AdcHandle()
 .text._ZN5daisy9AdcHandleD2Ev
                0x00008380       0x24 CMakeFiles/daisy_cpp.dir/main.cpp.o
                0x00008380                daisy::AdcHandle::~AdcHandle()
                0x00008380                daisy::AdcHandle::~AdcHandle()
 .text._ZN5daisy9UsbHandleC2Ev
                0x000083a4       0x24 CMakeFiles/daisy_cpp.dir/main.cpp.o
                0x000083a4                daisy::UsbHandle::UsbHandle()
                0x000083a4                daisy::UsbHandle::UsbHandle()
 .text._ZN5daisy9UsbHandleD2Ev
                0x000083c8       0x24 CMakeFiles/daisy_cpp.dir/main.cpp.o
                0x000083c8                daisy::UsbHandle::~UsbHandle()
                0x000083c8                daisy::UsbHandle::~UsbHandle()
 .text._ZN5daisy9DaisySeedC2Ev
                0x000083ec       0x90 CMakeFiles/daisy_cpp.dir/main.cpp.o
                0x000083ec                daisy::DaisySeed::DaisySeed()
                0x000083ec                daisy::DaisySeed::DaisySeed()
 .text._ZN5daisy9DaisySeedD2Ev
                0x0000847c       0x64 CMakeFiles/daisy_cpp.dir/main.cpp.o
                0x0000847c                daisy::DaisySeed::~DaisySeed()
                0x0000847c                daisy::DaisySeed::~DaisySeed()
 .text._ZN5daisy9DaisySeed8StartLogEb
                0x000084e0       0x30 CMakeFiles/daisy_cpp.dir/main.cpp.o
                0x000084e0                daisy::DaisySeed::StartLog(bool)
 .text.__aeabi_atexit
                0x00008510       0x12 /usr/lib/gcc/arm-none-eabi/13.2.0/../../../../arm-none-eabi/lib/thumb/nofp/libstdc++_nano.a(atexit_arm.o)
                0x00008510                __aeabi_atexit
 .text.selfrel_offset31
                0x00008522       0x16 /usr/lib/gcc/arm-none-eabi/13.2.0/thumb/nofp/libgcc.a(unwind-arm.o)
 .text.search_EIT_table
                0x00008538       0x6a /usr/lib/gcc/arm-none-eabi/13.2.0/thumb/nofp/libgcc.a(unwind-arm.o)
 *fill*         0x000085a2        0x2 
 .text.__gnu_unwind_get_pr_addr
                0x000085a4       0x24 /usr/lib/gcc/arm-none-eabi/13.2.0/thumb/nofp/libgcc.a(unwind-arm.o)
 .text.get_eit_entry
                0x000085c8       0x94 /usr/lib/gcc/arm-none-eabi/13.2.0/thumb/nofp/libgcc.a(unwind-arm.o)
 .text.restore_non_core_regs
                0x0000865c       0x4e /usr/lib/gcc/arm-none-eabi/13.2.0/thumb/nofp/libgcc.a(unwind-arm.o)
 .text._Unwind_decode_typeinfo_ptr.constprop.0
                0x000086aa        0xc /usr/lib/gcc/arm-none-eabi/13.2.0/thumb/nofp/libgcc.a(unwind-arm.o)
 .text._Unwind_DebugHook
                0x000086b6        0x2 /usr/lib/gcc/arm-none-eabi/13.2.0/thumb/nofp/libgcc.a(unwind-arm.o)
 .text.unwind_phase2
                0x000086b8       0x3e /usr/lib/gcc/arm-none-eabi/13.2.0/thumb/nofp/libgcc.a(unwind-arm.o)
 *fill*         0x000086f6        0x2 
 .text.unwind_phase2_forced
                0x000086f8       0xc0 /usr/lib/gcc/arm-none-eabi/13.2.0/thumb/nofp/libgcc.a(unwind-arm.o)
 .text.__gnu_Unwind_RaiseException
                0x000087b8       0x56 /usr/lib/gcc/arm-none-eabi/13.2.0/thumb/nofp/libgcc.a(unwind-arm.o)
                0x000087b8                __gnu_Unwind_RaiseException
 .text.__gnu_Unwind_ForcedUnwind
                0x0000880e       0x18 /usr/lib/gcc/arm-none-eabi/13.2.0/thumb/nofp/libgcc.a(unwind-arm.o)
                0x0000880e                __gnu_Unwind_ForcedUnwind
 .text.__gnu_Unwind_Resume
                0x00008826       0x46 /usr/lib/gcc/arm-none-eabi/13.2.0/thumb/nofp/libgcc.a(unwind-arm.o)
                0x00008826                __gnu_Unwind_Resume
 .text.__gnu_Unwind_Resume_or_Rethrow
                0x0000886c       0x1e /usr/lib/gcc/arm-none-eabi/13.2.0/thumb/nofp/libgcc.a(unwind-arm.o)
                0x0000886c                __gnu_Unwind_Resume_or_Rethrow
 .text._Unwind_VRS_Get
                0x0000888a       0x3c /usr/lib/gcc/arm-none-eabi/13.2.0/thumb/nofp/libgcc.a(unwind-arm.o)
                0x0000888a                _Unwind_VRS_Get
 .text._Unwind_GetGR
                0x000088c6       0x18 /usr/lib/gcc/arm-none-eabi/13.2.0/thumb/nofp/libgcc.a(unwind-arm.o)
 .text._Unwind_VRS_Set
                0x000088de       0x3e /usr/lib/gcc/arm-none-eabi/13.2.0/thumb/nofp/libgcc.a(unwind-arm.o)
                0x000088de                _Unwind_VRS_Set
 .text._Unwind_SetGR
                0x0000891c       0x18 /usr/lib/gcc/arm-none-eabi/13.2.0/thumb/nofp/libgcc.a(unwind-arm.o)
 .text.__gnu_Unwind_Backtrace
                0x00008934       0x74 /usr/lib/gcc/arm-none-eabi/13.2.0/thumb/nofp/libgcc.a(unwind-arm.o)
                0x00008934                __gnu_Unwind_Backtrace
 .text.__gnu_unwind_pr_common
                0x000089a8      0x240 /usr/lib/gcc/arm-none-eabi/13.2.0/thumb/nofp/libgcc.a(unwind-arm.o)
 .text.__aeabi_unwind_cpp_pr0
                0x00008be8        0xe /usr/lib/gcc/arm-none-eabi/13.2.0/thumb/nofp/libgcc.a(unwind-arm.o)
                0x00008be8                __aeabi_unwind_cpp_pr0
 .text.__aeabi_unwind_cpp_pr1
                0x00008bf6        0xe /usr/lib/gcc/arm-none-eabi/13.2.0/thumb/nofp/libgcc.a(unwind-arm.o)
                0x00008bf6                __aeabi_unwind_cpp_pr1
 .text.__aeabi_unwind_cpp_pr2
                0x00008c04        0xe /usr/lib/gcc/arm-none-eabi/13.2.0/thumb/nofp/libgcc.a(unwind-arm.o)
                0x00008c04                __aeabi_unwind_cpp_pr2
 .text._Unwind_VRS_Pop
                0x00008c12      0x23c /usr/lib/gcc/arm-none-eabi/13.2.0/thumb/nofp/libgcc.a(unwind-arm.o)
                0x00008c12                _Unwind_VRS_Pop
 *fill*         0x00008e4e        0x2 
 .text          0x00008e50      0x1d8 /usr/lib/gcc/arm-none-eabi/13.2.0/thumb/nofp/libgcc.a(libunwind.o)
                0x00008e50                __restore_core_regs
                0x00008e50                restore_core_regs
                0x00008e6c                __gnu_Unwind_Restore_VFP
                0x00008e74                __gnu_Unwind_Save_VFP
                0x00008e7c                __gnu_Unwind_Restore_VFP_D
                0x00008e84                __gnu_Unwind_Save_VFP_D
                0x00008e8c                __gnu_Unwind_Restore_VFP_D_16_to_31
                0x00008e94                __gnu_Unwind_Save_VFP_D_16_to_31
                0x00008e9c                __gnu_Unwind_Restore_WMMXD
                0x00008ee0                __gnu_Unwind_Save_WMMXD
                0x00008f24                __gnu_Unwind_Restore_WMMXC
                0x00008f38                __gnu_Unwind_Save_WMMXC
                0x00008f4c                ___Unwind_RaiseException
                0x00008f4c                _Unwind_RaiseException
                0x00008f78                ___Unwind_Resume
                0x00008f78                _Unwind_Resume
                0x00008fa4                _Unwind_Resume_or_Rethrow
                0x00008fa4                ___Unwind_Resume_or_Rethrow
                0x00008fd0                ___Unwind_ForcedUnwind
                0x00008fd0                _Unwind_ForcedUnwind
                0x00008ffc                _Unwind_Backtrace
                0x00008ffc                ___Unwind_Backtrace
 .text.next_unwind_byte
                0x00009028       0x34 /usr/lib/gcc/arm-none-eabi/13.2.0/thumb/nofp/libgcc.a(pr-support.o)
 .text.__gnu_unwind_execute
                0x0000905c      0x282 /usr/lib/gcc/arm-none-eabi/13.2.0/thumb/nofp/libgcc.a(pr-support.o)
                0x0000905c                __gnu_unwind_execute
 *fill*         0x000092de        0x2 
 .text          0x000092e0       0x14 /usr/lib/gcc/arm-none-eabi/13.2.0/thumb/nofp/libgcc.a(_thumb1_case_uqi.o)
                0x000092e0                __gnu_thumb1_case_uqi
 .text.abort    0x000092f4        0xe /usr/lib/gcc/arm-none-eabi/13.2.0/../../../../arm-none-eabi/lib/thumb/nofp/libc_nano.a(libc_a-abort.o)
                0x000092f4                abort
 .text.atexit   0x00009302       0x14 /usr/lib/gcc/arm-none-eabi/13.2.0/../../../../arm-none-eabi/lib/thumb/nofp/libc_nano.a(libc_a-atexit.o)
                0x00009302                atexit
 *fill*         0x00009316        0x2 
 .text.__cxa_atexit
                0x00009318       0x20 /usr/lib/gcc/arm-none-eabi/13.2.0/../../../../arm-none-eabi/lib/thumb/nofp/libc_nano.a(libc_a-cxa_atexit.o)
                0x00009318                __cxa_atexit
 .text.memset   0x00009338       0x10 /usr/lib/gcc/arm-none-eabi/13.2.0/../../../../arm-none-eabi/lib/thumb/nofp/libc_nano.a(libc_a-memset.o)
                0x00009338                memset
 .text._raise_r
                0x00009348       0x5a /usr/lib/gcc/arm-none-eabi/13.2.0/../../../../arm-none-eabi/lib/thumb/nofp/libc_nano.a(libc_a-signal.o)
                0x00009348                _raise_r
 *fill*         0x000093a2        0x2 
 .text.raise    0x000093a4       0x18 /usr/lib/gcc/arm-none-eabi/13.2.0/../../../../arm-none-eabi/lib/thumb/nofp/libc_nano.a(libc_a-signal.o)
                0x000093a4                raise
 .text._kill_r  0x000093bc       0x28 /usr/lib/gcc/arm-none-eabi/13.2.0/../../../../arm-none-eabi/lib/thumb/nofp/libc_nano.a(libc_a-signalr.o)
                0x000093bc                _kill_r
 .text._getpid_r
                0x000093e4        0xc /usr/lib/gcc/arm-none-eabi/13.2.0/../../../../arm-none-eabi/lib/thumb/nofp/libc_nano.a(libc_a-signalr.o)
                0x000093e4                _getpid_r
 .text.__libc_init_array
                0x000093f0       0x54 /usr/lib/gcc/arm-none-eabi/13.2.0/../../../../arm-none-eabi/lib/thumb/nofp/libc_nano.a(libc_a-init.o)
                0x000093f0                __libc_init_array
 .text.__libc_fini_array
                0x00009444       0x30 /usr/lib/gcc/arm-none-eabi/13.2.0/../../../../arm-none-eabi/lib/thumb/nofp/libc_nano.a(libc_a-fini.o)
                0x00009444                __libc_fini_array
 .text.__retarget_lock_acquire_recursive
                0x00009474        0x2 /usr/lib/gcc/arm-none-eabi/13.2.0/../../../../arm-none-eabi/lib/thumb/nofp/libc_nano.a(libc_a-lock.o)
                0x00009474                __retarget_lock_acquire_recursive
 .text.__retarget_lock_release_recursive
                0x00009476        0x2 /usr/lib/gcc/arm-none-eabi/13.2.0/../../../../arm-none-eabi/lib/thumb/nofp/libc_nano.a(libc_a-lock.o)
                0x00009476                __retarget_lock_release_recursive
 .text.memcpy   0x00009478       0x16 /usr/lib/gcc/arm-none-eabi/13.2.0/../../../../arm-none-eabi/lib/thumb/nofp/libc_nano.a(libc_a-memcpy-stub.o)
                0x00009478                memcpy
 *fill*         0x0000948e        0x2 
 .text.__register_exitproc
                0x00009490       0xc4 /usr/lib/gcc/arm-none-eabi/13.2.0/../../../../arm-none-eabi/lib/thumb/nofp/libc_nano.a(libc_a-__atexit.o)
                0x00009490                __register_exitproc
 .text.__call_exitprocs
                0x00009554       0xc8 /usr/lib/gcc/arm-none-eabi/13.2.0/../../../../arm-none-eabi/lib/thumb/nofp/libc_nano.a(libc_a-__call_atexit.o)
                0x00009554                __call_exitprocs
 .text._getpid  0x0000961c       0x10 /usr/lib/gcc/arm-none-eabi/13.2.0/../../../../arm-none-eabi/lib/thumb/nofp/libnosys.a(getpid.o)
                0x0000961c                _getpid
 .text._kill    0x0000962c       0x10 /usr/lib/gcc/arm-none-eabi/13.2.0/../../../../arm-none-eabi/lib/thumb/nofp/libnosys.a(kill.o)
                0x0000962c                _kill
 .text._exit    0x0000963c        0x4 /usr/lib/gcc/arm-none-eabi/13.2.0/../../../../arm-none-eabi/lib/thumb/nofp/libnosys.a(_exit.o)
                0x0000963c                _exit
 .text._exit.__stub
                0x00009640       0x6c linker stubs
 *(.gnu.warning)
 *(.glue_7t)
 .glue_7t       0x000096b0        0x0 linker stubs
 *(.glue_7)
 .glue_7        0x000096b0        0x0 linker stubs
 *(.vfp11_veneer)
 .vfp11_veneer  0x000096b0        0x0 linker stubs
 *(.v4_bx)
 .v4_bx         0x000096b0        0x0 linker stubs

.fini           0x000096b0        0xc
 *(SORT_NONE(.fini))
 .fini          0x000096b0        0x4 /usr/lib/gcc/arm-none-eabi/13.2.0/thumb/nofp/crti.o
                0x000096b0                _fini
 .fini          0x000096b4        0x8 /usr/lib/gcc/arm-none-eabi/13.2.0/thumb/nofp/crtn.o
                [!provide]                        PROVIDE (__etext = .)
                [!provide]                        PROVIDE (_etext = .)
                [!provide]                        PROVIDE (etext = .)

.rodata         0x000096bc        0x4
 *(.rodata .rodata.* .gnu.linkonce.r.*)
 .rodata.__on_exit_args
                0x000096bc        0x4 /usr/lib/gcc/arm-none-eabi/13.2.0/../../../../arm-none-eabi/lib/thumb/nofp/libc_nano.a(libc_a-on_exit_args.o)
                0x000096bc                __on_exit_args

.rodata1
 *(.rodata1)

.ARM.extab      0x000096c0       0x18
 *(.ARM.extab* .gnu.linkonce.armextab.*)
 .ARM.extab.text._ZN5daisy6SystemC2Ev
                0x000096c0        0x0 CMakeFiles/daisy_cpp.dir/main.cpp.o
 .ARM.extab.text._ZN5daisy6SystemD2Ev
                0x000096c0        0x0 CMakeFiles/daisy_cpp.dir/main.cpp.o
 .ARM.extab.text._ZN5daisy10QSPIHandleC2Ev
                0x000096c0        0x0 CMakeFiles/daisy_cpp.dir/main.cpp.o
 .ARM.extab.text._ZN5daisy9DacHandleC2Ev
                0x000096c0        0x0 CMakeFiles/daisy_cpp.dir/main.cpp.o
 .ARM.extab.text._ZN5daisy9SaiHandleC2Ev
                0x000096c0        0x0 CMakeFiles/daisy_cpp.dir/main.cpp.o
 .ARM.extab.text._ZN5daisy11AudioHandleC2Ev
                0x000096c0        0x0 CMakeFiles/daisy_cpp.dir/main.cpp.o
 .ARM.extab.text._ZN5daisy11AudioHandleD2Ev
                0x000096c0        0x0 CMakeFiles/daisy_cpp.dir/main.cpp.o
 .ARM.extab.text._ZN5daisy9AdcHandleC2Ev
                0x000096c0        0x0 CMakeFiles/daisy_cpp.dir/main.cpp.o
 .ARM.extab.text._ZN5daisy9AdcHandleD2Ev
                0x000096c0        0x0 CMakeFiles/daisy_cpp.dir/main.cpp.o
 .ARM.extab.text._ZN5daisy9UsbHandleC2Ev
                0x000096c0        0x0 CMakeFiles/daisy_cpp.dir/main.cpp.o
 .ARM.extab.text._ZN5daisy9UsbHandleD2Ev
                0x000096c0        0x0 CMakeFiles/daisy_cpp.dir/main.cpp.o
 .ARM.extab.text._ZN5daisy9DaisySeedC2Ev
                0x000096c0        0x0 CMakeFiles/daisy_cpp.dir/main.cpp.o
 .ARM.extab.text._ZN5daisy9DaisySeedD2Ev
                0x000096c0        0x0 CMakeFiles/daisy_cpp.dir/main.cpp.o
 .ARM.extab.text._ZN5daisy9DaisySeed8StartLogEb
                0x000096c0        0xc CMakeFiles/daisy_cpp.dir/main.cpp.o
 .ARM.extab     0x000096cc        0xc CMakeFiles/daisy_cpp.dir/main.cpp.o

.ARM.exidx      0x000096d8       0xb0
                0x000096d8                        PROVIDE (__exidx_start = .)
 *(.ARM.exidx* .gnu.linkonce.armexidx.*)
 .ARM.exidx     0x000096d8        0x8 /usr/lib/gcc/arm-none-eabi/13.2.0/../../../../arm-none-eabi/lib/thumb/nofp/crt0.o
                                 0x10 (size before relaxing)
 .ARM.exidx     0x000096e0       0x10 CMakeFiles/daisy_cpp.dir/main.cpp.o
                                 0x18 (size before relaxing)
 .ARM.exidx.text._ZN5daisy6SystemC2Ev
                0x000096f0        0x0 CMakeFiles/daisy_cpp.dir/main.cpp.o
                                  0x8 (size before relaxing)
 .ARM.exidx.text._ZN5daisy6SystemD2Ev
                0x000096f0        0x0 CMakeFiles/daisy_cpp.dir/main.cpp.o
                                  0x8 (size before relaxing)
 .ARM.exidx.text._ZN5daisy10QSPIHandleC2Ev
                0x000096f0        0x0 CMakeFiles/daisy_cpp.dir/main.cpp.o
                                  0x8 (size before relaxing)
 .ARM.exidx.text._ZN5daisy9DacHandleC2Ev
                0x000096f0        0x0 CMakeFiles/daisy_cpp.dir/main.cpp.o
                                  0x8 (size before relaxing)
 .ARM.exidx.text._ZN5daisy9SaiHandleC2Ev
                0x000096f0        0x0 CMakeFiles/daisy_cpp.dir/main.cpp.o
                                  0x8 (size before relaxing)
 .ARM.exidx.text._ZN5daisy11AudioHandleC2Ev
                0x000096f0        0x0 CMakeFiles/daisy_cpp.dir/main.cpp.o
                                  0x8 (size before relaxing)
 .ARM.exidx.text._ZN5daisy11AudioHandleD2Ev
                0x000096f0        0x0 CMakeFiles/daisy_cpp.dir/main.cpp.o
                                  0x8 (size before relaxing)
 .ARM.exidx.text._ZN5daisy9AdcHandleC2Ev
                0x000096f0        0x0 CMakeFiles/daisy_cpp.dir/main.cpp.o
                                  0x8 (size before relaxing)
 .ARM.exidx.text._ZN5daisy9AdcHandleD2Ev
                0x000096f0        0x0 CMakeFiles/daisy_cpp.dir/main.cpp.o
                                  0x8 (size before relaxing)
 .ARM.exidx.text._ZN5daisy9UsbHandleC2Ev
                0x000096f0        0x0 CMakeFiles/daisy_cpp.dir/main.cpp.o
                                  0x8 (size before relaxing)
 .ARM.exidx.text._ZN5daisy9UsbHandleD2Ev
                0x000096f0        0x0 CMakeFiles/daisy_cpp.dir/main.cpp.o
                                  0x8 (size before relaxing)
 .ARM.exidx.text._ZN5daisy9DaisySeedC2Ev
                0x000096f0        0x0 CMakeFiles/daisy_cpp.dir/main.cpp.o
                                  0x8 (size before relaxing)
 .ARM.exidx.text._ZN5daisy9DaisySeedD2Ev
                0x000096f0        0x0 CMakeFiles/daisy_cpp.dir/main.cpp.o
                                  0x8 (size before relaxing)
 .ARM.exidx.text._ZN5daisy9DaisySeed8StartLogEb
                0x000096f0       0x10 CMakeFiles/daisy_cpp.dir/main.cpp.o
                                  0x8 (size before relaxing)
 .ARM.exidx.text.selfrel_offset31
                0x00009700        0x0 /usr/lib/gcc/arm-none-eabi/13.2.0/thumb/nofp/libgcc.a(unwind-arm.o)
                                  0x8 (size before relaxing)
 .ARM.exidx.text.search_EIT_table
                0x00009700        0x0 /usr/lib/gcc/arm-none-eabi/13.2.0/thumb/nofp/libgcc.a(unwind-arm.o)
                                  0x8 (size before relaxing)
 .ARM.exidx.text.__gnu_unwind_get_pr_addr
                0x00009700        0x0 /usr/lib/gcc/arm-none-eabi/13.2.0/thumb/nofp/libgcc.a(unwind-arm.o)
                                  0x8 (size before relaxing)
 .ARM.exidx.text.get_eit_entry
                0x00009700        0x8 /usr/lib/gcc/arm-none-eabi/13.2.0/thumb/nofp/libgcc.a(unwind-arm.o)
 .ARM.exidx.text.restore_non_core_regs
                0x00009708        0x8 /usr/lib/gcc/arm-none-eabi/13.2.0/thumb/nofp/libgcc.a(unwind-arm.o)
 .ARM.exidx.text._Unwind_decode_typeinfo_ptr.constprop.0
                0x00009710        0x8 /usr/lib/gcc/arm-none-eabi/13.2.0/thumb/nofp/libgcc.a(unwind-arm.o)
 .ARM.exidx.text._Unwind_DebugHook
                0x00009718        0x0 /usr/lib/gcc/arm-none-eabi/13.2.0/thumb/nofp/libgcc.a(unwind-arm.o)
                                  0x8 (size before relaxing)
 .ARM.exidx.text.unwind_phase2
                0x00009718        0x8 /usr/lib/gcc/arm-none-eabi/13.2.0/thumb/nofp/libgcc.a(unwind-arm.o)
 .ARM.exidx.text.unwind_phase2_forced
                0x00009720        0x8 /usr/lib/gcc/arm-none-eabi/13.2.0/thumb/nofp/libgcc.a(unwind-arm.o)
 .ARM.exidx.text.__gnu_Unwind_RaiseException
                0x00009728        0x8 /usr/lib/gcc/arm-none-eabi/13.2.0/thumb/nofp/libgcc.a(unwind-arm.o)
 .ARM.exidx.text.__gnu_Unwind_ForcedUnwind
                0x00009730        0x8 /usr/lib/gcc/arm-none-eabi/13.2.0/thumb/nofp/libgcc.a(unwind-arm.o)
 .ARM.exidx.text.__gnu_Unwind_Resume
                0x00009738        0x8 /usr/lib/gcc/arm-none-eabi/13.2.0/thumb/nofp/libgcc.a(unwind-arm.o)
 .ARM.exidx.text.__gnu_Unwind_Resume_or_Rethrow
                0x00009740        0x8 /usr/lib/gcc/arm-none-eabi/13.2.0/thumb/nofp/libgcc.a(unwind-arm.o)
 .ARM.exidx.text._Unwind_VRS_Get
                0x00009748        0x8 /usr/lib/gcc/arm-none-eabi/13.2.0/thumb/nofp/libgcc.a(unwind-arm.o)
 .ARM.exidx.text._Unwind_GetGR
                0x00009750        0x0 /usr/lib/gcc/arm-none-eabi/13.2.0/thumb/nofp/libgcc.a(unwind-arm.o)
                                  0x8 (size before relaxing)
 .ARM.exidx.text._Unwind_VRS_Set
                0x00009750        0x0 /usr/lib/gcc/arm-none-eabi/13.2.0/thumb/nofp/libgcc.a(unwind-arm.o)
                                  0x8 (size before relaxing)
 .ARM.exidx.text._Unwind_SetGR
                0x00009750        0x0 /usr/lib/gcc/arm-none-eabi/13.2.0/thumb/nofp/libgcc.a(unwind-arm.o)
                                  0x8 (size before relaxing)
 .ARM.exidx.text.__gnu_Unwind_Backtrace
                0x00009750        0x8 /usr/lib/gcc/arm-none-eabi/13.2.0/thumb/nofp/libgcc.a(unwind-arm.o)
 .ARM.exidx.text.__gnu_unwind_pr_common
                0x00009758        0x8 /usr/lib/gcc/arm-none-eabi/13.2.0/thumb/nofp/libgcc.a(unwind-arm.o)
 .ARM.exidx.text.__aeabi_unwind_cpp_pr0
                0x00009760        0x8 /usr/lib/gcc/arm-none-eabi/13.2.0/thumb/nofp/libgcc.a(unwind-arm.o)
 .ARM.exidx.text.__aeabi_unwind_cpp_pr1
                0x00009768        0x0 /usr/lib/gcc/arm-none-eabi/13.2.0/thumb/nofp/libgcc.a(unwind-arm.o)
                                  0x8 (size before relaxing)
 .ARM.exidx.text.__aeabi_unwind_cpp_pr2
                0x00009768        0x0 /usr/lib/gcc/arm-none-eabi/13.2.0/thumb/nofp/libgcc.a(unwind-arm.o)
                                  0x8 (size before relaxing)
 .ARM.exidx.text._Unwind_VRS_Pop
                0x00009768       0x10 /usr/lib/gcc/arm-none-eabi/13.2.0/thumb/nofp/libgcc.a(unwind-arm.o)
                                  0x8 (size before relaxing)
 .ARM.exidx.text.next_unwind_byte
                0x00009778        0x0 /usr/lib/gcc/arm-none-eabi/13.2.0/thumb/nofp/libgcc.a(pr-support.o)
                                  0x8 (size before relaxing)
 .ARM.exidx.text.__gnu_unwind_execute
                0x00009778       0x10 /usr/lib/gcc/arm-none-eabi/13.2.0/thumb/nofp/libgcc.a(pr-support.o)
                                  0x8 (size before relaxing)
                0x00009788                        PROVIDE (__exidx_end = .)

.eh_frame_hdr
 *(.eh_frame_hdr)
 *(.eh_frame_entry .eh_frame_entry.*)

.eh_frame       0x00009788        0x4
 *(.eh_frame)
 .eh_frame      0x00009788        0x0 /usr/lib/gcc/arm-none-eabi/13.2.0/thumb/nofp/crtbegin.o
 .eh_frame      0x00009788        0x4 /usr/lib/gcc/arm-none-eabi/13.2.0/thumb/nofp/crtend.o
 *(.eh_frame.*)

.sframe
 *(.sframe)
 *(.sframe.*)

.gcc_except_table
 *(.gcc_except_table .gcc_except_table.*)

.gnu_extab
 *(.gnu_extab*)

.exception_ranges
 *(.exception_ranges*)
                0x0000a78c                        . = (ALIGN (CONSTANT (MAXPAGESIZE)) + (. & (CONSTANT (MAXPAGESIZE) - 0x1)))

.eh_frame
 *(.eh_frame)
 *(.eh_frame.*)

.sframe
 *(.sframe)
 *(.sframe.*)

.gnu_extab
 *(.gnu_extab)

.gcc_except_table
 *(.gcc_except_table .gcc_except_table.*)

.exception_ranges
 *(.exception_ranges*)

.tdata          0x0000a78c        0x0
                [!provide]                        PROVIDE (__tdata_start = .)
 *(.tdata .tdata.* .gnu.linkonce.td.*)

.tbss
 *(.tbss .tbss.* .gnu.linkonce.tb.*)
 *(.tcommon)

.preinit_array  0x0000a78c        0x0
                0x0000a78c                        PROVIDE (__preinit_array_start = .)
 *(.preinit_array)
                0x0000a78c                        PROVIDE (__preinit_array_end = .)

.init_array     0x0000a78c        0x8
                0x0000a78c                        PROVIDE (__init_array_start = .)
 *(SORT_BY_INIT_PRIORITY(.init_array.*) SORT_BY_INIT_PRIORITY(.ctors.*))
 *(.init_array EXCLUDE_FILE(*crtend?.o *crtend.o *crtbegin?.o *crtbegin.o) .ctors)
 .init_array    0x0000a78c        0x4 /usr/lib/gcc/arm-none-eabi/13.2.0/thumb/nofp/crtbegin.o
 .init_array    0x0000a790        0x4 CMakeFiles/daisy_cpp.dir/main.cpp.o
                0x0000a794                        PROVIDE (__init_array_end = .)

.fini_array     0x0000a794        0x4
                0x0000a794                        PROVIDE (__fini_array_start = .)
 *(SORT_BY_INIT_PRIORITY(.fini_array.*) SORT_BY_INIT_PRIORITY(.dtors.*))
 *(.fini_array EXCLUDE_FILE(*crtend?.o *crtend.o *crtbegin?.o *crtbegin.o) .dtors)
 .fini_array    0x0000a794        0x4 /usr/lib/gcc/arm-none-eabi/13.2.0/thumb/nofp/crtbegin.o
                0x0000a798                        PROVIDE (__fini_array_end = .)

.ctors
 *crtbegin.o(.ctors)
 *crtbegin?.o(.ctors)
 *(EXCLUDE_FILE(*crtend?.o *crtend.o) .ctors)
 *(SORT_BY_NAME(.ctors.*))
 *(.ctors)

.dtors
 *crtbegin.o(.dtors)
 *crtbegin?.o(.dtors)
 *(EXCLUDE_FILE(*crtend?.o *crtend.o) .dtors)
 *(SORT_BY_NAME(.dtors.*))
 *(.dtors)

.jcr
 *(.jcr)

.data.rel.ro
 *(.data.rel.ro.local* .gnu.linkonce.d.rel.ro.local.*)
 *(.data.rel.ro .data.rel.ro.* .gnu.linkonce.d.rel.ro.*)

.dynamic
 *(.dynamic)

.got            0x0000a798        0x0
 *(.got.plt)
 *(.igot.plt)
 .igot.plt      0x0000a798        0x0 /usr/lib/gcc/arm-none-eabi/13.2.0/thumb/nofp/crtbegin.o
 *(.got)
 *(.igot)

.data           0x0000a798       0x58
                0x0000a798                        __data_start = .
 *(.data .data.* .gnu.linkonce.d.*)
 .data.__dso_handle
                0x0000a798        0x4 /usr/lib/gcc/arm-none-eabi/13.2.0/thumb/nofp/crtbegin.o
                0x0000a798                __dso_handle
 .data._impure_ptr
                0x0000a79c        0x4 /usr/lib/gcc/arm-none-eabi/13.2.0/../../../../arm-none-eabi/lib/thumb/nofp/libc_nano.a(libc_a-impure.o)
                0x0000a79c                _impure_ptr
 .data._impure_data
                0x0000a7a0       0x4c /usr/lib/gcc/arm-none-eabi/13.2.0/../../../../arm-none-eabi/lib/thumb/nofp/libc_nano.a(libc_a-impure.o)
                0x0000a7a0                _impure_data
 .data.__atexit_recursive_mutex
                0x0000a7ec        0x4 /usr/lib/gcc/arm-none-eabi/13.2.0/../../../../arm-none-eabi/lib/thumb/nofp/libc_nano.a(libc_a-__call_atexit.o)
                0x0000a7ec                __atexit_recursive_mutex

.data1
 *(.data1)
                0x0000a7f0                        _edata = .
                [!provide]                        PROVIDE (edata = .)

.persistent     0x0000a7f0        0x0
                0x0000a7f0                        . = ALIGN (0x4)
                [!provide]                        PROVIDE (__persistent_start = .)
 *(.persistent .persistent.* .gnu.linkonce.p.*)
                0x0000a7f0                        . = ALIGN (0x4)
                [!provide]                        PROVIDE (__persistent_end = .)
                0x0000a7f0                        . = .
                0x0000a7f0                        __bss_start = .
                0x0000a7f0                        __bss_start__ = .

.bss            0x0000a7f0      0x338
 *(.dynbss)
 *(.bss .bss.* .gnu.linkonce.b.*)
 .bss.completed.1
                0x0000a7f0        0x1 /usr/lib/gcc/arm-none-eabi/13.2.0/thumb/nofp/crtbegin.o
 *fill*         0x0000a7f1        0x3 
 .bss.object.0  0x0000a7f4       0x18 /usr/lib/gcc/arm-none-eabi/13.2.0/thumb/nofp/crtbegin.o
 .bss           0x0000a80c       0x40 CMakeFiles/daisy_cpp.dir/main.cpp.o
                0x0000a80c                hw
 .bss.__sf      0x0000a84c      0x138 /usr/lib/gcc/arm-none-eabi/13.2.0/../../../../arm-none-eabi/lib/thumb/nofp/libc_nano.a(libc_a-findfp.o)
                0x0000a84c                __sf
 .bss.__stdio_exit_handler
                0x0000a984        0x4 /usr/lib/gcc/arm-none-eabi/13.2.0/../../../../arm-none-eabi/lib/thumb/nofp/libc_nano.a(libc_a-findfp.o)
                0x0000a984                __stdio_exit_handler
 .bss.errno     0x0000a988        0x4 /usr/lib/gcc/arm-none-eabi/13.2.0/../../../../arm-none-eabi/lib/thumb/nofp/libc_nano.a(libc_a-reent.o)
                0x0000a988                errno
 .bss.__lock___atexit_recursive_mutex
                0x0000a98c        0x1 /usr/lib/gcc/arm-none-eabi/13.2.0/../../../../arm-none-eabi/lib/thumb/nofp/libc_nano.a(libc_a-lock.o)
                0x0000a98c                __lock___atexit_recursive_mutex
 *fill*         0x0000a98d        0x3 
 .bss.__atexit0
                0x0000a990       0x8c /usr/lib/gcc/arm-none-eabi/13.2.0/../../../../arm-none-eabi/lib/thumb/nofp/libc_nano.a(libc_a-__atexit.o)
                0x0000a990                __atexit0
 .bss.__atexit  0x0000aa1c        0x4 /usr/lib/gcc/arm-none-eabi/13.2.0/../../../../arm-none-eabi/lib/thumb/nofp/libc_nano.a(libc_a-__call_atexit.o)
                0x0000aa1c                __atexit
 .bss._on_exit_args_instance
                0x0000aa20      0x108 /usr/lib/gcc/arm-none-eabi/13.2.0/../../../../arm-none-eabi/lib/thumb/nofp/libc_nano.a(libc_a-on_exit_args.o)
 *(COMMON)
                0x0000ab28                        . = ALIGN ((. != 0x0)?0x4:0x1)
                0x0000ab28                        _bss_end__ = .
                0x0000ab28                        __bss_end__ = .

.noinit         0x0000ab28        0x0
                0x0000ab28                        . = ALIGN (0x4)
                [!provide]                        PROVIDE (__noinit_start = .)
 *(.noinit .noinit.* .gnu.linkonce.n.*)
                0x0000ab28                        . = ALIGN (0x4)
                [!provide]                        PROVIDE (__noinit_end = .)
                0x0000ab28                        . = ALIGN (0x4)
                0x0000ab28                        . = SEGMENT_START ("ldata-segment", .)
                0x0000ab28                        . = ALIGN (0x4)
                0x0000ab28                        __end__ = .
                0x0000ab28                        _end = .
                0x0000ab28                        PROVIDE (end = .)

.stack          0x00080000        0x0
                0x00080000                        _stack = .
 *(.stack)

.stab
 *(.stab)

.stabstr
 *(.stabstr)

.stab.excl
 *(.stab.excl)

.stab.exclstr
 *(.stab.exclstr)

.stab.index
 *(.stab.index)

.stab.indexstr
 *(.stab.indexstr)

.comment        0x00000000       0x3c
 *(.comment)
 .comment       0x00000000       0x3c CMakeFiles/daisy_cpp.dir/main.cpp.o
                                 0x1f (size before relaxing)
 .comment       0x0000003c       0x1f /usr/lib/gcc/arm-none-eabi/13.2.0/../../../../arm-none-eabi/lib/thumb/nofp/libstdc++_nano.a(atexit_arm.o)
 .comment       0x0000003c       0x1f /usr/lib/gcc/arm-none-eabi/13.2.0/thumb/nofp/libgcc.a(unwind-arm.o)
 .comment       0x0000003c       0x1f /usr/lib/gcc/arm-none-eabi/13.2.0/thumb/nofp/libgcc.a(pr-support.o)
 .comment       0x0000003c       0x1f /usr/lib/gcc/arm-none-eabi/13.2.0/../../../../arm-none-eabi/lib/thumb/nofp/libc_nano.a(libc_a-abort.o)
 .comment       0x0000003c       0x1f /usr/lib/gcc/arm-none-eabi/13.2.0/../../../../arm-none-eabi/lib/thumb/nofp/libc_nano.a(libc_a-atexit.o)
 .comment       0x0000003c       0x1f /usr/lib/gcc/arm-none-eabi/13.2.0/../../../../arm-none-eabi/lib/thumb/nofp/libc_nano.a(libc_a-exit.o)
 .comment       0x0000003c       0x1f /usr/lib/gcc/arm-none-eabi/13.2.0/../../../../arm-none-eabi/lib/thumb/nofp/libc_nano.a(libc_a-cxa_atexit.o)
 .comment       0x0000003c       0x1f /usr/lib/gcc/arm-none-eabi/13.2.0/../../../../arm-none-eabi/lib/thumb/nofp/libc_nano.a(libc_a-findfp.o)
 .comment       0x0000003c       0x1f /usr/lib/gcc/arm-none-eabi/13.2.0/../../../../arm-none-eabi/lib/thumb/nofp/libc_nano.a(libc_a-memset.o)
 .comment       0x0000003c       0x1f /usr/lib/gcc/arm-none-eabi/13.2.0/../../../../arm-none-eabi/lib/thumb/nofp/libc_nano.a(libc_a-signal.o)
 .comment       0x0000003c       0x1f /usr/lib/gcc/arm-none-eabi/13.2.0/../../../../arm-none-eabi/lib/thumb/nofp/libc_nano.a(libc_a-reent.o)
 .comment       0x0000003c       0x1f /usr/lib/gcc/arm-none-eabi/13.2.0/../../../../arm-none-eabi/lib/thumb/nofp/libc_nano.a(libc_a-impure.o)
 .comment       0x0000003c       0x1f /usr/lib/gcc/arm-none-eabi/13.2.0/../../../../arm-none-eabi/lib/thumb/nofp/libc_nano.a(libc_a-signalr.o)
 .comment       0x0000003c       0x1f /usr/lib/gcc/arm-none-eabi/13.2.0/../../../../arm-none-eabi/lib/thumb/nofp/libc_nano.a(libc_a-init.o)
 .comment       0x0000003c       0x1f /usr/lib/gcc/arm-none-eabi/13.2.0/../../../../arm-none-eabi/lib/thumb/nofp/libc_nano.a(libc_a-fini.o)
 .comment       0x0000003c       0x1f /usr/lib/gcc/arm-none-eabi/13.2.0/../../../../arm-none-eabi/lib/thumb/nofp/libc_nano.a(libc_a-lock.o)
 .comment       0x0000003c       0x1f /usr/lib/gcc/arm-none-eabi/13.2.0/../../../../arm-none-eabi/lib/thumb/nofp/libc_nano.a(libc_a-memcpy-stub.o)
 .comment       0x0000003c       0x1f /usr/lib/gcc/arm-none-eabi/13.2.0/../../../../arm-none-eabi/lib/thumb/nofp/libc_nano.a(libc_a-__atexit.o)
 .comment       0x0000003c       0x1f /usr/lib/gcc/arm-none-eabi/13.2.0/../../../../arm-none-eabi/lib/thumb/nofp/libc_nano.a(libc_a-__call_atexit.o)
 .comment       0x0000003c       0x1f /usr/lib/gcc/arm-none-eabi/13.2.0/../../../../arm-none-eabi/lib/thumb/nofp/libc_nano.a(libc_a-on_exit_args.o)

.gnu.build.attributes
 *(.gnu.build.attributes .gnu.build.attributes.*)

.debug
 *(.debug)

.line
 *(.line)

.debug_srcinfo
 *(.debug_srcinfo)

.debug_sfnames
 *(.debug_sfnames)

.debug_aranges  0x00000000      0x4a0
 *(.debug_aranges)
 .debug_aranges
                0x00000000       0x20 /usr/lib/gcc/arm-none-eabi/13.2.0/../../../../arm-none-eabi/lib/thumb/nofp/libstdc++_nano.a(atexit_arm.o)
 .debug_aranges
                0x00000020       0xf0 /usr/lib/gcc/arm-none-eabi/13.2.0/thumb/nofp/libgcc.a(unwind-arm.o)
 .debug_aranges
                0x00000110       0x20 /usr/lib/gcc/arm-none-eabi/13.2.0/thumb/nofp/libgcc.a(libunwind.o)
 .debug_aranges
                0x00000130       0x60 /usr/lib/gcc/arm-none-eabi/13.2.0/thumb/nofp/libgcc.a(pr-support.o)
 .debug_aranges
                0x00000190       0x20 /usr/lib/gcc/arm-none-eabi/13.2.0/thumb/nofp/libgcc.a(_thumb1_case_uqi.o)
 .debug_aranges
                0x000001b0       0x20 /usr/lib/gcc/arm-none-eabi/13.2.0/../../../../arm-none-eabi/lib/thumb/nofp/libc_nano.a(libc_a-abort.o)
 .debug_aranges
                0x000001d0       0x20 /usr/lib/gcc/arm-none-eabi/13.2.0/../../../../arm-none-eabi/lib/thumb/nofp/libc_nano.a(libc_a-atexit.o)
 .debug_aranges
                0x000001f0       0x20 /usr/lib/gcc/arm-none-eabi/13.2.0/../../../../arm-none-eabi/lib/thumb/nofp/libc_nano.a(libc_a-exit.o)
 .debug_aranges
                0x00000210       0x20 /usr/lib/gcc/arm-none-eabi/13.2.0/../../../../arm-none-eabi/lib/thumb/nofp/libc_nano.a(libc_a-cxa_atexit.o)
 .debug_aranges
                0x00000230       0x78 /usr/lib/gcc/arm-none-eabi/13.2.0/../../../../arm-none-eabi/lib/thumb/nofp/libc_nano.a(libc_a-findfp.o)
 .debug_aranges
                0x000002a8       0x20 /usr/lib/gcc/arm-none-eabi/13.2.0/../../../../arm-none-eabi/lib/thumb/nofp/libc_nano.a(libc_a-memset.o)
 .debug_aranges
                0x000002c8       0x58 /usr/lib/gcc/arm-none-eabi/13.2.0/../../../../arm-none-eabi/lib/thumb/nofp/libc_nano.a(libc_a-signal.o)
 .debug_aranges
                0x00000320       0x20 /usr/lib/gcc/arm-none-eabi/13.2.0/../../../../arm-none-eabi/lib/thumb/nofp/libc_nano.a(libc_a-reent.o)
 .debug_aranges
                0x00000340       0x18 /usr/lib/gcc/arm-none-eabi/13.2.0/../../../../arm-none-eabi/lib/thumb/nofp/libc_nano.a(libc_a-impure.o)
 .debug_aranges
                0x00000358       0x28 /usr/lib/gcc/arm-none-eabi/13.2.0/../../../../arm-none-eabi/lib/thumb/nofp/libc_nano.a(libc_a-signalr.o)
 .debug_aranges
                0x00000380       0x20 /usr/lib/gcc/arm-none-eabi/13.2.0/../../../../arm-none-eabi/lib/thumb/nofp/libc_nano.a(libc_a-init.o)
 .debug_aranges
                0x000003a0       0x20 /usr/lib/gcc/arm-none-eabi/13.2.0/../../../../arm-none-eabi/lib/thumb/nofp/libc_nano.a(libc_a-fini.o)
 .debug_aranges
                0x000003c0       0x68 /usr/lib/gcc/arm-none-eabi/13.2.0/../../../../arm-none-eabi/lib/thumb/nofp/libc_nano.a(libc_a-lock.o)
 .debug_aranges
                0x00000428       0x20 /usr/lib/gcc/arm-none-eabi/13.2.0/../../../../arm-none-eabi/lib/thumb/nofp/libc_nano.a(libc_a-memcpy-stub.o)
 .debug_aranges
                0x00000448       0x20 /usr/lib/gcc/arm-none-eabi/13.2.0/../../../../arm-none-eabi/lib/thumb/nofp/libc_nano.a(libc_a-__atexit.o)
 .debug_aranges
                0x00000468       0x20 /usr/lib/gcc/arm-none-eabi/13.2.0/../../../../arm-none-eabi/lib/thumb/nofp/libc_nano.a(libc_a-__call_atexit.o)
 .debug_aranges
                0x00000488       0x18 /usr/lib/gcc/arm-none-eabi/13.2.0/../../../../arm-none-eabi/lib/thumb/nofp/libc_nano.a(libc_a-on_exit_args.o)

.debug_pubnames
 *(.debug_pubnames)

.debug_info     0x00000000     0x6d3a
 *(.debug_info .gnu.linkonce.wi.*)
 .debug_info    0x00000000      0x14c /usr/lib/gcc/arm-none-eabi/13.2.0/../../../../arm-none-eabi/lib/thumb/nofp/libstdc++_nano.a(atexit_arm.o)
 .debug_info    0x0000014c     0x1f32 /usr/lib/gcc/arm-none-eabi/13.2.0/thumb/nofp/libgcc.a(unwind-arm.o)
 .debug_info    0x0000207e       0xb7 /usr/lib/gcc/arm-none-eabi/13.2.0/thumb/nofp/libgcc.a(libunwind.o)
 .debug_info    0x00002135      0x963 /usr/lib/gcc/arm-none-eabi/13.2.0/thumb/nofp/libgcc.a(pr-support.o)
 .debug_info    0x00002a98       0x31 /usr/lib/gcc/arm-none-eabi/13.2.0/thumb/nofp/libgcc.a(_thumb1_case_uqi.o)
 .debug_info    0x00002ac9       0xd8 /usr/lib/gcc/arm-none-eabi/13.2.0/../../../../arm-none-eabi/lib/thumb/nofp/libc_nano.a(libc_a-abort.o)
 .debug_info    0x00002ba1      0x118 /usr/lib/gcc/arm-none-eabi/13.2.0/../../../../arm-none-eabi/lib/thumb/nofp/libc_nano.a(libc_a-atexit.o)
 .debug_info    0x00002cb9      0x11b /usr/lib/gcc/arm-none-eabi/13.2.0/../../../../arm-none-eabi/lib/thumb/nofp/libc_nano.a(libc_a-exit.o)
 .debug_info    0x00002dd4      0x1fe /usr/lib/gcc/arm-none-eabi/13.2.0/../../../../arm-none-eabi/lib/thumb/nofp/libc_nano.a(libc_a-cxa_atexit.o)
 .debug_info    0x00002fd2      0xfb0 /usr/lib/gcc/arm-none-eabi/13.2.0/../../../../arm-none-eabi/lib/thumb/nofp/libc_nano.a(libc_a-findfp.o)
 .debug_info    0x00003f82       0xe0 /usr/lib/gcc/arm-none-eabi/13.2.0/../../../../arm-none-eabi/lib/thumb/nofp/libc_nano.a(libc_a-memset.o)
 .debug_info    0x00004062      0x9f1 /usr/lib/gcc/arm-none-eabi/13.2.0/../../../../arm-none-eabi/lib/thumb/nofp/libc_nano.a(libc_a-signal.o)
 .debug_info    0x00004a53      0x854 /usr/lib/gcc/arm-none-eabi/13.2.0/../../../../arm-none-eabi/lib/thumb/nofp/libc_nano.a(libc_a-reent.o)
 .debug_info    0x000052a7      0x715 /usr/lib/gcc/arm-none-eabi/13.2.0/../../../../arm-none-eabi/lib/thumb/nofp/libc_nano.a(libc_a-impure.o)
 .debug_info    0x000059bc      0x7e1 /usr/lib/gcc/arm-none-eabi/13.2.0/../../../../arm-none-eabi/lib/thumb/nofp/libc_nano.a(libc_a-signalr.o)
 .debug_info    0x0000619d      0x10b /usr/lib/gcc/arm-none-eabi/13.2.0/../../../../arm-none-eabi/lib/thumb/nofp/libc_nano.a(libc_a-init.o)
 .debug_info    0x000062a8       0xf7 /usr/lib/gcc/arm-none-eabi/13.2.0/../../../../arm-none-eabi/lib/thumb/nofp/libc_nano.a(libc_a-fini.o)
 .debug_info    0x0000639f      0x20a /usr/lib/gcc/arm-none-eabi/13.2.0/../../../../arm-none-eabi/lib/thumb/nofp/libc_nano.a(libc_a-lock.o)
 .debug_info    0x000065a9      0x11b /usr/lib/gcc/arm-none-eabi/13.2.0/../../../../arm-none-eabi/lib/thumb/nofp/libc_nano.a(libc_a-memcpy-stub.o)
 .debug_info    0x000066c4      0x2e7 /usr/lib/gcc/arm-none-eabi/13.2.0/../../../../arm-none-eabi/lib/thumb/nofp/libc_nano.a(libc_a-__atexit.o)
 .debug_info    0x000069ab      0x290 /usr/lib/gcc/arm-none-eabi/13.2.0/../../../../arm-none-eabi/lib/thumb/nofp/libc_nano.a(libc_a-__call_atexit.o)
 .debug_info    0x00006c3b       0xff /usr/lib/gcc/arm-none-eabi/13.2.0/../../../../arm-none-eabi/lib/thumb/nofp/libc_nano.a(libc_a-on_exit_args.o)

.debug_abbrev   0x00000000     0x1fab
 *(.debug_abbrev)
 .debug_abbrev  0x00000000       0xb8 /usr/lib/gcc/arm-none-eabi/13.2.0/../../../../arm-none-eabi/lib/thumb/nofp/libstdc++_nano.a(atexit_arm.o)
 .debug_abbrev  0x000000b8      0x47b /usr/lib/gcc/arm-none-eabi/13.2.0/thumb/nofp/libgcc.a(unwind-arm.o)
 .debug_abbrev  0x00000533       0x28 /usr/lib/gcc/arm-none-eabi/13.2.0/thumb/nofp/libgcc.a(libunwind.o)
 .debug_abbrev  0x0000055b      0x2e4 /usr/lib/gcc/arm-none-eabi/13.2.0/thumb/nofp/libgcc.a(pr-support.o)
 .debug_abbrev  0x0000083f       0x28 /usr/lib/gcc/arm-none-eabi/13.2.0/thumb/nofp/libgcc.a(_thumb1_case_uqi.o)
 .debug_abbrev  0x00000867       0x99 /usr/lib/gcc/arm-none-eabi/13.2.0/../../../../arm-none-eabi/lib/thumb/nofp/libc_nano.a(libc_a-abort.o)
 .debug_abbrev  0x00000900       0xbe /usr/lib/gcc/arm-none-eabi/13.2.0/../../../../arm-none-eabi/lib/thumb/nofp/libc_nano.a(libc_a-atexit.o)
 .debug_abbrev  0x000009be       0xd8 /usr/lib/gcc/arm-none-eabi/13.2.0/../../../../arm-none-eabi/lib/thumb/nofp/libc_nano.a(libc_a-exit.o)
 .debug_abbrev  0x00000a96      0x157 /usr/lib/gcc/arm-none-eabi/13.2.0/../../../../arm-none-eabi/lib/thumb/nofp/libc_nano.a(libc_a-cxa_atexit.o)
 .debug_abbrev  0x00000bed      0x405 /usr/lib/gcc/arm-none-eabi/13.2.0/../../../../arm-none-eabi/lib/thumb/nofp/libc_nano.a(libc_a-findfp.o)
 .debug_abbrev  0x00000ff2       0x9e /usr/lib/gcc/arm-none-eabi/13.2.0/../../../../arm-none-eabi/lib/thumb/nofp/libc_nano.a(libc_a-memset.o)
 .debug_abbrev  0x00001090      0x231 /usr/lib/gcc/arm-none-eabi/13.2.0/../../../../arm-none-eabi/lib/thumb/nofp/libc_nano.a(libc_a-signal.o)
 .debug_abbrev  0x000012c1      0x1ea /usr/lib/gcc/arm-none-eabi/13.2.0/../../../../arm-none-eabi/lib/thumb/nofp/libc_nano.a(libc_a-reent.o)
 .debug_abbrev  0x000014ab      0x149 /usr/lib/gcc/arm-none-eabi/13.2.0/../../../../arm-none-eabi/lib/thumb/nofp/libc_nano.a(libc_a-impure.o)
 .debug_abbrev  0x000015f4      0x1ed /usr/lib/gcc/arm-none-eabi/13.2.0/../../../../arm-none-eabi/lib/thumb/nofp/libc_nano.a(libc_a-signalr.o)
 .debug_abbrev  0x000017e1       0xc9 /usr/lib/gcc/arm-none-eabi/13.2.0/../../../../arm-none-eabi/lib/thumb/nofp/libc_nano.a(libc_a-init.o)
 .debug_abbrev  0x000018aa       0xc9 /usr/lib/gcc/arm-none-eabi/13.2.0/../../../../arm-none-eabi/lib/thumb/nofp/libc_nano.a(libc_a-fini.o)
 .debug_abbrev  0x00001973      0x115 /usr/lib/gcc/arm-none-eabi/13.2.0/../../../../arm-none-eabi/lib/thumb/nofp/libc_nano.a(libc_a-lock.o)
 .debug_abbrev  0x00001a88       0xc1 /usr/lib/gcc/arm-none-eabi/13.2.0/../../../../arm-none-eabi/lib/thumb/nofp/libc_nano.a(libc_a-memcpy-stub.o)
 .debug_abbrev  0x00001b49      0x1e9 /usr/lib/gcc/arm-none-eabi/13.2.0/../../../../arm-none-eabi/lib/thumb/nofp/libc_nano.a(libc_a-__atexit.o)
 .debug_abbrev  0x00001d32      0x1c1 /usr/lib/gcc/arm-none-eabi/13.2.0/../../../../arm-none-eabi/lib/thumb/nofp/libc_nano.a(libc_a-__call_atexit.o)
 .debug_abbrev  0x00001ef3       0xb8 /usr/lib/gcc/arm-none-eabi/13.2.0/../../../../arm-none-eabi/lib/thumb/nofp/libc_nano.a(libc_a-on_exit_args.o)

.debug_line     0x00000000     0x37c7
 *(.debug_line .debug_line.* .debug_line_end)
 .debug_line    0x00000000      0x11a /usr/lib/gcc/arm-none-eabi/13.2.0/../../../../arm-none-eabi/lib/thumb/nofp/libstdc++_nano.a(atexit_arm.o)
 .debug_line    0x0000011a     0x112c /usr/lib/gcc/arm-none-eabi/13.2.0/thumb/nofp/libgcc.a(unwind-arm.o)
 .debug_line    0x00001246       0x97 /usr/lib/gcc/arm-none-eabi/13.2.0/thumb/nofp/libgcc.a(libunwind.o)
 .debug_line    0x000012dd      0x572 /usr/lib/gcc/arm-none-eabi/13.2.0/thumb/nofp/libgcc.a(pr-support.o)
 .debug_line    0x0000184f       0x52 /usr/lib/gcc/arm-none-eabi/13.2.0/thumb/nofp/libgcc.a(_thumb1_case_uqi.o)
 .debug_line    0x000018a1      0x13e /usr/lib/gcc/arm-none-eabi/13.2.0/../../../../arm-none-eabi/lib/thumb/nofp/libc_nano.a(libc_a-abort.o)
 .debug_line    0x000019df       0xe7 /usr/lib/gcc/arm-none-eabi/13.2.0/../../../../arm-none-eabi/lib/thumb/nofp/libc_nano.a(libc_a-atexit.o)
 .debug_line    0x00001ac6      0x154 /usr/lib/gcc/arm-none-eabi/13.2.0/../../../../arm-none-eabi/lib/thumb/nofp/libc_nano.a(libc_a-exit.o)
 .debug_line    0x00001c1a      0x111 /usr/lib/gcc/arm-none-eabi/13.2.0/../../../../arm-none-eabi/lib/thumb/nofp/libc_nano.a(libc_a-cxa_atexit.o)
 .debug_line    0x00001d2b      0x5aa /usr/lib/gcc/arm-none-eabi/13.2.0/../../../../arm-none-eabi/lib/thumb/nofp/libc_nano.a(libc_a-findfp.o)
 .debug_line    0x000022d5      0x11a /usr/lib/gcc/arm-none-eabi/13.2.0/../../../../arm-none-eabi/lib/thumb/nofp/libc_nano.a(libc_a-memset.o)
 .debug_line    0x000023ef      0x3fc /usr/lib/gcc/arm-none-eabi/13.2.0/../../../../arm-none-eabi/lib/thumb/nofp/libc_nano.a(libc_a-signal.o)
 .debug_line    0x000027eb      0x266 /usr/lib/gcc/arm-none-eabi/13.2.0/../../../../arm-none-eabi/lib/thumb/nofp/libc_nano.a(libc_a-reent.o)
 .debug_line    0x00002a51      0x105 /usr/lib/gcc/arm-none-eabi/13.2.0/../../../../arm-none-eabi/lib/thumb/nofp/libc_nano.a(libc_a-impure.o)
 .debug_line    0x00002b56      0x1f3 /usr/lib/gcc/arm-none-eabi/13.2.0/../../../../arm-none-eabi/lib/thumb/nofp/libc_nano.a(libc_a-signalr.o)
 .debug_line    0x00002d49      0x12e /usr/lib/gcc/arm-none-eabi/13.2.0/../../../../arm-none-eabi/lib/thumb/nofp/libc_nano.a(libc_a-init.o)
 .debug_line    0x00002e77       0xf4 /usr/lib/gcc/arm-none-eabi/13.2.0/../../../../arm-none-eabi/lib/thumb/nofp/libc_nano.a(libc_a-fini.o)
 .debug_line    0x00002f6b      0x17a /usr/lib/gcc/arm-none-eabi/13.2.0/../../../../arm-none-eabi/lib/thumb/nofp/libc_nano.a(libc_a-lock.o)
 .debug_line    0x000030e5      0x18a /usr/lib/gcc/arm-none-eabi/13.2.0/../../../../arm-none-eabi/lib/thumb/nofp/libc_nano.a(libc_a-memcpy-stub.o)
 .debug_line    0x0000326f      0x263 /usr/lib/gcc/arm-none-eabi/13.2.0/../../../../arm-none-eabi/lib/thumb/nofp/libc_nano.a(libc_a-__atexit.o)
 .debug_line    0x000034d2      0x235 /usr/lib/gcc/arm-none-eabi/13.2.0/../../../../arm-none-eabi/lib/thumb/nofp/libc_nano.a(libc_a-__call_atexit.o)
 .debug_line    0x00003707       0xc0 /usr/lib/gcc/arm-none-eabi/13.2.0/../../../../arm-none-eabi/lib/thumb/nofp/libc_nano.a(libc_a-on_exit_args.o)

.debug_frame    0x00000000      0x910
 *(.debug_frame)
 .debug_frame   0x00000000       0x28 /usr/lib/gcc/arm-none-eabi/13.2.0/../../../../arm-none-eabi/lib/thumb/nofp/libstdc++_nano.a(atexit_arm.o)
 .debug_frame   0x00000028      0x2b8 /usr/lib/gcc/arm-none-eabi/13.2.0/thumb/nofp/libgcc.a(unwind-arm.o)
 .debug_frame   0x000002e0       0xf8 /usr/lib/gcc/arm-none-eabi/13.2.0/thumb/nofp/libgcc.a(pr-support.o)
 .debug_frame   0x000003d8       0x28 /usr/lib/gcc/arm-none-eabi/13.2.0/../../../../arm-none-eabi/lib/thumb/nofp/libc_nano.a(libc_a-abort.o)
 .debug_frame   0x00000400       0x28 /usr/lib/gcc/arm-none-eabi/13.2.0/../../../../arm-none-eabi/lib/thumb/nofp/libc_nano.a(libc_a-atexit.o)
 .debug_frame   0x00000428       0x28 /usr/lib/gcc/arm-none-eabi/13.2.0/../../../../arm-none-eabi/lib/thumb/nofp/libc_nano.a(libc_a-exit.o)
 .debug_frame   0x00000450       0x28 /usr/lib/gcc/arm-none-eabi/13.2.0/../../../../arm-none-eabi/lib/thumb/nofp/libc_nano.a(libc_a-cxa_atexit.o)
 .debug_frame   0x00000478      0x138 /usr/lib/gcc/arm-none-eabi/13.2.0/../../../../arm-none-eabi/lib/thumb/nofp/libc_nano.a(libc_a-findfp.o)
 .debug_frame   0x000005b0       0x20 /usr/lib/gcc/arm-none-eabi/13.2.0/../../../../arm-none-eabi/lib/thumb/nofp/libc_nano.a(libc_a-memset.o)
 .debug_frame   0x000005d0       0xe0 /usr/lib/gcc/arm-none-eabi/13.2.0/../../../../arm-none-eabi/lib/thumb/nofp/libc_nano.a(libc_a-signal.o)
 .debug_frame   0x000006b0       0x2c /usr/lib/gcc/arm-none-eabi/13.2.0/../../../../arm-none-eabi/lib/thumb/nofp/libc_nano.a(libc_a-reent.o)
 .debug_frame   0x000006dc       0x44 /usr/lib/gcc/arm-none-eabi/13.2.0/../../../../arm-none-eabi/lib/thumb/nofp/libc_nano.a(libc_a-signalr.o)
 .debug_frame   0x00000720       0x2c /usr/lib/gcc/arm-none-eabi/13.2.0/../../../../arm-none-eabi/lib/thumb/nofp/libc_nano.a(libc_a-init.o)
 .debug_frame   0x0000074c       0x2c /usr/lib/gcc/arm-none-eabi/13.2.0/../../../../arm-none-eabi/lib/thumb/nofp/libc_nano.a(libc_a-fini.o)
 .debug_frame   0x00000778       0xb0 /usr/lib/gcc/arm-none-eabi/13.2.0/../../../../arm-none-eabi/lib/thumb/nofp/libc_nano.a(libc_a-lock.o)
 .debug_frame   0x00000828       0x28 /usr/lib/gcc/arm-none-eabi/13.2.0/../../../../arm-none-eabi/lib/thumb/nofp/libc_nano.a(libc_a-memcpy-stub.o)
 .debug_frame   0x00000850       0x30 /usr/lib/gcc/arm-none-eabi/13.2.0/../../../../arm-none-eabi/lib/thumb/nofp/libc_nano.a(libc_a-__atexit.o)
 .debug_frame   0x00000880       0x30 /usr/lib/gcc/arm-none-eabi/13.2.0/../../../../arm-none-eabi/lib/thumb/nofp/libc_nano.a(libc_a-__call_atexit.o)
 .debug_frame   0x000008b0       0x20 /usr/lib/gcc/arm-none-eabi/13.2.0/../../../../arm-none-eabi/lib/thumb/nofp/libnosys.a(getpid.o)
 .debug_frame   0x000008d0       0x20 /usr/lib/gcc/arm-none-eabi/13.2.0/../../../../arm-none-eabi/lib/thumb/nofp/libnosys.a(kill.o)
 .debug_frame   0x000008f0       0x20 /usr/lib/gcc/arm-none-eabi/13.2.0/../../../../arm-none-eabi/lib/thumb/nofp/libnosys.a(_exit.o)

.debug_str      0x00000000     0x1e16
 *(.debug_str)
 .debug_str     0x00000000     0x1e16 /usr/lib/gcc/arm-none-eabi/13.2.0/../../../../arm-none-eabi/lib/thumb/nofp/libstdc++_nano.a(atexit_arm.o)
                                0x22a (size before relaxing)
 .debug_str     0x00001e16      0xc98 /usr/lib/gcc/arm-none-eabi/13.2.0/thumb/nofp/libgcc.a(unwind-arm.o)
 .debug_str     0x00001e16      0x197 /usr/lib/gcc/arm-none-eabi/13.2.0/thumb/nofp/libgcc.a(libunwind.o)
 .debug_str     0x00001e16      0x5c2 /usr/lib/gcc/arm-none-eabi/13.2.0/thumb/nofp/libgcc.a(pr-support.o)
 .debug_str     0x00001e16       0xaf /usr/lib/gcc/arm-none-eabi/13.2.0/thumb/nofp/libgcc.a(_thumb1_case_uqi.o)
 .debug_str     0x00001e16      0x1c0 /usr/lib/gcc/arm-none-eabi/13.2.0/../../../../arm-none-eabi/lib/thumb/nofp/libc_nano.a(libc_a-abort.o)
 .debug_str     0x00001e16      0x1fa /usr/lib/gcc/arm-none-eabi/13.2.0/../../../../arm-none-eabi/lib/thumb/nofp/libc_nano.a(libc_a-atexit.o)
 .debug_str     0x00001e16      0x1e3 /usr/lib/gcc/arm-none-eabi/13.2.0/../../../../arm-none-eabi/lib/thumb/nofp/libc_nano.a(libc_a-exit.o)
 .debug_str     0x00001e16      0x261 /usr/lib/gcc/arm-none-eabi/13.2.0/../../../../arm-none-eabi/lib/thumb/nofp/libc_nano.a(libc_a-cxa_atexit.o)
 .debug_str     0x00001e16      0x760 /usr/lib/gcc/arm-none-eabi/13.2.0/../../../../arm-none-eabi/lib/thumb/nofp/libc_nano.a(libc_a-findfp.o)
 .debug_str     0x00001e16      0x1bd /usr/lib/gcc/arm-none-eabi/13.2.0/../../../../arm-none-eabi/lib/thumb/nofp/libc_nano.a(libc_a-memset.o)
 .debug_str     0x00001e16      0x564 /usr/lib/gcc/arm-none-eabi/13.2.0/../../../../arm-none-eabi/lib/thumb/nofp/libc_nano.a(libc_a-signal.o)
 .debug_str     0x00001e16      0x4fc /usr/lib/gcc/arm-none-eabi/13.2.0/../../../../arm-none-eabi/lib/thumb/nofp/libc_nano.a(libc_a-reent.o)
 .debug_str     0x00001e16      0x4dd /usr/lib/gcc/arm-none-eabi/13.2.0/../../../../arm-none-eabi/lib/thumb/nofp/libc_nano.a(libc_a-impure.o)
 .debug_str     0x00001e16      0x4f9 /usr/lib/gcc/arm-none-eabi/13.2.0/../../../../arm-none-eabi/lib/thumb/nofp/libc_nano.a(libc_a-signalr.o)
 .debug_str     0x00001e16      0x21e /usr/lib/gcc/arm-none-eabi/13.2.0/../../../../arm-none-eabi/lib/thumb/nofp/libc_nano.a(libc_a-init.o)
 .debug_str     0x00001e16      0x1f4 /usr/lib/gcc/arm-none-eabi/13.2.0/../../../../arm-none-eabi/lib/thumb/nofp/libc_nano.a(libc_a-fini.o)
 .debug_str     0x00001e16      0x330 /usr/lib/gcc/arm-none-eabi/13.2.0/../../../../arm-none-eabi/lib/thumb/nofp/libc_nano.a(libc_a-lock.o)
 .debug_str     0x00001e16      0x1db /usr/lib/gcc/arm-none-eabi/13.2.0/../../../../arm-none-eabi/lib/thumb/nofp/libc_nano.a(libc_a-memcpy-stub.o)
 .debug_str     0x00001e16      0x320 /usr/lib/gcc/arm-none-eabi/13.2.0/../../../../arm-none-eabi/lib/thumb/nofp/libc_nano.a(libc_a-__atexit.o)
 .debug_str     0x00001e16      0x2d9 /usr/lib/gcc/arm-none-eabi/13.2.0/../../../../arm-none-eabi/lib/thumb/nofp/libc_nano.a(libc_a-__call_atexit.o)
 .debug_str     0x00001e16      0x216 /usr/lib/gcc/arm-none-eabi/13.2.0/../../../../arm-none-eabi/lib/thumb/nofp/libc_nano.a(libc_a-on_exit_args.o)

.debug_loc
 *(.debug_loc)

.debug_macinfo
 *(.debug_macinfo)

.debug_weaknames
 *(.debug_weaknames)

.debug_funcnames
 *(.debug_funcnames)

.debug_typenames
 *(.debug_typenames)

.debug_varnames
 *(.debug_varnames)

.debug_pubtypes
 *(.debug_pubtypes)

.debug_ranges
 *(.debug_ranges)

.debug_addr
 *(.debug_addr)

.debug_line_str
                0x00000000      0x121
 *(.debug_line_str)
 .debug_line_str
                0x00000000      0x121 /usr/lib/gcc/arm-none-eabi/13.2.0/../../../../arm-none-eabi/lib/thumb/nofp/crt0.o
                                 0x88 (size before relaxing)
 .debug_line_str
                0x00000121       0x8d /usr/lib/gcc/arm-none-eabi/13.2.0/thumb/nofp/libgcc.a(libunwind.o)
 .debug_line_str
                0x00000121       0x8d /usr/lib/gcc/arm-none-eabi/13.2.0/thumb/nofp/libgcc.a(_thumb1_case_uqi.o)

.debug_loclists
                0x00000000     0x2283
 *(.debug_loclists)
 .debug_loclists
                0x00000000       0x71 /usr/lib/gcc/arm-none-eabi/13.2.0/../../../../arm-none-eabi/lib/thumb/nofp/libstdc++_nano.a(atexit_arm.o)
 .debug_loclists
                0x00000071     0x13bf /usr/lib/gcc/arm-none-eabi/13.2.0/thumb/nofp/libgcc.a(unwind-arm.o)
 .debug_loclists
                0x00001430      0x42c /usr/lib/gcc/arm-none-eabi/13.2.0/thumb/nofp/libgcc.a(pr-support.o)
 .debug_loclists
                0x0000185c       0x2a /usr/lib/gcc/arm-none-eabi/13.2.0/../../../../arm-none-eabi/lib/thumb/nofp/libc_nano.a(libc_a-atexit.o)
 .debug_loclists
                0x00001886       0x20 /usr/lib/gcc/arm-none-eabi/13.2.0/../../../../arm-none-eabi/lib/thumb/nofp/libc_nano.a(libc_a-exit.o)
 .debug_loclists
                0x000018a6       0x66 /usr/lib/gcc/arm-none-eabi/13.2.0/../../../../arm-none-eabi/lib/thumb/nofp/libc_nano.a(libc_a-cxa_atexit.o)
 .debug_loclists
                0x0000190c      0x275 /usr/lib/gcc/arm-none-eabi/13.2.0/../../../../arm-none-eabi/lib/thumb/nofp/libc_nano.a(libc_a-findfp.o)
 .debug_loclists
                0x00001b81       0x6e /usr/lib/gcc/arm-none-eabi/13.2.0/../../../../arm-none-eabi/lib/thumb/nofp/libc_nano.a(libc_a-memset.o)
 .debug_loclists
                0x00001bef      0x281 /usr/lib/gcc/arm-none-eabi/13.2.0/../../../../arm-none-eabi/lib/thumb/nofp/libc_nano.a(libc_a-signal.o)
 .debug_loclists
                0x00001e70       0x60 /usr/lib/gcc/arm-none-eabi/13.2.0/../../../../arm-none-eabi/lib/thumb/nofp/libc_nano.a(libc_a-reent.o)
 .debug_loclists
                0x00001ed0       0x8c /usr/lib/gcc/arm-none-eabi/13.2.0/../../../../arm-none-eabi/lib/thumb/nofp/libc_nano.a(libc_a-signalr.o)
 .debug_loclists
                0x00001f5c       0x42 /usr/lib/gcc/arm-none-eabi/13.2.0/../../../../arm-none-eabi/lib/thumb/nofp/libc_nano.a(libc_a-init.o)
 .debug_loclists
                0x00001f9e       0x3b /usr/lib/gcc/arm-none-eabi/13.2.0/../../../../arm-none-eabi/lib/thumb/nofp/libc_nano.a(libc_a-fini.o)
 .debug_loclists
                0x00001fd9       0x23 /usr/lib/gcc/arm-none-eabi/13.2.0/../../../../arm-none-eabi/lib/thumb/nofp/libc_nano.a(libc_a-lock.o)
 .debug_loclists
                0x00001ffc       0xaf /usr/lib/gcc/arm-none-eabi/13.2.0/../../../../arm-none-eabi/lib/thumb/nofp/libc_nano.a(libc_a-memcpy-stub.o)
 .debug_loclists
                0x000020ab       0xc0 /usr/lib/gcc/arm-none-eabi/13.2.0/../../../../arm-none-eabi/lib/thumb/nofp/libc_nano.a(libc_a-__atexit.o)
 .debug_loclists
                0x0000216b       0xde /usr/lib/gcc/arm-none-eabi/13.2.0/../../../../arm-none-eabi/lib/thumb/nofp/libc_nano.a(libc_a-__call_atexit.o)
 .debug_loclists
                0x00002249       0x23 /usr/lib/gcc/arm-none-eabi/13.2.0/../../../../arm-none-eabi/lib/thumb/nofp/libnosys.a(kill.o)
 .debug_loclists
                0x0000226c       0x17 /usr/lib/gcc/arm-none-eabi/13.2.0/../../../../arm-none-eabi/lib/thumb/nofp/libnosys.a(_exit.o)

.debug_macro
 *(.debug_macro)

.debug_names
 *(.debug_names)

.debug_rnglists
                0x00000000      0x3d7
 *(.debug_rnglists)
 .debug_rnglists
                0x00000000       0x13 /usr/lib/gcc/arm-none-eabi/13.2.0/../../../../arm-none-eabi/lib/thumb/nofp/libstdc++_nano.a(atexit_arm.o)
 .debug_rnglists
                0x00000013      0x13a /usr/lib/gcc/arm-none-eabi/13.2.0/thumb/nofp/libgcc.a(unwind-arm.o)
 .debug_rnglists
                0x0000014d       0x44 /usr/lib/gcc/arm-none-eabi/13.2.0/thumb/nofp/libgcc.a(pr-support.o)
 .debug_rnglists
                0x00000191       0x13 /usr/lib/gcc/arm-none-eabi/13.2.0/../../../../arm-none-eabi/lib/thumb/nofp/libc_nano.a(libc_a-abort.o)
 .debug_rnglists
                0x000001a4       0x13 /usr/lib/gcc/arm-none-eabi/13.2.0/../../../../arm-none-eabi/lib/thumb/nofp/libc_nano.a(libc_a-atexit.o)
 .debug_rnglists
                0x000001b7       0x13 /usr/lib/gcc/arm-none-eabi/13.2.0/../../../../arm-none-eabi/lib/thumb/nofp/libc_nano.a(libc_a-exit.o)
 .debug_rnglists
                0x000001ca       0x13 /usr/lib/gcc/arm-none-eabi/13.2.0/../../../../arm-none-eabi/lib/thumb/nofp/libc_nano.a(libc_a-cxa_atexit.o)
 .debug_rnglists
                0x000001dd       0x6e /usr/lib/gcc/arm-none-eabi/13.2.0/../../../../arm-none-eabi/lib/thumb/nofp/libc_nano.a(libc_a-findfp.o)
 .debug_rnglists
                0x0000024b       0x13 /usr/lib/gcc/arm-none-eabi/13.2.0/../../../../arm-none-eabi/lib/thumb/nofp/libc_nano.a(libc_a-memset.o)
 .debug_rnglists
                0x0000025e       0x3d /usr/lib/gcc/arm-none-eabi/13.2.0/../../../../arm-none-eabi/lib/thumb/nofp/libc_nano.a(libc_a-signal.o)
 .debug_rnglists
                0x0000029b       0x30 /usr/lib/gcc/arm-none-eabi/13.2.0/../../../../arm-none-eabi/lib/thumb/nofp/libc_nano.a(libc_a-reent.o)
 .debug_rnglists
                0x000002cb       0x19 /usr/lib/gcc/arm-none-eabi/13.2.0/../../../../arm-none-eabi/lib/thumb/nofp/libc_nano.a(libc_a-signalr.o)
 .debug_rnglists
                0x000002e4       0x13 /usr/lib/gcc/arm-none-eabi/13.2.0/../../../../arm-none-eabi/lib/thumb/nofp/libc_nano.a(libc_a-init.o)
 .debug_rnglists
                0x000002f7       0x13 /usr/lib/gcc/arm-none-eabi/13.2.0/../../../../arm-none-eabi/lib/thumb/nofp/libc_nano.a(libc_a-fini.o)
 .debug_rnglists
                0x0000030a       0x49 /usr/lib/gcc/arm-none-eabi/13.2.0/../../../../arm-none-eabi/lib/thumb/nofp/libc_nano.a(libc_a-lock.o)
 .debug_rnglists
                0x00000353       0x13 /usr/lib/gcc/arm-none-eabi/13.2.0/../../../../arm-none-eabi/lib/thumb/nofp/libc_nano.a(libc_a-memcpy-stub.o)
 .debug_rnglists
                0x00000366       0x14 /usr/lib/gcc/arm-none-eabi/13.2.0/../../../../arm-none-eabi/lib/thumb/nofp/libc_nano.a(libc_a-__atexit.o)
 .debug_rnglists
                0x0000037a       0x24 /usr/lib/gcc/arm-none-eabi/13.2.0/../../../../arm-none-eabi/lib/thumb/nofp/libc_nano.a(libc_a-__call_atexit.o)
 .debug_rnglists
                0x0000039e       0x13 /usr/lib/gcc/arm-none-eabi/13.2.0/../../../../arm-none-eabi/lib/thumb/nofp/libnosys.a(getpid.o)
 .debug_rnglists
                0x000003b1       0x13 /usr/lib/gcc/arm-none-eabi/13.2.0/../../../../arm-none-eabi/lib/thumb/nofp/libnosys.a(kill.o)
 .debug_rnglists
                0x000003c4       0x13 /usr/lib/gcc/arm-none-eabi/13.2.0/../../../../arm-none-eabi/lib/thumb/nofp/libnosys.a(_exit.o)

.debug_str_offsets
 *(.debug_str_offsets)

.debug_sup
 *(.debug_sup)

.ARM.attributes
                0x00000000       0x26
 *(.ARM.attributes)
 .ARM.attributes
                0x00000000       0x1c /usr/lib/gcc/arm-none-eabi/13.2.0/thumb/nofp/crti.o
 .ARM.attributes
                0x0000001c       0x2a /usr/lib/gcc/arm-none-eabi/13.2.0/thumb/nofp/crtbegin.o
 .ARM.attributes
                0x00000046       0x1a /usr/lib/gcc/arm-none-eabi/13.2.0/../../../../arm-none-eabi/lib/thumb/nofp/crt0.o
 .ARM.attributes
                0x00000060       0x2a CMakeFiles/daisy_cpp.dir/main.cpp.o
 .ARM.attributes
                0x0000008a       0x2a /usr/lib/gcc/arm-none-eabi/13.2.0/../../../../arm-none-eabi/lib/thumb/nofp/libstdc++_nano.a(atexit_arm.o)
 .ARM.attributes
                0x000000b4       0x2a /usr/lib/gcc/arm-none-eabi/13.2.0/thumb/nofp/libgcc.a(unwind-arm.o)
 .ARM.attributes
                0x000000de       0x1c /usr/lib/gcc/arm-none-eabi/13.2.0/thumb/nofp/libgcc.a(libunwind.o)
 .ARM.attributes
                0x000000fa       0x2a /usr/lib/gcc/arm-none-eabi/13.2.0/thumb/nofp/libgcc.a(pr-support.o)
 .ARM.attributes
                0x00000124       0x1c /usr/lib/gcc/arm-none-eabi/13.2.0/thumb/nofp/libgcc.a(_thumb1_case_uqi.o)
 .ARM.attributes
                0x00000140       0x2a /usr/lib/gcc/arm-none-eabi/13.2.0/../../../../arm-none-eabi/lib/thumb/nofp/libc_nano.a(libc_a-abort.o)
 .ARM.attributes
                0x0000016a       0x2a /usr/lib/gcc/arm-none-eabi/13.2.0/../../../../arm-none-eabi/lib/thumb/nofp/libc_nano.a(libc_a-atexit.o)
 .ARM.attributes
                0x00000194       0x2a /usr/lib/gcc/arm-none-eabi/13.2.0/../../../../arm-none-eabi/lib/thumb/nofp/libc_nano.a(libc_a-exit.o)
 .ARM.attributes
                0x000001be       0x2a /usr/lib/gcc/arm-none-eabi/13.2.0/../../../../arm-none-eabi/lib/thumb/nofp/libc_nano.a(libc_a-cxa_atexit.o)
 .ARM.attributes
                0x000001e8       0x2a /usr/lib/gcc/arm-none-eabi/13.2.0/../../../../arm-none-eabi/lib/thumb/nofp/libc_nano.a(libc_a-findfp.o)
 .ARM.attributes
                0x00000212       0x2a /usr/lib/gcc/arm-none-eabi/13.2.0/../../../../arm-none-eabi/lib/thumb/nofp/libc_nano.a(libc_a-fwalk.o)
 .ARM.attributes
                0x0000023c       0x2a /usr/lib/gcc/arm-none-eabi/13.2.0/../../../../arm-none-eabi/lib/thumb/nofp/libc_nano.a(libc_a-stdio.o)
 .ARM.attributes
                0x00000266       0x2a /usr/lib/gcc/arm-none-eabi/13.2.0/../../../../arm-none-eabi/lib/thumb/nofp/libc_nano.a(libc_a-memset.o)
 .ARM.attributes
                0x00000290       0x2a /usr/lib/gcc/arm-none-eabi/13.2.0/../../../../arm-none-eabi/lib/thumb/nofp/libc_nano.a(libc_a-signal.o)
 .ARM.attributes
                0x000002ba       0x2a /usr/lib/gcc/arm-none-eabi/13.2.0/../../../../arm-none-eabi/lib/thumb/nofp/libc_nano.a(libc_a-closer.o)
 .ARM.attributes
                0x000002e4       0x2a /usr/lib/gcc/arm-none-eabi/13.2.0/../../../../arm-none-eabi/lib/thumb/nofp/libc_nano.a(libc_a-reent.o)
 .ARM.attributes
                0x0000030e       0x2a /usr/lib/gcc/arm-none-eabi/13.2.0/../../../../arm-none-eabi/lib/thumb/nofp/libc_nano.a(libc_a-impure.o)
 .ARM.attributes
                0x00000338       0x2a /usr/lib/gcc/arm-none-eabi/13.2.0/../../../../arm-none-eabi/lib/thumb/nofp/libc_nano.a(libc_a-lseekr.o)
 .ARM.attributes
                0x00000362       0x2a /usr/lib/gcc/arm-none-eabi/13.2.0/../../../../arm-none-eabi/lib/thumb/nofp/libc_nano.a(libc_a-readr.o)
 .ARM.attributes
                0x0000038c       0x2a /usr/lib/gcc/arm-none-eabi/13.2.0/../../../../arm-none-eabi/lib/thumb/nofp/libc_nano.a(libc_a-signalr.o)
 .ARM.attributes
                0x000003b6       0x2a /usr/lib/gcc/arm-none-eabi/13.2.0/../../../../arm-none-eabi/lib/thumb/nofp/libc_nano.a(libc_a-writer.o)
 .ARM.attributes
                0x000003e0       0x2a /usr/lib/gcc/arm-none-eabi/13.2.0/../../../../arm-none-eabi/lib/thumb/nofp/libc_nano.a(libc_a-init.o)
 .ARM.attributes
                0x0000040a       0x2a /usr/lib/gcc/arm-none-eabi/13.2.0/../../../../arm-none-eabi/lib/thumb/nofp/libc_nano.a(libc_a-fini.o)
 .ARM.attributes
                0x00000434       0x2a /usr/lib/gcc/arm-none-eabi/13.2.0/../../../../arm-none-eabi/lib/thumb/nofp/libc_nano.a(libc_a-lock.o)
 .ARM.attributes
                0x0000045e       0x2a /usr/lib/gcc/arm-none-eabi/13.2.0/../../../../arm-none-eabi/lib/thumb/nofp/libc_nano.a(libc_a-memcpy-stub.o)
 .ARM.attributes
                0x00000488       0x2a /usr/lib/gcc/arm-none-eabi/13.2.0/../../../../arm-none-eabi/lib/thumb/nofp/libc_nano.a(libc_a-__atexit.o)
 .ARM.attributes
                0x000004b2       0x2a /usr/lib/gcc/arm-none-eabi/13.2.0/../../../../arm-none-eabi/lib/thumb/nofp/libc_nano.a(libc_a-__call_atexit.o)
 .ARM.attributes
                0x000004dc       0x2a /usr/lib/gcc/arm-none-eabi/13.2.0/../../../../arm-none-eabi/lib/thumb/nofp/libc_nano.a(libc_a-freer.o)
 .ARM.attributes
                0x00000506       0x2a /usr/lib/gcc/arm-none-eabi/13.2.0/../../../../arm-none-eabi/lib/thumb/nofp/libc_nano.a(libc_a-mallocr.o)
 .ARM.attributes
                0x00000530       0x2a /usr/lib/gcc/arm-none-eabi/13.2.0/../../../../arm-none-eabi/lib/thumb/nofp/libc_nano.a(libc_a-mlock.o)
 .ARM.attributes
                0x0000055a       0x2a /usr/lib/gcc/arm-none-eabi/13.2.0/../../../../arm-none-eabi/lib/thumb/nofp/libc_nano.a(libc_a-on_exit_args.o)
 .ARM.attributes
                0x00000584       0x2a /usr/lib/gcc/arm-none-eabi/13.2.0/../../../../arm-none-eabi/lib/thumb/nofp/libc_nano.a(libc_a-fflush.o)
 .ARM.attributes
                0x000005ae       0x2a /usr/lib/gcc/arm-none-eabi/13.2.0/../../../../arm-none-eabi/lib/thumb/nofp/libc_nano.a(libc_a-sbrkr.o)
 .ARM.attributes
                0x000005d8       0x2a /usr/lib/gcc/arm-none-eabi/13.2.0/../../../../arm-none-eabi/lib/thumb/nofp/libnosys.a(close.o)
 .ARM.attributes
                0x00000602       0x2a /usr/lib/gcc/arm-none-eabi/13.2.0/../../../../arm-none-eabi/lib/thumb/nofp/libnosys.a(getpid.o)
 .ARM.attributes
                0x0000062c       0x2a /usr/lib/gcc/arm-none-eabi/13.2.0/../../../../arm-none-eabi/lib/thumb/nofp/libnosys.a(kill.o)
 .ARM.attributes
                0x00000656       0x2a /usr/lib/gcc/arm-none-eabi/13.2.0/../../../../arm-none-eabi/lib/thumb/nofp/libnosys.a(lseek.o)
 .ARM.attributes
                0x00000680       0x2a /usr/lib/gcc/arm-none-eabi/13.2.0/../../../../arm-none-eabi/lib/thumb/nofp/libnosys.a(read.o)
 .ARM.attributes
                0x000006aa       0x2a /usr/lib/gcc/arm-none-eabi/13.2.0/../../../../arm-none-eabi/lib/thumb/nofp/libnosys.a(sbrk.o)
 .ARM.attributes
                0x000006d4       0x2a /usr/lib/gcc/arm-none-eabi/13.2.0/../../../../arm-none-eabi/lib/thumb/nofp/libnosys.a(write.o)
 .ARM.attributes
                0x000006fe       0x2a /usr/lib/gcc/arm-none-eabi/13.2.0/../../../../arm-none-eabi/lib/thumb/nofp/libnosys.a(_exit.o)
 .ARM.attributes
                0x00000728       0x2a /usr/lib/gcc/arm-none-eabi/13.2.0/thumb/nofp/crtend.o
 .ARM.attributes
                0x00000752       0x1c /usr/lib/gcc/arm-none-eabi/13.2.0/thumb/nofp/crtn.o
 *(.gnu.attributes)

.note.gnu.arm.ident
 *(.note.gnu.arm.ident)

/DISCARD/
 *(.note.GNU-stack)
 *(.gnu_debuglink)
 *(.gnu.lto_*)
OUTPUT(daisy_cpp elf32-littlearm)
LOAD linker stubs
