Archive member included to satisfy reference by file (symbol)

../../DaisyExamples/libDaisy//build/libdaisy.a(daisy_seed.o)
                              build/adc_and_log.o (daisy::DaisySeed::Configure())
../../DaisyExamples/libDaisy//build/libdaisy.a(codec_ak4556.o)
                              ../../DaisyExamples/libDaisy//build/libdaisy.a(daisy_seed.o) (daisy::Ak4556::Init(dsy_gpio_pin))
../../DaisyExamples/libDaisy//build/libdaisy.a(codec_wm8731.o)
                              ../../DaisyExamples/libDaisy//build/libdaisy.a(daisy_seed.o) (daisy::Wm8731::Init(daisy::Wm8731::Config const&, daisy::I2CHandle))
../../DaisyExamples/libDaisy//build/libdaisy.a(sdram.o)
                              ../../DaisyExamples/libDaisy//build/libdaisy.a(daisy_seed.o) (SdramHandle::Init())
../../DaisyExamples/libDaisy//build/libdaisy.a(audio.o)
                              ../../DaisyExamples/libDaisy//build/libdaisy.a(daisy_seed.o) (daisy::AudioHandle::Init(daisy::AudioHandle::Config const&, daisy::SaiHandle))
../../DaisyExamples/libDaisy//build/libdaisy.a(led.o)
                              build/adc_and_log.o (daisy::Led::Init(dsy_gpio_pin, bool, float))
../../DaisyExamples/libDaisy//build/libdaisy.a(logger.o)
                              build/adc_and_log.o (daisy::Logger<(daisy::LoggerDestination)1>::PrintLine(char const*, ...))
../../DaisyExamples/libDaisy//build/libdaisy.a(usb.o)
                              ../../DaisyExamples/libDaisy//build/libdaisy.a(logger.o) (daisy::UsbHandle::Init(daisy::UsbHandle::UsbPeriph))
../../DaisyExamples/libDaisy//build/libdaisy.a(adc.o)
                              build/adc_and_log.o (daisy::AdcChannelConfig::InitSingle(dsy_gpio_pin))
../../DaisyExamples/libDaisy//build/libdaisy.a(gpio.o)
                              ../../DaisyExamples/libDaisy//build/libdaisy.a(daisy_seed.o) (dsy_gpio_init)
../../DaisyExamples/libDaisy//build/libdaisy.a(i2c.o)
                              ../../DaisyExamples/libDaisy//build/libdaisy.a(daisy_seed.o) (daisy::I2CHandle::Init(daisy::I2CHandle::Config const&))
../../DaisyExamples/libDaisy//build/libdaisy.a(qspi.o)
                              ../../DaisyExamples/libDaisy//build/libdaisy.a(daisy_seed.o) (daisy::QSPIHandle::Init(daisy::QSPIHandle::Config const&))
../../DaisyExamples/libDaisy//build/libdaisy.a(sai.o)
                              ../../DaisyExamples/libDaisy//build/libdaisy.a(daisy_seed.o) (daisy::SaiHandle::Init(daisy::SaiHandle::Config const&))
../../DaisyExamples/libDaisy//build/libdaisy.a(system.o)
                              ../../DaisyExamples/libDaisy//build/libdaisy.a(daisy_seed.o) (daisy::System::DeInit())
../../DaisyExamples/libDaisy//build/libdaisy.a(system_stm32h7xx.o)
                              build/startup_stm32h750xx.o (SystemInit)
../../DaisyExamples/libDaisy//build/libdaisy.a(usbd_cdc_if.o)
                              ../../DaisyExamples/libDaisy//build/libdaisy.a(usb.o) (CDC_Transmit_FS)
../../DaisyExamples/libDaisy//build/libdaisy.a(usbd_conf.o)
                              ../../DaisyExamples/libDaisy//build/libdaisy.a(usb.o) (hpcd_USB_OTG_FS)
../../DaisyExamples/libDaisy//build/libdaisy.a(usbd_desc.o)
                              ../../DaisyExamples/libDaisy//build/libdaisy.a(usb.o) (HS_Desc)
../../DaisyExamples/libDaisy//build/libdaisy.a(usbh_conf.o)
                              ../../DaisyExamples/libDaisy//build/libdaisy.a(system.o) (hhcd_USB_OTG_HS)
../../DaisyExamples/libDaisy//build/libdaisy.a(hal_map.o)
                              ../../DaisyExamples/libDaisy//build/libdaisy.a(gpio.o) (dsy_hal_map_get_port)
../../DaisyExamples/libDaisy//build/libdaisy.a(stm32h7xx_hal.o)
                              ../../DaisyExamples/libDaisy//build/libdaisy.a(system.o) (HAL_Init)
../../DaisyExamples/libDaisy//build/libdaisy.a(stm32h7xx_hal_adc.o)
                              ../../DaisyExamples/libDaisy//build/libdaisy.a(adc.o) (HAL_ADC_ConfigChannel)
../../DaisyExamples/libDaisy//build/libdaisy.a(stm32h7xx_hal_adc_ex.o)
                              ../../DaisyExamples/libDaisy//build/libdaisy.a(adc.o) (HAL_ADCEx_Calibration_Start)
../../DaisyExamples/libDaisy//build/libdaisy.a(stm32h7xx_hal_cortex.o)
                              ../../DaisyExamples/libDaisy//build/libdaisy.a(stm32h7xx_hal.o) (HAL_NVIC_SetPriorityGrouping)
../../DaisyExamples/libDaisy//build/libdaisy.a(stm32h7xx_hal_dma.o)
                              ../../DaisyExamples/libDaisy//build/libdaisy.a(adc.o) (HAL_DMA_Init)
../../DaisyExamples/libDaisy//build/libdaisy.a(stm32h7xx_hal_gpio.o)
                              ../../DaisyExamples/libDaisy//build/libdaisy.a(sdram.o) (HAL_GPIO_Init)
../../DaisyExamples/libDaisy//build/libdaisy.a(stm32h7xx_hal_hcd.o)
                              ../../DaisyExamples/libDaisy//build/libdaisy.a(usbh_conf.o) (HAL_HCD_HC_Init)
../../DaisyExamples/libDaisy//build/libdaisy.a(stm32h7xx_hal_i2c.o)
                              ../../DaisyExamples/libDaisy//build/libdaisy.a(i2c.o) (HAL_I2C_Init)
[...]
Memory Configuration

Name             Origin             Length             Attributes
FLASH            0x08000000         0x00020000         xr
DTCMRAM          0x20000000         0x00020000         xrw
SRAM             0x24000000         0x00080000         xrw
RAM_D2           0x30000000         0x00048000         xrw
RAM_D3           0x38000000         0x00010000         xrw
ITCMRAM          0x00000000         0x00010000         xrw
SDRAM            0xc0000000         0x04000000         xrw
QSPIFLASH        0x90000000         0x00800000         xr
*default*        0x00000000         0xffffffff

Linker script and memory map

LOAD /usr/lib/gcc/arm-none-eabi/13.2.0/thumb/v7e-m+dp/hard/crti.o
LOAD /usr/lib/gcc/arm-none-eabi/13.2.0/thumb/v7e-m+dp/hard/crtbegin.o
LOAD /usr/lib/gcc/arm-none-eabi/13.2.0/../../../../arm-none-eabi/lib/thumb/v7e-m+dp/hard/crt0.o
LOAD build/startup_stm32h750xx.o
LOAD build/adc_and_log.o
LOAD ../../DaisyExamples/libDaisy//build/libdaisy.a
LOAD /usr/lib/gcc/arm-none-eabi/13.2.0/../../../../arm-none-eabi/lib/thumb/v7e-m+dp/hard/libnosys.a
LOAD ../../DaisyExamples/DaisySP//build/libdaisysp.a
LOAD /usr/lib/gcc/arm-none-eabi/13.2.0/../../../../arm-none-eabi/lib/thumb/v7e-m+dp/hard/libstdc++_nano.a
LOAD /usr/lib/gcc/arm-none-eabi/13.2.0/../../../../arm-none-eabi/lib/thumb/v7e-m+dp/hard/libm.a
LOAD /usr/lib/gcc/arm-none-eabi/13.2.0/../../../../arm-none-eabi/lib/thumb/v7e-m+dp/hard/libc_nano.a
START GROUP
LOAD /usr/lib/gcc/arm-none-eabi/13.2.0/thumb/v7e-m+dp/hard/libgcc.a
LOAD /usr/lib/gcc/arm-none-eabi/13.2.0/../../../../arm-none-eabi/lib/thumb/v7e-m+dp/hard/libc_nano.a
END GROUP
START GROUP
LOAD /usr/lib/gcc/arm-none-eabi/13.2.0/thumb/v7e-m+dp/hard/libgcc.a
LOAD /usr/lib/gcc/arm-none-eabi/13.2.0/../../../../arm-none-eabi/lib/thumb/v7e-m+dp/hard/libc_nano.a
LOAD /usr/lib/gcc/arm-none-eabi/13.2.0/../../../../arm-none-eabi/lib/thumb/v7e-m+dp/hard/libnosys.a
END GROUP
START GROUP
LOAD /usr/lib/gcc/arm-none-eabi/13.2.0/thumb/v7e-m+dp/hard/libgcc.a
LOAD /usr/lib/gcc/arm-none-eabi/13.2.0/../../../../arm-none-eabi/lib/thumb/v7e-m+dp/hard/libc_nano.a
LOAD /usr/lib/gcc/arm-none-eabi/13.2.0/../../../../arm-none-eabi/lib/thumb/v7e-m+dp/hard/libnosys.a
END GROUP
LOAD /usr/lib/gcc/arm-none-eabi/13.2.0/thumb/v7e-m+dp/hard/crtend.o
LOAD /usr/lib/gcc/arm-none-eabi/13.2.0/thumb/v7e-m+dp/hard/crtn.o
                0x20020000                        _estack = 0x20020000

.isr_vector     0x08000000      0x298
                0x08000000                        . = ALIGN (0x4)
 *(.isr_vector)
 .isr_vector    0x08000000      0x298 build/startup_stm32h750xx.o
                0x08000000                g_pfnVectors
                0x08000298                        . = ALIGN (0x4)

.text           0x080002a0    0x110d4
                0x080002a0                        . = ALIGN (0x4)
                0x080002a0                        _stext = .
 *(.text)
 .text          0x080002a0       0x10 /usr/lib/gcc/arm-none-eabi/13.2.0/../../../../arm-none-eabi/lib/thumb/v7e-m+dp/hard/libc_nano.a(libc_a-strlen.o)
                0x080002a0                strlen
 .text          0x080002b0       0xa0 /usr/lib/gcc/arm-none-eabi/13.2.0/../../../../arm-none-eabi/lib/thumb/v7e-m+dp/hard/libc_nano.a(libc_a-memchr.o)
                0x080002b0                memchr
 .text          0x08000350       0x30 /usr/lib/gcc/arm-none-eabi/13.2.0/thumb/v7e-m+dp/hard/libgcc.a(_aeabi_uldivmod.o)
                0x08000350                __aeabi_uldivmod
 .text          0x08000380        0x4 /usr/lib/gcc/arm-none-eabi/13.2.0/thumb/v7e-m+dp/hard/libgcc.a(_dvmd_tls.o)
                0x08000380                __aeabi_ldiv0
                0x08000380                __aeabi_idiv0
 *(.text*)
 .text.__do_global_dtors_aux
                0x08000384       0x24 /usr/lib/gcc/arm-none-eabi/13.2.0/thumb/v7e-m+dp/hard/crtbegin.o
 .text.frame_dummy
                0x080003a8       0x1c /usr/lib/gcc/arm-none-eabi/13.2.0/thumb/v7e-m+dp/hard/crtbegin.o
 .text.Default_Handler
                0x080003c4        0x4 build/startup_stm32h750xx.o
                0x080003c4                RTC_Alarm_IRQHandler
                0x080003c4                HASH_RNG_IRQHandler
                0x080003c4                EXTI2_IRQHandler
                0x080003c4                TIM8_CC_IRQHandler
                0x080003c4                HRTIM1_Master_IRQHandler
                0x080003c4                DebugMon_Handler
                0x080003c4                TIM1_CC_IRQHandler
                0x080003c4                BDMA_Channel6_IRQHandler
                0x080003c4                DMA2_Stream5_IRQHandler
                0x080003c4                HRTIM1_FLT_IRQHandler
                0x080003c4                JPEG_IRQHandler
                0x080003c4                BDMA_Channel1_IRQHandler
                0x080003c4                HRTIM1_TIMD_IRQHandler
                0x080003c4                TAMP_STAMP_IRQHandler
                0x080003c4                PendSV_Handler
                0x080003c4                NMI_Handler
                0x080003c4                EXTI3_IRQHandler
                0x080003c4                LPTIM4_IRQHandler
                0x080003c4                TIM8_TRG_COM_TIM14_IRQHandler
                0x080003c4                LPTIM2_IRQHandler
                0x080003c4                DFSDM1_FLT1_IRQHandler
                0x080003c4                DMAMUX2_OVR_IRQHandler
                0x080003c4                TIM8_UP_TIM13_IRQHandler
                0x080003c4                I2C3_ER_IRQHandler
                0x080003c4                DFSDM1_FLT2_IRQHandler
                0x080003c4                MDMA_IRQHandler
                0x080003c4                LPTIM3_IRQHandler
                0x080003c4                HSEM1_IRQHandler
                0x080003c4                EXTI0_IRQHandler
                0x080003c4                FPU_IRQHandler
                0x080003c4                OTG_HS_WKUP_IRQHandler
                0x080003c4                FDCAN1_IT1_IRQHandler
                0x080003c4                UsageFault_Handler
                0x080003c4                LTDC_ER_IRQHandler
                0x080003c4                HRTIM1_TIME_IRQHandler
                0x080003c4                TIM6_DAC_IRQHandler
                0x080003c4                DCMI_IRQHandler
                0x080003c4                HRTIM1_TIMC_IRQHandler
                0x080003c4                SAI2_IRQHandler
                0x080003c4                DFSDM1_FLT3_IRQHandler
                0x080003c4                TIM17_IRQHandler
                0x080003c4                CRYP_IRQHandler
                0x080003c4                BDMA_Channel7_IRQHandler
                0x080003c4                LPTIM5_IRQHandler
                0x080003c4                ADC3_IRQHandler
                0x080003c4                DMA2_Stream0_IRQHandler
                0x080003c4                BDMA_Channel2_IRQHandler
                0x080003c4                DMAMUX1_OVR_IRQHandler
                0x080003c4                TIM16_IRQHandler
                0x080003c4                BDMA_Channel5_IRQHandler
                0x080003c4                RCC_IRQHandler
                0x080003c4                TIM8_BRK_TIM12_IRQHandler
                0x080003c4                TIM1_TRG_COM_IRQHandler
                0x080003c4                Default_Handler
                0x080003c4                ECC_IRQHandler
                0x080003c4                CEC_IRQHandler
                0x080003c4                EXTI15_10_IRQHandler
                0x080003c4                BDMA_Channel0_IRQHandler
                0x080003c4                ADC_IRQHandler
                0x080003c4                DMA1_Stream7_IRQHandler
                0x080003c4                HRTIM1_TIMA_IRQHandler
                0x080003c4                TIM7_IRQHandler
                0x080003c4                SDMMC1_IRQHandler
                0x080003c4                DMA2_Stream7_IRQHandler
                0x080003c4                TIM15_IRQHandler
                0x080003c4                PVD_AVD_IRQHandler
                0x080003c4                EXTI9_5_IRQHandler
                0x080003c4                RTC_WKUP_IRQHandler
                0x080003c4                LTDC_IRQHandler
                0x080003c4                SAI3_IRQHandler
                0x080003c4                ETH_WKUP_IRQHandler
                0x080003c4                SPDIF_RX_IRQHandler
                0x080003c4                MemManage_Handler
                0x080003c4                SVC_Handler
                0x080003c4                CRS_IRQHandler
                0x080003c4                EXTI4_IRQHandler
                0x080003c4                HRTIM1_TIMB_IRQHandler
                0x080003c4                FDCAN2_IT1_IRQHandler
                0x080003c4                ETH_IRQHandler
                0x080003c4                TIM1_UP_IRQHandler
                0x080003c4                BDMA_Channel4_IRQHandler
                0x080003c4                WWDG_IRQHandler
                0x080003c4                SPI6_IRQHandler
                0x080003c4                I2C4_EV_IRQHandler
                0x080003c4                MDIOS_IRQHandler
                0x080003c4                FDCAN2_IT0_IRQHandler
                0x080003c4                FDCAN1_IT0_IRQHandler
                0x080003c4                OTG_FS_WKUP_IRQHandler
                0x080003c4                DMA2D_IRQHandler
                0x080003c4                TIM1_BRK_IRQHandler
                0x080003c4                EXTI1_IRQHandler
                0x080003c4                SDMMC2_IRQHandler
                0x080003c4                BDMA_Channel3_IRQHandler
                0x080003c4                MDIOS_WKUP_IRQHandler
                0x080003c4                DFSDM1_FLT0_IRQHandler
                0x080003c4                SAI4_IRQHandler
                0x080003c4                I2C2_ER_IRQHandler
                0x080003c4                DMA2_Stream1_IRQHandler
                0x080003c4                FLASH_IRQHandler
                0x080003c4                BusFault_Handler
                0x080003c4                WAKEUP_PIN_IRQHandler
                0x080003c4                I2C1_ER_IRQHandler
                0x080003c4                FMC_IRQHandler
                0x080003c4                FDCAN_CAL_IRQHandler
                0x080003c4                SWPMI1_IRQHandler
                0x080003c4                COMP1_IRQHandler
                0x080003c4                LPTIM1_IRQHandler
                0x080003c4                I2C4_ER_IRQHandler
                0x080003c4                DMA2_Stream6_IRQHandler
                0x080003c4                SAI1_IRQHandler
 .text.Reset_Handler
                0x080003c8       0x44 build/startup_stm32h750xx.o
                0x080003c8                Reset_Handler
 .text._ZN5daisy9DaisySeedD2Ev
                0x0800040c        0x4 build/adc_and_log.o
                0x0800040c                daisy::DaisySeed::~DaisySeed()
                0x0800040c                daisy::DaisySeed::~DaisySeed()
 .text.startup.main
                0x08000410       0xf4 build/adc_and_log.o
                0x08000410                main
 .text.startup._GLOBAL__sub_I__Z11store_valuet
                0x08000504       0x20 build/adc_and_log.o
 .text._ZN5daisy9DaisySeed9ConfigureEv
                0x08000524        0x4 ../../DaisyExamples/libDaisy//build/libdaisy.a(daisy_seed.o)
                0x08000524                daisy::DaisySeed::Configure()
 .text._ZN5daisy9DaisySeed6GetPinEh
                0x08000528       0x2c ../../DaisyExamples/libDaisy//build/libdaisy.a(daisy_seed.o)
                0x08000528                daisy::DaisySeed::GetPin(unsigned char)
 .text._ZN5daisy9DaisySeed14ConfigureAudioEv
                0x08000554       0xd0 ../../DaisyExamples/libDaisy//build/libdaisy.a(daisy_seed.o)
                0x08000554                daisy::DaisySeed::ConfigureAudio()
 .text._ZN5daisy9DaisySeed4InitEb
                0x08000624       0xd4 ../../DaisyExamples/libDaisy//build/libdaisy.a(daisy_seed.o)
                0x08000624                daisy::DaisySeed::Init(bool)
 .text._ZN5daisy6Ak45564InitE12dsy_gpio_pin
                0x080006f8       0x40 ../../DaisyExamples/libDaisy//build/libdaisy.a(codec_ak4556.o)
                0x080006f8                daisy::Ak4556::Init(dsy_gpio_pin)
 .text._ZN5daisy6Wm873120WriteControlRegisterEht
                0x08000738       0x3c ../../DaisyExamples/libDaisy//build/libdaisy.a(codec_wm8731.o)
                0x08000738                daisy::Wm8731::WriteControlRegister(unsigned char, unsigned short)
 .text._ZN5daisy6Wm87314InitERKNS0_6ConfigENS_9I2CHandleE
                0x08000774      0x1b4 ../../DaisyExamples/libDaisy//build/libdaisy.a(codec_wm8731.o)
                0x08000774                daisy::Wm8731::Init(daisy::Wm8731::Config const&, daisy::I2CHandle)
 .text._ZN11SdramHandle10DeviceInitEv
                0x08000928       0x8c ../../DaisyExamples/libDaisy//build/libdaisy.a(sdram.o)
                0x08000928                SdramHandle::DeviceInit()
 *fill*         0x080009b4        0x4 
 .text._ZN11SdramHandle4InitEv
                0x080009b8       0x88 ../../DaisyExamples/libDaisy//build/libdaisy.a(sdram.o)
                0x080009b8                SdramHandle::Init()
 .text.HAL_SDRAM_MspInit
                0x08000a40      0x19c ../../DaisyExamples/libDaisy//build/libdaisy.a(sdram.o)
                0x08000a40                HAL_SDRAM_MspInit
 .text._ZN5daisy11AudioHandle4InitERKNS0_6ConfigENS_9SaiHandleE
                0x08000bdc       0x70 ../../DaisyExamples/libDaisy//build/libdaisy.a(audio.o)
                0x08000bdc                daisy::AudioHandle::Init(daisy::AudioHandle::Config const&, daisy::SaiHandle)
 .text._ZNK5daisy11AudioHandle9GetConfigEv
                0x08000c4c        0x8 ../../DaisyExamples/libDaisy//build/libdaisy.a(audio.o)
                0x08000c4c                daisy::AudioHandle::GetConfig() const
 .text._ZN5daisy11AudioHandle13GetSampleRateEv
                0x08000c54        0x8 ../../DaisyExamples/libDaisy//build/libdaisy.a(audio.o)
                0x08000c54                daisy::AudioHandle::GetSampleRate()
 .text.startup._GLOBAL__sub_I__ZN5daisy11AudioHandle4Impl4InitENS0_6ConfigENS_9SaiHandleE
                0x08000c5c       0x20 ../../DaisyExamples/libDaisy//build/libdaisy.a(audio.o)
 .text._ZN5daisy3Led4InitE12dsy_gpio_pinbf
                0x08000c7c       0x48 ../../DaisyExamples/libDaisy//build/libdaisy.a(led.o)
                0x08000c7c                daisy::Led::Init(dsy_gpio_pin, bool, float)
 .text._ZN5daisy9UsbHandleD2Ev
                0x08000cc4        0x4 ../../DaisyExamples/libDaisy//build/libdaisy.a(logger.o)
                0x08000cc4                daisy::UsbHandle::~UsbHandle()
                0x08000cc4                daisy::UsbHandle::~UsbHandle()
 .text._ZN5daisy6LoggerILNS_17LoggerDestinationE1EE9PrintLineEPKcz
                0x08000cc8       0xc8 ../../DaisyExamples/libDaisy//build/libdaisy.a(logger.o)
                0x08000cc8                daisy::Logger<(daisy::LoggerDestination)1>::PrintLine(char const*, ...)
 .text._ZN5daisy6LoggerILNS_17LoggerDestinationE1EE8StartLogEb
                0x08000d90       0x38 ../../DaisyExamples/libDaisy//build/libdaisy.a(logger.o)
                0x08000d90                daisy::Logger<(daisy::LoggerDestination)1>::StartLog(bool)
 .text.startup._GLOBAL__sub_I__ZN5daisy10LoggerImplILNS_17LoggerDestinationE1EE11usb_handle_E
                0x08000dc8       0x30 ../../DaisyExamples/libDaisy//build/libdaisy.a(logger.o)
 .text.DummyRxCallback
                0x08000df8        0x4 ../../DaisyExamples/libDaisy//build/libdaisy.a(usb.o)
                0x08000df8                DummyRxCallback
 .text._ZN5daisy9UsbHandle4InitENS0_9UsbPeriphE
                0x08000dfc      0x10c ../../DaisyExamples/libDaisy//build/libdaisy.a(usb.o)
                0x08000dfc                daisy::UsbHandle::Init(daisy::UsbHandle::UsbPeriph)
 .text._ZN5daisy9UsbHandle16TransmitInternalEPhj
                0x08000f08       0x14 ../../DaisyExamples/libDaisy//build/libdaisy.a(usb.o)
                0x08000f08                daisy::UsbHandle::TransmitInternal(unsigned char*, unsigned int)
 .text.OTG_FS_EP1_OUT_IRQHandler
                0x08000f1c        0xc ../../DaisyExamples/libDaisy//build/libdaisy.a(usb.o)
                0x08000f1c                OTG_FS_EP1_OUT_IRQHandler
 .text.OTG_FS_EP1_IN_IRQHandler
                0x08000f28        0xc ../../DaisyExamples/libDaisy//build/libdaisy.a(usb.o)
                0x08000f28                OTG_FS_EP1_IN_IRQHandler
 .text.OTG_FS_IRQHandler
                0x08000f34        0xc ../../DaisyExamples/libDaisy//build/libdaisy.a(usb.o)
                0x08000f34                OTG_FS_IRQHandler
 .text._ZN5daisy16AdcChannelConfig10InitSingleE12dsy_gpio_pin
                0x08000f40       0x1c ../../DaisyExamples/libDaisy//build/libdaisy.a(adc.o)
                0x08000f40                daisy::AdcChannelConfig::InitSingle(dsy_gpio_pin)
 .text._ZN5daisy9AdcHandle4InitEPNS_16AdcChannelConfigEjNS0_12OverSamplingE
                0x08000f5c      0x398 ../../DaisyExamples/libDaisy//build/libdaisy.a(adc.o)
                0x08000f5c                daisy::AdcHandle::Init(daisy::AdcChannelConfig*, unsigned int, daisy::AdcHandle::OverSampling)
 .text._ZN5daisy9AdcHandle5StartEv
                0x080012f4       0x28 ../../DaisyExamples/libDaisy//build/libdaisy.a(adc.o)
                0x080012f4                daisy::AdcHandle::Start()
 .text._ZNK5daisy9AdcHandle3GetEh
                0x0800131c       0x18 ../../DaisyExamples/libDaisy//build/libdaisy.a(adc.o)
                0x0800131c                daisy::AdcHandle::Get(unsigned char) const
 .text.HAL_ADC_MspInit
                0x08001334       0x94 ../../DaisyExamples/libDaisy//build/libdaisy.a(adc.o)
                0x08001334                HAL_ADC_MspInit
 .text.DMA1_Stream2_IRQHandler
                0x080013c8        0xc ../../DaisyExamples/libDaisy//build/libdaisy.a(adc.o)
                0x080013c8                DMA1_Stream2_IRQHandler
 .text.HAL_ADC_ConvCpltCallback
                0x080013d4      0x11c ../../DaisyExamples/libDaisy//build/libdaisy.a(adc.o)
                0x080013d4                HAL_ADC_ConvCpltCallback
 .text.HAL_ADC_ErrorCallback
                0x080014f0        0x4 ../../DaisyExamples/libDaisy//build/libdaisy.a(adc.o)
                0x080014f0                HAL_ADC_ErrorCallback
 .text.dsy_gpio_init
                0x080014f4      0x1bc ../../DaisyExamples/libDaisy//build/libdaisy.a(gpio.o)
                0x080014f4                dsy_gpio_init
 .text.dsy_gpio_read
                0x080016b0       0x1c ../../DaisyExamples/libDaisy//build/libdaisy.a(gpio.o)
                0x080016b0                dsy_gpio_read
 .text.dsy_gpio_write
                0x080016cc       0x24 ../../DaisyExamples/libDaisy//build/libdaisy.a(gpio.o)
                0x080016cc                dsy_gpio_write
 .text._ZN5daisy9I2CHandle4Impl8InitPinsEv
                0x080016f0       0x58 ../../DaisyExamples/libDaisy//build/libdaisy.a(i2c.o)
                0x080016f0                daisy::I2CHandle::Impl::InitPins()
 .text.HAL_I2C_MspInit
                0x08001748      0x1b4 ../../DaisyExamples/libDaisy//build/libdaisy.a(i2c.o)
                0x08001748                HAL_I2C_MspInit
 .text.dsy_i2c_global_init
                0x080018fc       0x70 ../../DaisyExamples/libDaisy//build/libdaisy.a(i2c.o)
                0x080018fc                dsy_i2c_global_init
 .text.DMA1_Stream6_IRQHandler
                0x0800196c       0x30 ../../DaisyExamples/libDaisy//build/libdaisy.a(i2c.o)
                0x0800196c                DMA1_Stream6_IRQHandler
 .text.I2C1_EV_IRQHandler
                0x0800199c        0xc ../../DaisyExamples/libDaisy//build/libdaisy.a(i2c.o)
                0x0800199c                I2C1_EV_IRQHandler
 .text.I2C2_EV_IRQHandler
                0x080019a8        0xc ../../DaisyExamples/libDaisy//build/libdaisy.a(i2c.o)
                0x080019a8                I2C2_EV_IRQHandler
 .text.I2C3_EV_IRQHandler
                0x080019b4        0xc ../../DaisyExamples/libDaisy//build/libdaisy.a(i2c.o)
                0x080019b4                I2C3_EV_IRQHandler
 .text._ZN5daisy9I2CHandle4InitERKNS0_6ConfigE
                0x080019c0      0x120 ../../DaisyExamples/libDaisy//build/libdaisy.a(i2c.o)
                0x080019c0                daisy::I2CHandle::Init(daisy::I2CHandle::Config const&)
 .text._ZN5daisy9I2CHandle16TransmitBlockingEtPhtm
                0x08001ae0       0x50 ../../DaisyExamples/libDaisy//build/libdaisy.a(i2c.o)
                0x08001ae0                daisy::I2CHandle::TransmitBlocking(unsigned short, unsigned char*, unsigned short, unsigned long)
 .text.startup._GLOBAL__sub_I__ZN5daisy9I2CHandle4Impl10GlobalInitEv
                0x08001b30       0x18 ../../DaisyExamples/libDaisy//build/libdaisy.a(i2c.o)
 .text._ZN5daisy10QSPIHandle4Impl11WriteEnableEv
                0x08001b48       0x88 ../../DaisyExamples/libDaisy//build/libdaisy.a(qspi.o)
                0x08001b48                daisy::QSPIHandle::Impl::WriteEnable()
 .text._ZN5daisy10QSPIHandle4Impl17DummyCyclesConfigENS0_6Config6DeviceE
                0x08001bd0      0x108 ../../DaisyExamples/libDaisy//build/libdaisy.a(qspi.o)
                0x08001bd0                daisy::QSPIHandle::Impl::DummyCyclesConfig(daisy::QSPIHandle::Config::Device)
 .text._ZN5daisy10QSPIHandle4Impl10QuadEnableEv
                0x08001cd8      0x140 ../../DaisyExamples/libDaisy//build/libdaisy.a(qspi.o)
                0x08001cd8                daisy::QSPIHandle::Impl::QuadEnable()
 .text._ZN5daisy10QSPIHandle4InitERKNS0_6ConfigE
                0x08001e18      0x180 ../../DaisyExamples/libDaisy//build/libdaisy.a(qspi.o)
                0x08001e18                daisy::QSPIHandle::Init(daisy::QSPIHandle::Config const&)
 .text.HAL_QSPI_MspInit
                0x08001f98      0x11c ../../DaisyExamples/libDaisy//build/libdaisy.a(qspi.o)
                0x08001f98                HAL_QSPI_MspInit
 .text.HAL_QSPI_MspDeInit
                0x080020b4       0x54 ../../DaisyExamples/libDaisy//build/libdaisy.a(qspi.o)
                0x080020b4                HAL_QSPI_MspDeInit
 .text.QUADSPI_IRQHandler
                0x08002108        0xc ../../DaisyExamples/libDaisy//build/libdaisy.a(qspi.o)
                0x08002108                QUADSPI_IRQHandler
 .text.startup._GLOBAL__sub_I__ZN5daisy10QSPIHandle4Impl4InitERKNS0_6ConfigE
                0x08002114       0x28 ../../DaisyExamples/libDaisy//build/libdaisy.a(qspi.o)
 .text._ZN5daisy9SaiHandle4Impl8InitPinsEv
                0x0800213c       0xac ../../DaisyExamples/libDaisy//build/libdaisy.a(sai.o)
                0x0800213c                daisy::SaiHandle::Impl::InitPins()
 .text.HAL_SAI_MspInit
                0x080021e8      0x2a8 ../../DaisyExamples/libDaisy//build/libdaisy.a(sai.o)
                0x080021e8                HAL_SAI_MspInit
 .text.DMA1_Stream0_IRQHandler
                0x08002490        0xc ../../DaisyExamples/libDaisy//build/libdaisy.a(sai.o)
                0x08002490                DMA1_Stream0_IRQHandler
 .text.DMA1_Stream1_IRQHandler
                0x0800249c        0xc ../../DaisyExamples/libDaisy//build/libdaisy.a(sai.o)
                0x0800249c                DMA1_Stream1_IRQHandler
 .text.DMA1_Stream3_IRQHandler
                0x080024a8        0xc ../../DaisyExamples/libDaisy//build/libdaisy.a(sai.o)
                0x080024a8                DMA1_Stream3_IRQHandler
 .text.DMA1_Stream4_IRQHandler
                0x080024b4        0xc ../../DaisyExamples/libDaisy//build/libdaisy.a(sai.o)
                0x080024b4                DMA1_Stream4_IRQHandler
 .text._ZN5daisy9SaiHandle4InitERKNS0_6ConfigE
                0x080024c0      0x204 ../../DaisyExamples/libDaisy//build/libdaisy.a(sai.o)
                0x080024c0                daisy::SaiHandle::Init(daisy::SaiHandle::Config const&)
 .text._ZNK5daisy9SaiHandle9GetConfigEv
                0x080026c4        0x4 ../../DaisyExamples/libDaisy//build/libdaisy.a(sai.o)
                0x080026c4                daisy::SaiHandle::GetConfig() const
 .text._ZN5daisy9SaiHandle13GetSampleRateEv
                0x080026c8       0x24 ../../DaisyExamples/libDaisy//build/libdaisy.a(sai.o)
                0x080026c8                daisy::SaiHandle::GetSampleRate()
 .text._ZN5daisy11TimerHandleD2Ev
                0x080026ec        0x4 ../../DaisyExamples/libDaisy//build/libdaisy.a(system.o)
                0x080026ec                daisy::TimerHandle::~TimerHandle()
                0x080026ec                daisy::TimerHandle::~TimerHandle()
 .text.SysTick_Handler
                0x080026f0       0x10 ../../DaisyExamples/libDaisy//build/libdaisy.a(system.o)
                0x080026f0                SysTick_Handler
 .text.OTG_HS_EP1_OUT_IRQHandler
                0x08002700       0x24 ../../DaisyExamples/libDaisy//build/libdaisy.a(system.o)
                0x08002700                OTG_HS_EP1_OUT_IRQHandler
 .text.OTG_HS_EP1_IN_IRQHandler
                0x08002724       0x24 ../../DaisyExamples/libDaisy//build/libdaisy.a(system.o)
                0x08002724                OTG_HS_EP1_IN_IRQHandler
 .text.OTG_HS_IRQHandler
                0x08002748       0x24 ../../DaisyExamples/libDaisy//build/libdaisy.a(system.o)
                0x08002748                OTG_HS_IRQHandler
 .text.HardFault_Handler
                0x0800276c       0xe0 ../../DaisyExamples/libDaisy//build/libdaisy.a(system.o)
                0x0800276c                HardFault_Handler
 .text._ZN5daisy6System5DelayEm
                0x0800284c        0x4 ../../DaisyExamples/libDaisy//build/libdaisy.a(system.o)
                0x0800284c                daisy::System::Delay(unsigned long)
 .text._ZN5daisy6System15ConfigureClocksEv
                0x08002850      0x188 ../../DaisyExamples/libDaisy//build/libdaisy.a(system.o)
                0x08002850                daisy::System::ConfigureClocks()
 .text._ZN5daisy6System4InitERKNS0_6ConfigE
                0x080029d8      0x13c ../../DaisyExamples/libDaisy//build/libdaisy.a(system.o)
                0x080029d8                daisy::System::Init(daisy::System::Config const&)
 .text._ZN5daisy6System12GetPClk1FreqEv
                0x08002b14        0x4 ../../DaisyExamples/libDaisy//build/libdaisy.a(system.o)
                0x08002b14                daisy::System::GetPClk1Freq()
 .text._ZN5daisy6System22GetProgramMemoryRegionEv
                0x08002b18       0x78 ../../DaisyExamples/libDaisy//build/libdaisy.a(system.o)
                0x08002b18                daisy::System::GetProgramMemoryRegion()
 .text.startup._GLOBAL__sub_I_SysTick_Handler
                0x08002b90       0x1c ../../DaisyExamples/libDaisy//build/libdaisy.a(system.o)
 .text.SystemInit
                0x08002bac       0x98 ../../DaisyExamples/libDaisy//build/libdaisy.a(system_stm32h7xx.o)
                0x08002bac                SystemInit
 .text.dummy_rx_callback
                0x08002c44        0x4 ../../DaisyExamples/libDaisy//build/libdaisy.a(usbd_cdc_if.o)
                0x08002c44                dummy_rx_callback
 .text.CDC_DeInit_FS
                0x08002c48        0x4 ../../DaisyExamples/libDaisy//build/libdaisy.a(usbd_cdc_if.o)
 .text.CDC_Receive_FS
                0x08002c4c       0x2c ../../DaisyExamples/libDaisy//build/libdaisy.a(usbd_cdc_if.o)
 .text.CDC_Receive_HS
                0x08002c78       0x2c ../../DaisyExamples/libDaisy//build/libdaisy.a(usbd_cdc_if.o)
 .text.CDC_Init_FS
                0x08002ca4       0x3c ../../DaisyExamples/libDaisy//build/libdaisy.a(usbd_cdc_if.o)
 .text.CDC_Init_HS
                0x08002ce0       0x3c ../../DaisyExamples/libDaisy//build/libdaisy.a(usbd_cdc_if.o)
 .text.CDC_Control_FS
                0x08002d1c       0x38 ../../DaisyExamples/libDaisy//build/libdaisy.a(usbd_cdc_if.o)
 .text.CDC_Control_HS
                0x08002d54       0x38 ../../DaisyExamples/libDaisy//build/libdaisy.a(usbd_cdc_if.o)
 .text.CDC_DeInit_HS
                0x08002d8c        0x4 ../../DaisyExamples/libDaisy//build/libdaisy.a(usbd_cdc_if.o)
 .text.CDC_Transmit_FS
                0x08002d90       0x2c ../../DaisyExamples/libDaisy//build/libdaisy.a(usbd_cdc_if.o)
                0x08002d90                CDC_Transmit_FS
 .text.HAL_PCD_MspInit
                0x08002dbc      0x144 ../../DaisyExamples/libDaisy//build/libdaisy.a(usbd_conf.o)
                0x08002dbc                HAL_PCD_MspInit
 .text.HAL_PCD_SetupStageCallback
                0x08002f00        0xc ../../DaisyExamples/libDaisy//build/libdaisy.a(usbd_conf.o)
                0x08002f00                HAL_PCD_SetupStageCallback
 .text.HAL_PCD_DataOutStageCallback
                0x08002f0c       0x14 ../../DaisyExamples/libDaisy//build/libdaisy.a(usbd_conf.o)
                0x08002f0c                HAL_PCD_DataOutStageCallback
 .text.HAL_PCD_DataInStageCallback
                0x08002f20       0x14 ../../DaisyExamples/libDaisy//build/libdaisy.a(usbd_conf.o)
                0x08002f20                HAL_PCD_DataInStageCallback
 .text.HAL_PCD_SOFCallback
                0x08002f34        0x8 ../../DaisyExamples/libDaisy//build/libdaisy.a(usbd_conf.o)
                0x08002f34                HAL_PCD_SOFCallback
 .text.HAL_PCD_ResetCallback
                0x08002f3c       0x24 ../../DaisyExamples/libDaisy//build/libdaisy.a(usbd_conf.o)
                0x08002f3c                HAL_PCD_ResetCallback
 .text.HAL_PCD_SuspendCallback
                0x08002f60       0x30 ../../DaisyExamples/libDaisy//build/libdaisy.a(usbd_conf.o)
                0x08002f60                HAL_PCD_SuspendCallback
 .text.HAL_PCD_ResumeCallback
                0x08002f90        0x8 ../../DaisyExamples/libDaisy//build/libdaisy.a(usbd_conf.o)
                0x08002f90                HAL_PCD_ResumeCallback
 .text.HAL_PCD_ISOOUTIncompleteCallback
                0x08002f98        0x8 ../../DaisyExamples/libDaisy//build/libdaisy.a(usbd_conf.o)
                0x08002f98                HAL_PCD_ISOOUTIncompleteCallback
 .text.HAL_PCD_ISOINIncompleteCallback
                0x08002fa0        0x8 ../../DaisyExamples/libDaisy//build/libdaisy.a(usbd_conf.o)
                0x08002fa0                HAL_PCD_ISOINIncompleteCallback
 .text.HAL_PCD_ConnectCallback
                0x08002fa8        0x8 ../../DaisyExamples/libDaisy//build/libdaisy.a(usbd_conf.o)
                0x08002fa8                HAL_PCD_ConnectCallback
 .text.HAL_PCD_DisconnectCallback
                0x08002fb0        0x8 ../../DaisyExamples/libDaisy//build/libdaisy.a(usbd_conf.o)
                0x08002fb0                HAL_PCD_DisconnectCallback
 .text.USBD_LL_Init
                0x08002fb8       0xd0 ../../DaisyExamples/libDaisy//build/libdaisy.a(usbd_conf.o)
                0x08002fb8                USBD_LL_Init
 .text.USBD_LL_Start
                0x08003088       0x18 ../../DaisyExamples/libDaisy//build/libdaisy.a(usbd_conf.o)
                0x08003088                USBD_LL_Start
 .text.USBD_LL_OpenEP
                0x080030a0       0x1c ../../DaisyExamples/libDaisy//build/libdaisy.a(usbd_conf.o)
                0x080030a0                USBD_LL_OpenEP
 .text.USBD_LL_CloseEP
                0x080030bc       0x18 ../../DaisyExamples/libDaisy//build/libdaisy.a(usbd_conf.o)
                0x080030bc                USBD_LL_CloseEP
 .text.USBD_LL_StallEP
                0x080030d4       0x18 ../../DaisyExamples/libDaisy//build/libdaisy.a(usbd_conf.o)
                0x080030d4                USBD_LL_StallEP
 .text.USBD_LL_ClearStallEP
                0x080030ec       0x18 ../../DaisyExamples/libDaisy//build/libdaisy.a(usbd_conf.o)
                0x080030ec                USBD_LL_ClearStallEP
 .text.USBD_LL_IsStallEP
                0x08003104       0x28 ../../DaisyExamples/libDaisy//build/libdaisy.a(usbd_conf.o)
                0x08003104                USBD_LL_IsStallEP
 .text.USBD_LL_SetUSBAddress
                0x0800312c       0x18 ../../DaisyExamples/libDaisy//build/libdaisy.a(usbd_conf.o)
                0x0800312c                USBD_LL_SetUSBAddress
 .text.USBD_LL_Transmit
                0x08003144       0x18 ../../DaisyExamples/libDaisy//build/libdaisy.a(usbd_conf.o)
                0x08003144                USBD_LL_Transmit
 .text.USBD_LL_PrepareReceive
                0x0800315c       0x18 ../../DaisyExamples/libDaisy//build/libdaisy.a(usbd_conf.o)
                0x0800315c                USBD_LL_PrepareReceive
 .text.USBD_LL_GetRxDataSize
                0x08003174        0x8 ../../DaisyExamples/libDaisy//build/libdaisy.a(usbd_conf.o)
                0x08003174                USBD_LL_GetRxDataSize
 .text.USBD_HS_DeviceDescriptor
                0x0800317c        0xc ../../DaisyExamples/libDaisy//build/libdaisy.a(usbd_desc.o)
                0x0800317c                USBD_HS_DeviceDescriptor
 .text.USBD_FS_DeviceDescriptor
                0x08003188        0xc ../../DaisyExamples/libDaisy//build/libdaisy.a(usbd_desc.o)
                0x08003188                USBD_FS_DeviceDescriptor
 .text.USBD_FS_LangIDStrDescriptor
                0x08003194        0xc ../../DaisyExamples/libDaisy//build/libdaisy.a(usbd_desc.o)
                0x08003194                USBD_FS_LangIDStrDescriptor
 .text.USBD_FS_ManufacturerStrDescriptor
                0x080031a0       0x1c ../../DaisyExamples/libDaisy//build/libdaisy.a(usbd_desc.o)
                0x080031a0                USBD_FS_ManufacturerStrDescriptor
 .text.USBD_HS_ProductStrDescriptor
                0x080031bc       0x1c ../../DaisyExamples/libDaisy//build/libdaisy.a(usbd_desc.o)
                0x080031bc                USBD_HS_ProductStrDescriptor
 .text.USBD_FS_ConfigStrDescriptor
                0x080031d8       0x1c ../../DaisyExamples/libDaisy//build/libdaisy.a(usbd_desc.o)
                0x080031d8                USBD_FS_ConfigStrDescriptor
 .text.USBD_FS_InterfaceStrDescriptor
                0x080031f4       0x1c ../../DaisyExamples/libDaisy//build/libdaisy.a(usbd_desc.o)
                0x080031f4                USBD_FS_InterfaceStrDescriptor
 .text.USBD_FS_ProductStrDescriptor
                0x08003210       0x1c ../../DaisyExamples/libDaisy//build/libdaisy.a(usbd_desc.o)
                0x08003210                USBD_FS_ProductStrDescriptor
 .text.USBD_HS_LangIDStrDescriptor
                0x0800322c        0xc ../../DaisyExamples/libDaisy//build/libdaisy.a(usbd_desc.o)
                0x0800322c                USBD_HS_LangIDStrDescriptor
 .text.USBD_HS_ManufacturerStrDescriptor
                0x08003238       0x1c ../../DaisyExamples/libDaisy//build/libdaisy.a(usbd_desc.o)
                0x08003238                USBD_HS_ManufacturerStrDescriptor
 .text.USBD_FS_SerialStrDescriptor
                0x08003254      0x154 ../../DaisyExamples/libDaisy//build/libdaisy.a(usbd_desc.o)
                0x08003254                USBD_FS_SerialStrDescriptor
 .text.USBD_HS_SerialStrDescriptor
                0x080033a8      0x154 ../../DaisyExamples/libDaisy//build/libdaisy.a(usbd_desc.o)
                0x080033a8                USBD_HS_SerialStrDescriptor
 .text.USBD_HS_InterfaceStrDescriptor
                0x080034fc       0x1c ../../DaisyExamples/libDaisy//build/libdaisy.a(usbd_desc.o)
                0x080034fc                USBD_HS_InterfaceStrDescriptor
 .text.USBD_HS_ConfigStrDescriptor
                0x08003518       0x1c ../../DaisyExamples/libDaisy//build/libdaisy.a(usbd_desc.o)
                0x08003518                USBD_HS_ConfigStrDescriptor
 .text.HAL_HCD_SOF_Callback
                0x08003534        0x8 ../../DaisyExamples/libDaisy//build/libdaisy.a(usbh_conf.o)
                0x08003534                HAL_HCD_SOF_Callback
 .text.HAL_HCD_Connect_Callback
                0x0800353c        0x8 ../../DaisyExamples/libDaisy//build/libdaisy.a(usbh_conf.o)
                0x0800353c                HAL_HCD_Connect_Callback
 .text.HAL_HCD_Disconnect_Callback
                0x08003544        0x8 ../../DaisyExamples/libDaisy//build/libdaisy.a(usbh_conf.o)
                0x08003544                HAL_HCD_Disconnect_Callback
 .text.HAL_HCD_HC_NotifyURBChange_Callback
                0x0800354c        0x4 ../../DaisyExamples/libDaisy//build/libdaisy.a(usbh_conf.o)
                0x0800354c                HAL_HCD_HC_NotifyURBChange_Callback
 .text.HAL_HCD_PortEnabled_Callback
                0x08003550        0x8 ../../DaisyExamples/libDaisy//build/libdaisy.a(usbh_conf.o)
                0x08003550                HAL_HCD_PortEnabled_Callback
 .text.HAL_HCD_PortDisabled_Callback
                0x08003558        0x8 ../../DaisyExamples/libDaisy//build/libdaisy.a(usbh_conf.o)
                0x08003558                HAL_HCD_PortDisabled_Callback
 .text.USBH_LL_Stop
                0x08003560       0x18 ../../DaisyExamples/libDaisy//build/libdaisy.a(usbh_conf.o)
                0x08003560                USBH_LL_Stop
 .text.dsy_hal_map_get_port
                0x08003578       0x10 ../../DaisyExamples/libDaisy//build/libdaisy.a(hal_map.o)
                0x08003578                dsy_hal_map_get_port
 .text.dsy_hal_map_get_pin
                0x08003588       0x10 ../../DaisyExamples/libDaisy//build/libdaisy.a(hal_map.o)
                0x08003588                dsy_hal_map_get_pin
 .text.dsy_hal_map_gpio_clk_enable
                0x08003598      0x150 ../../DaisyExamples/libDaisy//build/libdaisy.a(hal_map.o)
                0x08003598                dsy_hal_map_gpio_clk_enable
 .text.HAL_MspInit
                0x080036e8        0x4 ../../DaisyExamples/libDaisy//build/libdaisy.a(stm32h7xx_hal.o)
                0x080036e8                HAL_MspInit
 .text.HAL_InitTick
                0x080036ec       0x4c ../../DaisyExamples/libDaisy//build/libdaisy.a(stm32h7xx_hal.o)
                0x080036ec                HAL_InitTick
 .text.HAL_Init
                0x08003738       0x60 ../../DaisyExamples/libDaisy//build/libdaisy.a(stm32h7xx_hal.o)
                0x08003738                HAL_Init
 .text.HAL_IncTick
                0x08003798       0x18 ../../DaisyExamples/libDaisy//build/libdaisy.a(stm32h7xx_hal.o)
                0x08003798                HAL_IncTick
 .text.HAL_GetTick
                0x080037b0        0xc ../../DaisyExamples/libDaisy//build/libdaisy.a(stm32h7xx_hal.o)
                0x080037b0                HAL_GetTick
 .text.HAL_Delay
                0x080037bc       0x24 ../../DaisyExamples/libDaisy//build/libdaisy.a(stm32h7xx_hal.o)
                0x080037bc                HAL_Delay
 .text.HAL_GetREVID
                0x080037e0        0xc ../../DaisyExamples/libDaisy//build/libdaisy.a(stm32h7xx_hal.o)
                0x080037e0                HAL_GetREVID
 .text.HAL_ADC_ConvHalfCpltCallback
                0x080037ec        0x4 ../../DaisyExamples/libDaisy//build/libdaisy.a(stm32h7xx_hal_adc.o)
                0x080037ec                HAL_ADC_ConvHalfCpltCallback
 .text.ADC_DMAHalfConvCplt
                0x080037f0        0xc ../../DaisyExamples/libDaisy//build/libdaisy.a(stm32h7xx_hal_adc.o)
                0x080037f0                ADC_DMAHalfConvCplt
 .text.ADC_DMAConvCplt
                0x080037fc       0x6c ../../DaisyExamples/libDaisy//build/libdaisy.a(stm32h7xx_hal_adc.o)
                0x080037fc                ADC_DMAConvCplt
 .text.ADC_DMAError
                0x08003868       0x1c ../../DaisyExamples/libDaisy//build/libdaisy.a(stm32h7xx_hal_adc.o)
                0x08003868                ADC_DMAError
 .text.HAL_ADC_ConfigChannel
                0x08003884      0x390 ../../DaisyExamples/libDaisy//build/libdaisy.a(stm32h7xx_hal_adc.o)
                0x08003884                HAL_ADC_ConfigChannel
 .text.ADC_Enable
                0x08003c14       0xb0 ../../DaisyExamples/libDaisy//build/libdaisy.a(stm32h7xx_hal_adc.o)
                0x08003c14                ADC_Enable
 .text.HAL_ADC_Start_DMA
                0x08003cc4      0x108 ../../DaisyExamples/libDaisy//build/libdaisy.a(stm32h7xx_hal_adc.o)
                0x08003cc4                HAL_ADC_Start_DMA
 .text.ADC_Disable
                0x08003dcc       0x64 ../../DaisyExamples/libDaisy//build/libdaisy.a(stm32h7xx_hal_adc.o)
                0x08003dcc                ADC_Disable
 .text.ADC_ConfigureBoostMode
                0x08003e30      0x17c ../../DaisyExamples/libDaisy//build/libdaisy.a(stm32h7xx_hal_adc.o)
                0x08003e30                ADC_ConfigureBoostMode
 .text.HAL_ADC_Init
                0x08003fac      0x214 ../../DaisyExamples/libDaisy//build/libdaisy.a(stm32h7xx_hal_adc.o)
                0x08003fac                HAL_ADC_Init
 .text.HAL_ADCEx_Calibration_Start
                0x080041c0       0xa4 ../../DaisyExamples/libDaisy//build/libdaisy.a(stm32h7xx_hal_adc_ex.o)
                0x080041c0                HAL_ADCEx_Calibration_Start
 .text.HAL_ADCEx_MultiModeConfigChannel
                0x08004264       0xb4 ../../DaisyExamples/libDaisy//build/libdaisy.a(stm32h7xx_hal_adc_ex.o)
                0x08004264                HAL_ADCEx_MultiModeConfigChannel
 .text.HAL_NVIC_SetPriorityGrouping
                0x08004318       0x24 ../../DaisyExamples/libDaisy//build/libdaisy.a(stm32h7xx_hal_cortex.o)
                0x08004318                HAL_NVIC_SetPriorityGrouping
 .text.HAL_NVIC_SetPriority
                0x0800433c       0x78 ../../DaisyExamples/libDaisy//build/libdaisy.a(stm32h7xx_hal_cortex.o)
                0x0800433c                HAL_NVIC_SetPriority
 .text.HAL_NVIC_EnableIRQ
                0x080043b4       0x1c ../../DaisyExamples/libDaisy//build/libdaisy.a(stm32h7xx_hal_cortex.o)
                0x080043b4                HAL_NVIC_EnableIRQ
 .text.HAL_NVIC_DisableIRQ
                0x080043d0       0x24 ../../DaisyExamples/libDaisy//build/libdaisy.a(stm32h7xx_hal_cortex.o)
                0x080043d0                HAL_NVIC_DisableIRQ
 .text.HAL_SYSTICK_Config
                0x080043f4       0x2c ../../DaisyExamples/libDaisy//build/libdaisy.a(stm32h7xx_hal_cortex.o)
                0x080043f4                HAL_SYSTICK_Config
 .text.HAL_MPU_Disable
                0x08004420       0x1c ../../DaisyExamples/libDaisy//build/libdaisy.a(stm32h7xx_hal_cortex.o)
                0x08004420                HAL_MPU_Disable
 .text.HAL_MPU_Enable
                0x0800443c       0x20 ../../DaisyExamples/libDaisy//build/libdaisy.a(stm32h7xx_hal_cortex.o)
                0x0800443c                HAL_MPU_Enable
 .text.HAL_MPU_ConfigRegion
                0x0800445c       0x64 ../../DaisyExamples/libDaisy//build/libdaisy.a(stm32h7xx_hal_cortex.o)
                0x0800445c                HAL_MPU_ConfigRegion
 .text.HAL_SYSTICK_Callback
                0x080044c0        0x4 ../../DaisyExamples/libDaisy//build/libdaisy.a(stm32h7xx_hal_cortex.o)
                0x080044c0                HAL_SYSTICK_Callback
 .text.HAL_SYSTICK_IRQHandler
                0x080044c4        0x8 ../../DaisyExamples/libDaisy//build/libdaisy.a(stm32h7xx_hal_cortex.o)
                0x080044c4                HAL_SYSTICK_IRQHandler
 .text.DMA_CalcBaseAndBitshift
                0x080044cc      0x100 ../../DaisyExamples/libDaisy//build/libdaisy.a(stm32h7xx_hal_dma.o)
 .text.DMA_CalcDMAMUXChannelBaseAndMask
                0x080045cc       0xd4 ../../DaisyExamples/libDaisy//build/libdaisy.a(stm32h7xx_hal_dma.o)
 .text.HAL_DMA_Init
                0x080046a0      0x368 ../../DaisyExamples/libDaisy//build/libdaisy.a(stm32h7xx_hal_dma.o)
                0x080046a0                HAL_DMA_Init
 .text.HAL_DMA_Start_IT
                0x08004a08      0x288 ../../DaisyExamples/libDaisy//build/libdaisy.a(stm32h7xx_hal_dma.o)
                0x08004a08                HAL_DMA_Start_IT
 .text.HAL_DMA_Abort_IT
                0x08004c90      0x134 ../../DaisyExamples/libDaisy//build/libdaisy.a(stm32h7xx_hal_dma.o)
                0x08004c90                HAL_DMA_Abort_IT
 .text.HAL_DMA_IRQHandler
                0x08004dc4      0x424 ../../DaisyExamples/libDaisy//build/libdaisy.a(stm32h7xx_hal_dma.o)
                0x08004dc4                HAL_DMA_IRQHandler
 .text.HAL_DMA_GetError
                0x080051e8        0x4 ../../DaisyExamples/libDaisy//build/libdaisy.a(stm32h7xx_hal_dma.o)
                0x080051e8                HAL_DMA_GetError
 .text.HAL_GPIO_Init
                0x080051ec      0x41c ../../DaisyExamples/libDaisy//build/libdaisy.a(stm32h7xx_hal_gpio.o)
                0x080051ec                HAL_GPIO_Init
 .text.HAL_GPIO_DeInit
                0x08005608      0x258 ../../DaisyExamples/libDaisy//build/libdaisy.a(stm32h7xx_hal_gpio.o)
                0x08005608                HAL_GPIO_DeInit
 .text.HAL_GPIO_ReadPin
                0x08005860        0xc ../../DaisyExamples/libDaisy//build/libdaisy.a(stm32h7xx_hal_gpio.o)
                0x08005860                HAL_GPIO_ReadPin
 .text.HAL_GPIO_WritePin
                0x0800586c        0x8 ../../DaisyExamples/libDaisy//build/libdaisy.a(stm32h7xx_hal_gpio.o)
                0x0800586c                HAL_GPIO_WritePin
 .text.HAL_HCD_IRQHandler
                0x08005874      0x764 ../../DaisyExamples/libDaisy//build/libdaisy.a(stm32h7xx_hal_hcd.o)
                0x08005874                HAL_HCD_IRQHandler
 .text.HAL_HCD_Stop
                0x08005fd8       0x28 ../../DaisyExamples/libDaisy//build/libdaisy.a(stm32h7xx_hal_hcd.o)
                0x08005fd8                HAL_HCD_Stop
 .text.I2C_WaitOnTXISFlagUntilTimeout
                0x08006000       0xbc ../../DaisyExamples/libDaisy//build/libdaisy.a(stm32h7xx_hal_i2c.o)
 .text.I2C_WaitOnSTOPFlagUntilTimeout
                0x080060bc       0xa8 ../../DaisyExamples/libDaisy//build/libdaisy.a(stm32h7xx_hal_i2c.o)
 .text.HAL_I2C_Init
                0x08006164       0xac ../../DaisyExamples/libDaisy//build/libdaisy.a(stm32h7xx_hal_i2c.o)
                0x08006164                HAL_I2C_Init
 .text.HAL_I2C_Master_Transmit
                0x08006210      0x198 ../../DaisyExamples/libDaisy//build/libdaisy.a(stm32h7xx_hal_i2c.o)
                0x08006210                HAL_I2C_Master_Transmit
 .text.HAL_I2C_Slave_Transmit
                0x080063a8      0x1cc ../../DaisyExamples/libDaisy//build/libdaisy.a(stm32h7xx_hal_i2c.o)
                0x080063a8                HAL_I2C_Slave_Transmit
 .text.HAL_I2C_EV_IRQHandler
                0x08006574       0x10 ../../DaisyExamples/libDaisy//build/libdaisy.a(stm32h7xx_hal_i2c.o)
                0x08006574                HAL_I2C_EV_IRQHandler
 .text.HAL_I2C_GetState
                0x08006584        0x8 ../../DaisyExamples/libDaisy//build/libdaisy.a(stm32h7xx_hal_i2c.o)
                0x08006584                HAL_I2C_GetState
 .text.HAL_I2CEx_ConfigAnalogFilter
                0x0800658c       0x54 ../../DaisyExamples/libDaisy//build/libdaisy.a(stm32h7xx_hal_i2c_ex.o)
                0x0800658c                HAL_I2CEx_ConfigAnalogFilter
 .text.HAL_I2CEx_ConfigDigitalFilter
                0x080065e0       0x58 ../../DaisyExamples/libDaisy//build/libdaisy.a(stm32h7xx_hal_i2c_ex.o)
                0x080065e0                HAL_I2CEx_ConfigDigitalFilter
 .text.HAL_PCD_Init
                0x08006638      0x120 ../../DaisyExamples/libDaisy//build/libdaisy.a(stm32h7xx_hal_pcd.o)
                0x08006638                HAL_PCD_Init
 .text.HAL_PCD_Start
                0x08006758       0x44 ../../DaisyExamples/libDaisy//build/libdaisy.a(stm32h7xx_hal_pcd.o)
                0x08006758                HAL_PCD_Start
 .text.HAL_PCD_IRQHandler
                0x0800679c      0x6c4 ../../DaisyExamples/libDaisy//build/libdaisy.a(stm32h7xx_hal_pcd.o)
                0x0800679c                HAL_PCD_IRQHandler
 .text.HAL_PCD_SetAddress
                0x08006e60       0x2c ../../DaisyExamples/libDaisy//build/libdaisy.a(stm32h7xx_hal_pcd.o)
                0x08006e60                HAL_PCD_SetAddress
 .text.HAL_PCD_EP_Open
                0x08006e8c       0x7c ../../DaisyExamples/libDaisy//build/libdaisy.a(stm32h7xx_hal_pcd.o)
                0x08006e8c                HAL_PCD_EP_Open
 .text.HAL_PCD_EP_Close
                0x08006f08       0x70 ../../DaisyExamples/libDaisy//build/libdaisy.a(stm32h7xx_hal_pcd.o)
                0x08006f08                HAL_PCD_EP_Close
 .text.HAL_PCD_EP_Receive
                0x08006f78       0x50 ../../DaisyExamples/libDaisy//build/libdaisy.a(stm32h7xx_hal_pcd.o)
                0x08006f78                HAL_PCD_EP_Receive
 .text.HAL_PCD_EP_GetRxCount
                0x08006fc8       0x14 ../../DaisyExamples/libDaisy//build/libdaisy.a(stm32h7xx_hal_pcd.o)
                0x08006fc8                HAL_PCD_EP_GetRxCount
 .text.HAL_PCD_EP_Transmit
                0x08006fdc       0x50 ../../DaisyExamples/libDaisy//build/libdaisy.a(stm32h7xx_hal_pcd.o)
                0x08006fdc                HAL_PCD_EP_Transmit
 .text.HAL_PCD_EP_SetStall
                0x0800702c       0x88 ../../DaisyExamples/libDaisy//build/libdaisy.a(stm32h7xx_hal_pcd.o)
                0x0800702c                HAL_PCD_EP_SetStall
 .text.HAL_PCD_EP_ClrStall
                0x080070b4       0x78 ../../DaisyExamples/libDaisy//build/libdaisy.a(stm32h7xx_hal_pcd.o)
                0x080070b4                HAL_PCD_EP_ClrStall
 .text.HAL_PCDEx_SetTxFiFo
                0x0800712c      0x104 ../../DaisyExamples/libDaisy//build/libdaisy.a(stm32h7xx_hal_pcd_ex.o)
                0x0800712c                HAL_PCDEx_SetTxFiFo
 .text.HAL_PCDEx_SetRxFiFo
                0x08007230        0xc ../../DaisyExamples/libDaisy//build/libdaisy.a(stm32h7xx_hal_pcd_ex.o)
                0x08007230                HAL_PCDEx_SetRxFiFo
 .text.HAL_PCDEx_ActivateLPM
                0x0800723c       0x30 ../../DaisyExamples/libDaisy//build/libdaisy.a(stm32h7xx_hal_pcd_ex.o)
                0x0800723c                HAL_PCDEx_ActivateLPM
 .text.HAL_PCDEx_LPM_Callback
                0x0800726c        0x4 ../../DaisyExamples/libDaisy//build/libdaisy.a(stm32h7xx_hal_pcd_ex.o)
                0x0800726c                HAL_PCDEx_LPM_Callback
 .text.HAL_PWREx_ConfigSupply
                0x08007270       0x4c ../../DaisyExamples/libDaisy//build/libdaisy.a(stm32h7xx_hal_pwr_ex.o)
                0x08007270                HAL_PWREx_ConfigSupply
 .text.HAL_PWREx_EnableUSBVoltageDetector
                0x080072bc       0x10 ../../DaisyExamples/libDaisy//build/libdaisy.a(stm32h7xx_hal_pwr_ex.o)
                0x080072bc                HAL_PWREx_EnableUSBVoltageDetector
 .text.QSPI_Config
                0x080072cc      0x188 ../../DaisyExamples/libDaisy//build/libdaisy.a(stm32h7xx_hal_qspi.o)
 .text.HAL_QSPI_Init
                0x08007454       0xdc ../../DaisyExamples/libDaisy//build/libdaisy.a(stm32h7xx_hal_qspi.o)
                0x08007454                HAL_QSPI_Init
 .text.HAL_QSPI_DeInit
                0x08007530       0x3c ../../DaisyExamples/libDaisy//build/libdaisy.a(stm32h7xx_hal_qspi.o)
                0x08007530                HAL_QSPI_DeInit
 .text.HAL_QSPI_Command
                0x0800756c       0xdc ../../DaisyExamples/libDaisy//build/libdaisy.a(stm32h7xx_hal_qspi.o)
                0x0800756c                HAL_QSPI_Command
 .text.HAL_QSPI_Transmit
                0x08007648      0x11c ../../DaisyExamples/libDaisy//build/libdaisy.a(stm32h7xx_hal_qspi.o)
                0x08007648                HAL_QSPI_Transmit
 .text.HAL_QSPI_Receive
                0x08007764      0x128 ../../DaisyExamples/libDaisy//build/libdaisy.a(stm32h7xx_hal_qspi.o)
                0x08007764                HAL_QSPI_Receive
 .text.HAL_QSPI_AutoPolling
                0x0800788c      0x11c ../../DaisyExamples/libDaisy//build/libdaisy.a(stm32h7xx_hal_qspi.o)
                0x0800788c                HAL_QSPI_AutoPolling
 .text.HAL_QSPI_MemoryMapped
                0x080079a8       0xc4 ../../DaisyExamples/libDaisy//build/libdaisy.a(stm32h7xx_hal_qspi.o)
                0x080079a8                HAL_QSPI_MemoryMapped
 .text.HAL_QSPI_ErrorCallback
                0x08007a6c        0x4 ../../DaisyExamples/libDaisy//build/libdaisy.a(stm32h7xx_hal_qspi.o)
                0x08007a6c                HAL_QSPI_ErrorCallback
 .text.QSPI_DMAAbortCplt
                0x08007a70       0x38 ../../DaisyExamples/libDaisy//build/libdaisy.a(stm32h7xx_hal_qspi.o)
 .text.HAL_QSPI_AbortCpltCallback
                0x08007aa8        0x4 ../../DaisyExamples/libDaisy//build/libdaisy.a(stm32h7xx_hal_qspi.o)
                0x08007aa8                HAL_QSPI_AbortCpltCallback
 .text.HAL_QSPI_CmdCpltCallback
                0x08007aac        0x4 ../../DaisyExamples/libDaisy//build/libdaisy.a(stm32h7xx_hal_qspi.o)
                0x08007aac                HAL_QSPI_CmdCpltCallback
 .text.HAL_QSPI_RxCpltCallback
                0x08007ab0        0x4 ../../DaisyExamples/libDaisy//build/libdaisy.a(stm32h7xx_hal_qspi.o)
                0x08007ab0                HAL_QSPI_RxCpltCallback
 .text.HAL_QSPI_TxCpltCallback
                0x08007ab4        0x4 ../../DaisyExamples/libDaisy//build/libdaisy.a(stm32h7xx_hal_qspi.o)
                0x08007ab4                HAL_QSPI_TxCpltCallback
 .text.HAL_QSPI_FifoThresholdCallback
                0x08007ab8        0x4 ../../DaisyExamples/libDaisy//build/libdaisy.a(stm32h7xx_hal_qspi.o)
                0x08007ab8                HAL_QSPI_FifoThresholdCallback
 .text.HAL_QSPI_StatusMatchCallback
                0x08007abc        0x4 ../../DaisyExamples/libDaisy//build/libdaisy.a(stm32h7xx_hal_qspi.o)
                0x08007abc                HAL_QSPI_StatusMatchCallback
 .text.HAL_QSPI_TimeOutCallback
                0x08007ac0        0x4 ../../DaisyExamples/libDaisy//build/libdaisy.a(stm32h7xx_hal_qspi.o)
                0x08007ac0                HAL_QSPI_TimeOutCallback
 .text.HAL_QSPI_IRQHandler
                0x08007ac4      0x210 ../../DaisyExamples/libDaisy//build/libdaisy.a(stm32h7xx_hal_qspi.o)
                0x08007ac4                HAL_QSPI_IRQHandler
 .text.HAL_RCC_OscConfig
                0x08007cd4      0x518 ../../DaisyExamples/libDaisy//build/libdaisy.a(stm32h7xx_hal_rcc.o)
                0x08007cd4                HAL_RCC_OscConfig
 .text.HAL_RCC_GetSysClockFreq
                0x080081ec      0x11c ../../DaisyExamples/libDaisy//build/libdaisy.a(stm32h7xx_hal_rcc.o)
                0x080081ec                HAL_RCC_GetSysClockFreq
 .text.HAL_RCC_ClockConfig
                0x08008308      0x238 ../../DaisyExamples/libDaisy//build/libdaisy.a(stm32h7xx_hal_rcc.o)
                0x08008308                HAL_RCC_ClockConfig
 .text.HAL_RCC_GetHCLKFreq
                0x08008540       0x2c ../../DaisyExamples/libDaisy//build/libdaisy.a(stm32h7xx_hal_rcc.o)
                0x08008540                HAL_RCC_GetHCLKFreq
 .text.HAL_RCC_GetPCLK1Freq
                0x0800856c       0x38 ../../DaisyExamples/libDaisy//build/libdaisy.a(stm32h7xx_hal_rcc.o)
                0x0800856c                HAL_RCC_GetPCLK1Freq
 .text.HAL_RCC_GetPCLK2Freq
                0x080085a4       0x38 ../../DaisyExamples/libDaisy//build/libdaisy.a(stm32h7xx_hal_rcc.o)
                0x080085a4                HAL_RCC_GetPCLK2Freq
 .text.RCCEx_PLL2_Config.part.0
                0x080085dc       0xe0 ../../DaisyExamples/libDaisy//build/libdaisy.a(stm32h7xx_hal_rcc_ex.o)
 .text.RCCEx_PLL3_Config.part.0
                0x080086bc       0xe0 ../../DaisyExamples/libDaisy//build/libdaisy.a(stm32h7xx_hal_rcc_ex.o)
 .text.HAL_RCCEx_PeriphCLKConfig
                0x0800879c      0xcc4 ../../DaisyExamples/libDaisy//build/libdaisy.a(stm32h7xx_hal_rcc_ex.o)
                0x0800879c                HAL_RCCEx_PeriphCLKConfig
 .text.HAL_RCCEx_GetD3PCLK1Freq
                0x08009460       0x24 ../../DaisyExamples/libDaisy//build/libdaisy.a(stm32h7xx_hal_rcc_ex.o)
                0x08009460                HAL_RCCEx_GetD3PCLK1Freq
 .text.HAL_RCCEx_GetPLL2ClockFreq
                0x08009484      0x134 ../../DaisyExamples/libDaisy//build/libdaisy.a(stm32h7xx_hal_rcc_ex.o)
                0x08009484                HAL_RCCEx_GetPLL2ClockFreq
 .text.HAL_RCCEx_GetPLL3ClockFreq
                0x080095b8      0x134 ../../DaisyExamples/libDaisy//build/libdaisy.a(stm32h7xx_hal_rcc_ex.o)
                0x080095b8                HAL_RCCEx_GetPLL3ClockFreq
 .text.HAL_RCCEx_GetPLL1ClockFreq
                0x080096ec      0x134 ../../DaisyExamples/libDaisy//build/libdaisy.a(stm32h7xx_hal_rcc_ex.o)
                0x080096ec                HAL_RCCEx_GetPLL1ClockFreq
 .text.HAL_RCCEx_GetPeriphCLKFreq
                0x08009820      0x150 ../../DaisyExamples/libDaisy//build/libdaisy.a(stm32h7xx_hal_rcc_ex.o)
                0x08009820                HAL_RCCEx_GetPeriphCLKFreq
 .text.HAL_RCCEx_GetD1SysClockFreq
                0x08009970       0x2c ../../DaisyExamples/libDaisy//build/libdaisy.a(stm32h7xx_hal_rcc_ex.o)
                0x08009970                HAL_RCCEx_GetD1SysClockFreq
 .text.HAL_SAI_Init
                0x0800999c      0x380 ../../DaisyExamples/libDaisy//build/libdaisy.a(stm32h7xx_hal_sai.o)
                0x0800999c                HAL_SAI_Init
 .text.HAL_SAI_InitProtocol
                0x08009d1c      0x15c ../../DaisyExamples/libDaisy//build/libdaisy.a(stm32h7xx_hal_sai.o)
                0x08009d1c                HAL_SAI_InitProtocol
 .text.HAL_SDRAM_Init
                0x08009e78       0x54 ../../DaisyExamples/libDaisy//build/libdaisy.a(stm32h7xx_hal_sdram.o)
                0x08009e78                HAL_SDRAM_Init
 .text.HAL_SDRAM_SendCommand
                0x08009ecc       0x40 ../../DaisyExamples/libDaisy//build/libdaisy.a(stm32h7xx_hal_sdram.o)
                0x08009ecc                HAL_SDRAM_SendCommand
 .text.HAL_SDRAM_ProgramRefreshRate
                0x08009f0c       0x30 ../../DaisyExamples/libDaisy//build/libdaisy.a(stm32h7xx_hal_sdram.o)
                0x08009f0c                HAL_SDRAM_ProgramRefreshRate
 .text.FMC_SDRAM_Init
                0x08009f3c       0x6c ../../DaisyExamples/libDaisy//build/libdaisy.a(stm32h7xx_ll_fmc.o)
                0x08009f3c                FMC_SDRAM_Init
 .text.FMC_SDRAM_Timing_Init
                0x08009fa8       0x7c ../../DaisyExamples/libDaisy//build/libdaisy.a(stm32h7xx_ll_fmc.o)
                0x08009fa8                FMC_SDRAM_Timing_Init
 .text.FMC_SDRAM_SendCommand
                0x0800a024       0x28 ../../DaisyExamples/libDaisy//build/libdaisy.a(stm32h7xx_ll_fmc.o)
                0x0800a024                FMC_SDRAM_SendCommand
 .text.FMC_SDRAM_ProgramRefreshRate
                0x0800a04c       0x14 ../../DaisyExamples/libDaisy//build/libdaisy.a(stm32h7xx_ll_fmc.o)
                0x0800a04c                FMC_SDRAM_ProgramRefreshRate
 .text.USB_CoreInit
                0x0800a060      0x124 ../../DaisyExamples/libDaisy//build/libdaisy.a(stm32h7xx_ll_usb.o)
                0x0800a060                USB_CoreInit
 .text.USB_SetTurnaroundTime
                0x0800a184      0x104 ../../DaisyExamples/libDaisy//build/libdaisy.a(stm32h7xx_ll_usb.o)
                0x0800a184                USB_SetTurnaroundTime
 .text.USB_EnableGlobalInt
                0x0800a288       0x10 ../../DaisyExamples/libDaisy//build/libdaisy.a(stm32h7xx_ll_usb.o)
                0x0800a288                USB_EnableGlobalInt
 .text.USB_DisableGlobalInt
                0x0800a298       0x10 ../../DaisyExamples/libDaisy//build/libdaisy.a(stm32h7xx_ll_usb.o)
                0x0800a298                USB_DisableGlobalInt
 .text.USB_SetCurrentMode
                0x0800a2a8       0x30 ../../DaisyExamples/libDaisy//build/libdaisy.a(stm32h7xx_ll_usb.o)
                0x0800a2a8                USB_SetCurrentMode
 .text.USB_DevInit
                0x0800a2d8      0x224 ../../DaisyExamples/libDaisy//build/libdaisy.a(stm32h7xx_ll_usb.o)
                0x0800a2d8                USB_DevInit
 .text.USB_FlushTxFifo
                0x0800a4fc       0x34 ../../DaisyExamples/libDaisy//build/libdaisy.a(stm32h7xx_ll_usb.o)
                0x0800a4fc                USB_FlushTxFifo
 .text.USB_GetDevSpeed
                0x0800a530       0x24 ../../DaisyExamples/libDaisy//build/libdaisy.a(stm32h7xx_ll_usb.o)
                0x0800a530                USB_GetDevSpeed
 .text.USB_ActivateEndpoint
                0x0800a554       0x8c ../../DaisyExamples/libDaisy//build/libdaisy.a(stm32h7xx_ll_usb.o)
                0x0800a554                USB_ActivateEndpoint
 .text.USB_DeactivateEndpoint
                0x0800a5e0       0x6c ../../DaisyExamples/libDaisy//build/libdaisy.a(stm32h7xx_ll_usb.o)
                0x0800a5e0                USB_DeactivateEndpoint
 .text.USB_EPStartXfer
                0x0800a64c      0x214 ../../DaisyExamples/libDaisy//build/libdaisy.a(stm32h7xx_ll_usb.o)
                0x0800a64c                USB_EPStartXfer
 .text.USB_EP0StartXfer
                0x0800a860       0xf8 ../../DaisyExamples/libDaisy//build/libdaisy.a(stm32h7xx_ll_usb.o)
                0x0800a860                USB_EP0StartXfer
 .text.USB_WritePacket
                0x0800a958       0x2c ../../DaisyExamples/libDaisy//build/libdaisy.a(stm32h7xx_ll_usb.o)
                0x0800a958                USB_WritePacket
 .text.USB_ReadPacket
                0x0800a984       0x20 ../../DaisyExamples/libDaisy//build/libdaisy.a(stm32h7xx_ll_usb.o)
                0x0800a984                USB_ReadPacket
 .text.USB_EPSetStall
                0x0800a9a4       0x70 ../../DaisyExamples/libDaisy//build/libdaisy.a(stm32h7xx_ll_usb.o)
                0x0800a9a4                USB_EPSetStall
 .text.USB_EPClearStall
                0x0800aa14       0x58 ../../DaisyExamples/libDaisy//build/libdaisy.a(stm32h7xx_ll_usb.o)
                0x0800aa14                USB_EPClearStall
 .text.USB_SetDevAddress
                0x0800aa6c       0x24 ../../DaisyExamples/libDaisy//build/libdaisy.a(stm32h7xx_ll_usb.o)
                0x0800aa6c                USB_SetDevAddress
 .text.USB_DevConnect
                0x0800aa90       0x1c ../../DaisyExamples/libDaisy//build/libdaisy.a(stm32h7xx_ll_usb.o)
                0x0800aa90                USB_DevConnect
 .text.USB_DevDisconnect
                0x0800aaac       0x1c ../../DaisyExamples/libDaisy//build/libdaisy.a(stm32h7xx_ll_usb.o)
                0x0800aaac                USB_DevDisconnect
 .text.USB_ReadInterrupts
                0x0800aac8       0x14 ../../DaisyExamples/libDaisy//build/libdaisy.a(stm32h7xx_ll_usb.o)
                0x0800aac8                USB_ReadInterrupts
 .text.USB_ReadDevAllOutEpInterrupt
                0x0800aadc       0x1c ../../DaisyExamples/libDaisy//build/libdaisy.a(stm32h7xx_ll_usb.o)
                0x0800aadc                USB_ReadDevAllOutEpInterrupt
 .text.USB_ReadDevAllInEpInterrupt
                0x0800aaf8       0x1c ../../DaisyExamples/libDaisy//build/libdaisy.a(stm32h7xx_ll_usb.o)
                0x0800aaf8                USB_ReadDevAllInEpInterrupt
 .text.USB_ReadDevOutEPInterrupt
                0x0800ab14       0x1c ../../DaisyExamples/libDaisy//build/libdaisy.a(stm32h7xx_ll_usb.o)
                0x0800ab14                USB_ReadDevOutEPInterrupt
 .text.USB_ReadDevInEPInterrupt
                0x0800ab30       0x38 ../../DaisyExamples/libDaisy//build/libdaisy.a(stm32h7xx_ll_usb.o)
                0x0800ab30                USB_ReadDevInEPInterrupt
 .text.USB_GetMode
                0x0800ab68        0x8 ../../DaisyExamples/libDaisy//build/libdaisy.a(stm32h7xx_ll_usb.o)
                0x0800ab68                USB_GetMode
 .text.USB_ActivateSetup
                0x0800ab70       0x34 ../../DaisyExamples/libDaisy//build/libdaisy.a(stm32h7xx_ll_usb.o)
                0x0800ab70                USB_ActivateSetup
 .text.USB_EP0_OutStart
                0x0800aba4       0x50 ../../DaisyExamples/libDaisy//build/libdaisy.a(stm32h7xx_ll_usb.o)
                0x0800aba4                USB_EP0_OutStart
 .text.USB_InitFSLSPClkSel
                0x0800abf4       0x44 ../../DaisyExamples/libDaisy//build/libdaisy.a(stm32h7xx_ll_usb.o)
                0x0800abf4                USB_InitFSLSPClkSel
 .text.USB_HC_ReadInterrupt
                0x0800ac38        0x8 ../../DaisyExamples/libDaisy//build/libdaisy.a(stm32h7xx_ll_usb.o)
                0x0800ac38                USB_HC_ReadInterrupt
 .text.USB_HC_Halt
                0x0800ac40       0xc0 ../../DaisyExamples/libDaisy//build/libdaisy.a(stm32h7xx_ll_usb.o)
                0x0800ac40                USB_HC_Halt
 .text.USB_StopHost
                0x0800ad00      0x2ec ../../DaisyExamples/libDaisy//build/libdaisy.a(stm32h7xx_ll_usb.o)
                0x0800ad00                USB_StopHost
 .text.USBD_CDC_EP0_RxReady
                0x0800afec       0x2c ../../DaisyExamples/libDaisy//build/libdaisy.a(usbd_cdc.o)
 .text.USBD_CDC_GetFSCfgDesc
                0x0800b018       0x24 ../../DaisyExamples/libDaisy//build/libdaisy.a(usbd_cdc.o)
 .text.USBD_CDC_GetHSCfgDesc
                0x0800b03c       0x24 ../../DaisyExamples/libDaisy//build/libdaisy.a(usbd_cdc.o)
 .text.USBD_CDC_GetOtherSpeedCfgDesc
                0x0800b060       0x24 ../../DaisyExamples/libDaisy//build/libdaisy.a(usbd_cdc.o)
 .text.USBD_CDC_GetDeviceQualifierDescriptor
                0x0800b084       0x10 ../../DaisyExamples/libDaisy//build/libdaisy.a(usbd_cdc.o)
                0x0800b084                USBD_CDC_GetDeviceQualifierDescriptor
 .text.USBD_CDC_DataOut
                0x0800b094       0x30 ../../DaisyExamples/libDaisy//build/libdaisy.a(usbd_cdc.o)
 .text.USBD_CDC_DataIn
                0x0800b0c4       0x4c ../../DaisyExamples/libDaisy//build/libdaisy.a(usbd_cdc.o)
 .text.USBD_CDC_Setup
                0x0800b110       0xb4 ../../DaisyExamples/libDaisy//build/libdaisy.a(usbd_cdc.o)
 .text.USBD_CDC_DeInit
                0x0800b1c4       0x44 ../../DaisyExamples/libDaisy//build/libdaisy.a(usbd_cdc.o)
 .text.USBD_CDC_Init
                0x0800b208       0xa0 ../../DaisyExamples/libDaisy//build/libdaisy.a(usbd_cdc.o)
 .text.USBD_CDC_RegisterInterface
                0x0800b2a8       0x10 ../../DaisyExamples/libDaisy//build/libdaisy.a(usbd_cdc.o)
                0x0800b2a8                USBD_CDC_RegisterInterface
 .text.USBD_CDC_SetTxBuffer
                0x0800b2b8       0x14 ../../DaisyExamples/libDaisy//build/libdaisy.a(usbd_cdc.o)
                0x0800b2b8                USBD_CDC_SetTxBuffer
 .text.USBD_CDC_SetRxBuffer
                0x0800b2cc       0x10 ../../DaisyExamples/libDaisy//build/libdaisy.a(usbd_cdc.o)
                0x0800b2cc                USBD_CDC_SetRxBuffer
 .text.USBD_CDC_TransmitPacket
                0x0800b2dc       0x34 ../../DaisyExamples/libDaisy//build/libdaisy.a(usbd_cdc.o)
                0x0800b2dc                USBD_CDC_TransmitPacket
 .text.USBD_CDC_ReceivePacket
                0x0800b310       0x30 ../../DaisyExamples/libDaisy//build/libdaisy.a(usbd_cdc.o)
                0x0800b310                USBD_CDC_ReceivePacket
 .text.USBD_Init
                0x0800b340       0x44 ../../DaisyExamples/libDaisy//build/libdaisy.a(usbd_core.o)
                0x0800b340                USBD_Init
 .text.USBD_RegisterClass
                0x0800b384       0x2c ../../DaisyExamples/libDaisy//build/libdaisy.a(usbd_core.o)
                0x0800b384                USBD_RegisterClass
 .text.USBD_Start
                0x0800b3b0        0xc ../../DaisyExamples/libDaisy//build/libdaisy.a(usbd_core.o)
                0x0800b3b0                USBD_Start
 .text.USBD_SetClassConfig
                0x0800b3bc       0x1c ../../DaisyExamples/libDaisy//build/libdaisy.a(usbd_core.o)
                0x0800b3bc                USBD_SetClassConfig
 .text.USBD_ClrClassConfig
                0x0800b3d8       0x10 ../../DaisyExamples/libDaisy//build/libdaisy.a(usbd_core.o)
                0x0800b3d8                USBD_ClrClassConfig
 .text.USBD_LL_SetupStage
                0x0800b3e8       0x5c ../../DaisyExamples/libDaisy//build/libdaisy.a(usbd_core.o)
                0x0800b3e8                USBD_LL_SetupStage
 .text.USBD_LL_DataOutStage
                0x0800b444       0x74 ../../DaisyExamples/libDaisy//build/libdaisy.a(usbd_core.o)
                0x0800b444                USBD_LL_DataOutStage
 .text.USBD_LL_DataInStage
                0x0800b4b8       0xc4 ../../DaisyExamples/libDaisy//build/libdaisy.a(usbd_core.o)
                0x0800b4b8                USBD_LL_DataInStage
 .text.USBD_LL_Reset
                0x0800b57c       0x50 ../../DaisyExamples/libDaisy//build/libdaisy.a(usbd_core.o)
                0x0800b57c                USBD_LL_Reset
 .text.USBD_LL_SetSpeed
                0x0800b5cc        0x8 ../../DaisyExamples/libDaisy//build/libdaisy.a(usbd_core.o)
                0x0800b5cc                USBD_LL_SetSpeed
 .text.USBD_LL_Suspend
                0x0800b5d4       0x14 ../../DaisyExamples/libDaisy//build/libdaisy.a(usbd_core.o)
                0x0800b5d4                USBD_LL_Suspend
 .text.USBD_LL_Resume
                0x0800b5e8       0x10 ../../DaisyExamples/libDaisy//build/libdaisy.a(usbd_core.o)
                0x0800b5e8                USBD_LL_Resume
 .text.USBD_LL_SOF
                0x0800b5f8       0x1c ../../DaisyExamples/libDaisy//build/libdaisy.a(usbd_core.o)
                0x0800b5f8                USBD_LL_SOF
 .text.USBD_LL_IsoINIncomplete
                0x0800b614        0x4 ../../DaisyExamples/libDaisy//build/libdaisy.a(usbd_core.o)
                0x0800b614                USBD_LL_IsoINIncomplete
 .text.USBD_LL_IsoOUTIncomplete
                0x0800b618        0x4 ../../DaisyExamples/libDaisy//build/libdaisy.a(usbd_core.o)
                0x0800b618                USBD_LL_IsoOUTIncomplete
 .text.USBD_LL_DevConnected
                0x0800b61c        0x4 ../../DaisyExamples/libDaisy//build/libdaisy.a(usbd_core.o)
                0x0800b61c                USBD_LL_DevConnected
 .text.USBD_LL_DevDisconnected
                0x0800b620       0x18 ../../DaisyExamples/libDaisy//build/libdaisy.a(usbd_core.o)
                0x0800b620                USBD_LL_DevDisconnected
 .text.USBD_StdDevReq
                0x0800b638      0x300 ../../DaisyExamples/libDaisy//build/libdaisy.a(usbd_ctlreq.o)
                0x0800b638                USBD_StdDevReq
 .text.USBD_StdItfReq
                0x0800b938       0x68 ../../DaisyExamples/libDaisy//build/libdaisy.a(usbd_ctlreq.o)
                0x0800b938                USBD_StdItfReq
 .text.USBD_StdEPReq
                0x0800b9a0      0x134 ../../DaisyExamples/libDaisy//build/libdaisy.a(usbd_ctlreq.o)
                0x0800b9a0                USBD_StdEPReq
 .text.USBD_ParseSetupRequest
                0x0800bad4       0x18 ../../DaisyExamples/libDaisy//build/libdaisy.a(usbd_ctlreq.o)
                0x0800bad4                USBD_ParseSetupRequest
 .text.USBD_CtlError
                0x0800baec       0x18 ../../DaisyExamples/libDaisy//build/libdaisy.a(usbd_ctlreq.o)
                0x0800baec                USBD_CtlError
 .text.USBD_GetString
                0x0800bb04       0x50 ../../DaisyExamples/libDaisy//build/libdaisy.a(usbd_ctlreq.o)
                0x0800bb04                USBD_GetString
 .text.USBD_CtlSendData
                0x0800bb54       0x1c ../../DaisyExamples/libDaisy//build/libdaisy.a(usbd_ioreq.o)
                0x0800bb54                USBD_CtlSendData
 .text.USBD_CtlContinueSendData
                0x0800bb70       0x14 ../../DaisyExamples/libDaisy//build/libdaisy.a(usbd_ioreq.o)
                0x0800bb70                USBD_CtlContinueSendData
 .text.USBD_CtlPrepareRx
                0x0800bb84       0x1c ../../DaisyExamples/libDaisy//build/libdaisy.a(usbd_ioreq.o)
                0x0800bb84                USBD_CtlPrepareRx
 .text.USBD_CtlContinueRx
                0x0800bba0       0x14 ../../DaisyExamples/libDaisy//build/libdaisy.a(usbd_ioreq.o)
                0x0800bba0                USBD_CtlContinueRx
 .text.USBD_CtlSendStatus
                0x0800bbb4       0x18 ../../DaisyExamples/libDaisy//build/libdaisy.a(usbd_ioreq.o)
                0x0800bbb4                USBD_CtlSendStatus
 .text.USBD_CtlReceiveStatus
                0x0800bbcc       0x18 ../../DaisyExamples/libDaisy//build/libdaisy.a(usbd_ioreq.o)
                0x0800bbcc                USBD_CtlReceiveStatus
 .text.USBH_LL_IncTimer
                0x0800bbe4       0x20 ../../DaisyExamples/libDaisy//build/libdaisy.a(usbh_core.o)
                0x0800bbe4                USBH_LL_IncTimer
 .text.USBH_LL_PortEnabled
                0x0800bc04        0x8 ../../DaisyExamples/libDaisy//build/libdaisy.a(usbh_core.o)
                0x0800bc04                USBH_LL_PortEnabled
 .text.USBH_LL_PortDisabled
                0x0800bc0c        0x8 ../../DaisyExamples/libDaisy//build/libdaisy.a(usbh_core.o)
                0x0800bc0c                USBH_LL_PortDisabled
 .text.USBH_LL_Connect
                0x0800bc14       0x18 ../../DaisyExamples/libDaisy//build/libdaisy.a(usbh_core.o)
                0x0800bc14                USBH_LL_Connect
 .text.USBH_LL_Disconnect
                0x0800bc2c       0x2c ../../DaisyExamples/libDaisy//build/libdaisy.a(usbh_core.o)
                0x0800bc2c                USBH_LL_Disconnect
 .text.USBH_FreePipe
                0x0800bc58       0x18 ../../DaisyExamples/libDaisy//build/libdaisy.a(usbh_pipes.o)
                0x0800bc58                USBH_FreePipe
 .text._ZN5daisy6Random4InitEv
                0x0800bc70       0x3c ../../DaisyExamples/libDaisy//build/libdaisy.a(rng.o)
                0x0800bc70                daisy::Random::Init()
 .text._ZN5daisy9SpiHandle4Impl7InitDmaEv
                0x0800bcac       0xec ../../DaisyExamples/libDaisy//build/libdaisy.a(spi.o)
                0x0800bcac                daisy::SpiHandle::Impl::InitDma()
 .text._ZN5daisy9SpiHandle4Impl10StartDmaTxEPhjPFvPvEPFvS3_NS0_6ResultEES3_
                0x0800bd98       0xbc ../../DaisyExamples/libDaisy//build/libdaisy.a(spi.o)
                0x0800bd98                daisy::SpiHandle::Impl::StartDmaTx(unsigned char*, unsigned int, void (*)(void*), void (*)(void*, daisy::SpiHandle::Result), void*)
 .text._ZN5daisy9SpiHandle4Impl10StartDmaRxEPhjPFvPvEPFvS3_NS0_6ResultEES3_
                0x0800be54       0xbc ../../DaisyExamples/libDaisy//build/libdaisy.a(spi.o)
                0x0800be54                daisy::SpiHandle::Impl::StartDmaRx(unsigned char*, unsigned int, void (*)(void*), void (*)(void*, daisy::SpiHandle::Result), void*)
 .text._ZN5daisy9SpiHandle4Impl12StartDmaRxTxEPhS2_jPFvPvEPFvS3_NS0_6ResultEES3_
                0x0800bf10       0xbc ../../DaisyExamples/libDaisy//build/libdaisy.a(spi.o)
                0x0800bf10                daisy::SpiHandle::Impl::StartDmaRxTx(unsigned char*, unsigned char*, unsigned int, void (*)(void*), void (*)(void*, daisy::SpiHandle::Result), void*)
 .text._ZN5daisy9SpiHandle4Impl8InitPinsEv
                0x0800bfcc      0x214 ../../DaisyExamples/libDaisy//build/libdaisy.a(spi.o)
                0x0800bfcc                daisy::SpiHandle::Impl::InitPins()
 .text.HAL_SPI_MspInit
                0x0800c1e0      0x1a8 ../../DaisyExamples/libDaisy//build/libdaisy.a(spi.o)
                0x0800c1e0                HAL_SPI_MspInit
 .text.dsy_spi_global_init
                0x0800c388       0x80 ../../DaisyExamples/libDaisy//build/libdaisy.a(spi.o)
                0x0800c388                dsy_spi_global_init
 .text.SPI1_IRQHandler
                0x0800c408        0xc ../../DaisyExamples/libDaisy//build/libdaisy.a(spi.o)
                0x0800c408                SPI1_IRQHandler
 .text.SPI2_IRQHandler
                0x0800c414        0xc ../../DaisyExamples/libDaisy//build/libdaisy.a(spi.o)
                0x0800c414                SPI2_IRQHandler
 .text.SPI3_IRQHandler
                0x0800c420        0xc ../../DaisyExamples/libDaisy//build/libdaisy.a(spi.o)
                0x0800c420                SPI3_IRQHandler
 .text.SPI4_IRQHandler
                0x0800c42c        0xc ../../DaisyExamples/libDaisy//build/libdaisy.a(spi.o)
                0x0800c42c                SPI4_IRQHandler
 .text.SPI5_IRQHandler
                0x0800c438        0xc ../../DaisyExamples/libDaisy//build/libdaisy.a(spi.o)
                0x0800c438                SPI5_IRQHandler
 .text.DMA2_Stream2_IRQHandler
                0x0800c444       0x34 ../../DaisyExamples/libDaisy//build/libdaisy.a(spi.o)
                0x0800c444                DMA2_Stream2_IRQHandler
 .text.DMA2_Stream3_IRQHandler
                0x0800c478       0x34 ../../DaisyExamples/libDaisy//build/libdaisy.a(spi.o)
                0x0800c478                DMA2_Stream3_IRQHandler
 .text.HAL_SPI_TxCpltCallback
                0x0800c4ac       0xc0 ../../DaisyExamples/libDaisy//build/libdaisy.a(spi.o)
                0x0800c4ac                HAL_SPI_TxCpltCallback
 .text.HAL_SPI_RxCpltCallback
                0x0800c56c       0xc0 ../../DaisyExamples/libDaisy//build/libdaisy.a(spi.o)
                0x0800c56c                HAL_SPI_RxCpltCallback
 .text.HAL_SPI_TxRxCpltCallback
                0x0800c62c       0xc0 ../../DaisyExamples/libDaisy//build/libdaisy.a(spi.o)
                0x0800c62c                HAL_SPI_TxRxCpltCallback
 .text.HAL_SPI_ErrorCallback
                0x0800c6ec       0xc4 ../../DaisyExamples/libDaisy//build/libdaisy.a(spi.o)
                0x0800c6ec                HAL_SPI_ErrorCallback
 .text.startup._GLOBAL__sub_I__Z19MapInstanceToHandleP11SPI_TypeDef
                0x0800c7b0      0x1bc ../../DaisyExamples/libDaisy//build/libdaisy.a(spi.o)
 .text.HAL_TIM_Base_MspInit
                0x0800c96c      0x19c ../../DaisyExamples/libDaisy//build/libdaisy.a(tim.o)
                0x0800c96c                HAL_TIM_Base_MspInit
 .text.HAL_TIM_PeriodElapsedCallback
                0x0800cb08       0x44 ../../DaisyExamples/libDaisy//build/libdaisy.a(tim.o)
                0x0800cb08                HAL_TIM_PeriodElapsedCallback
 .text.TIM2_IRQHandler
                0x0800cb4c        0xc ../../DaisyExamples/libDaisy//build/libdaisy.a(tim.o)
                0x0800cb4c                TIM2_IRQHandler
 .text.TIM3_IRQHandler
                0x0800cb58        0xc ../../DaisyExamples/libDaisy//build/libdaisy.a(tim.o)
                0x0800cb58                TIM3_IRQHandler
 .text.TIM4_IRQHandler
                0x0800cb64        0xc ../../DaisyExamples/libDaisy//build/libdaisy.a(tim.o)
                0x0800cb64                TIM4_IRQHandler
 .text.TIM5_IRQHandler
                0x0800cb70        0xc ../../DaisyExamples/libDaisy//build/libdaisy.a(tim.o)
                0x0800cb70                TIM5_IRQHandler
 .text._ZN5daisy11TimerHandle4InitERKNS0_6ConfigE
                0x0800cb7c       0xd0 ../../DaisyExamples/libDaisy//build/libdaisy.a(tim.o)
                0x0800cb7c                daisy::TimerHandle::Init(daisy::TimerHandle::Config const&)
 .text._ZN5daisy11TimerHandle5StartEv
                0x0800cc4c       0x24 ../../DaisyExamples/libDaisy//build/libdaisy.a(tim.o)
                0x0800cc4c                daisy::TimerHandle::Start()
 .text.startup._GLOBAL__sub_I__ZN5daisy11TimerHandle4Impl4InitERKNS0_6ConfigE
                0x0800cc70       0x44 ../../DaisyExamples/libDaisy//build/libdaisy.a(tim.o)
 .text._ZN5daisy11UartHandler4Impl7InitDmaEbb
                0x0800ccb4      0x160 ../../DaisyExamples/libDaisy//build/libdaisy.a(uart.o)
                0x0800ccb4                daisy::UartHandler::Impl::InitDma(bool, bool)
 .text._ZN5daisy11UartHandler4Impl10HandleFifoEv
                0x0800ce14      0x148 ../../DaisyExamples/libDaisy//build/libdaisy.a(uart.o)
                0x0800ce14                daisy::UartHandler::Impl::HandleFifo()
 .text._ZN5daisy11UartHandler4Impl10StartDmaTxEPhjPFvPvEPFvS3_NS0_6ResultEES3_
                0x0800cf5c       0xbc ../../DaisyExamples/libDaisy//build/libdaisy.a(uart.o)
                0x0800cf5c                daisy::UartHandler::Impl::StartDmaTx(unsigned char*, unsigned int, void (*)(void*), void (*)(void*, daisy::UartHandler::Result), void*)
 .text._ZN5daisy11UartHandler4Impl10StartDmaRxEPhjPFvPvEPFvS3_NS0_6ResultEES3_
                0x0800d018       0xbc ../../DaisyExamples/libDaisy//build/libdaisy.a(uart.o)
                0x0800d018                daisy::UartHandler::Impl::StartDmaRx(unsigned char*, unsigned int, void (*)(void*), void (*)(void*, daisy::UartHandler::Result), void*)
 .text._ZN5daisy11UartHandler4Impl19DmaTransferFinishedEP20__UART_HandleTypeDefNS0_6ResultE
                0x0800d0d4       0xc0 ../../DaisyExamples/libDaisy//build/libdaisy.a(uart.o)
                0x0800d0d4                daisy::UartHandler::Impl::DmaTransferFinished(__UART_HandleTypeDef*, daisy::UartHandler::Result)
 .text._ZN5daisy11UartHandler4Impl8InitPinsEv
                0x0800d194      0x14c ../../DaisyExamples/libDaisy//build/libdaisy.a(uart.o)
                0x0800d194                daisy::UartHandler::Impl::InitPins()
 .text.HAL_UART_MspInit
                0x0800d2e0      0x210 ../../DaisyExamples/libDaisy//build/libdaisy.a(uart.o)
                0x0800d2e0                HAL_UART_MspInit
 .text.dsy_uart_global_init
                0x0800d4f0       0xfc ../../DaisyExamples/libDaisy//build/libdaisy.a(uart.o)
                0x0800d4f0                dsy_uart_global_init
 .text.USART1_IRQHandler
                0x0800d5ec       0x30 ../../DaisyExamples/libDaisy//build/libdaisy.a(uart.o)
                0x0800d5ec                USART1_IRQHandler
 .text.USART2_IRQHandler
                0x0800d61c       0x38 ../../DaisyExamples/libDaisy//build/libdaisy.a(uart.o)
                0x0800d61c                USART2_IRQHandler
 .text.USART3_IRQHandler
                0x0800d654       0x38 ../../DaisyExamples/libDaisy//build/libdaisy.a(uart.o)
                0x0800d654                USART3_IRQHandler
 .text.UART4_IRQHandler
                0x0800d68c       0x38 ../../DaisyExamples/libDaisy//build/libdaisy.a(uart.o)
                0x0800d68c                UART4_IRQHandler
 .text.UART5_IRQHandler
                0x0800d6c4       0x38 ../../DaisyExamples/libDaisy//build/libdaisy.a(uart.o)
                0x0800d6c4                UART5_IRQHandler
 .text.USART6_IRQHandler
                0x0800d6fc       0x38 ../../DaisyExamples/libDaisy//build/libdaisy.a(uart.o)
                0x0800d6fc                USART6_IRQHandler
 .text.UART7_IRQHandler
                0x0800d734       0x34 ../../DaisyExamples/libDaisy//build/libdaisy.a(uart.o)
                0x0800d734                UART7_IRQHandler
 .text.UART8_IRQHandler
                0x0800d768       0x38 ../../DaisyExamples/libDaisy//build/libdaisy.a(uart.o)
                0x0800d768                UART8_IRQHandler
 .text.LPUART1_IRQHandler
                0x0800d7a0       0x38 ../../DaisyExamples/libDaisy//build/libdaisy.a(uart.o)
                0x0800d7a0                LPUART1_IRQHandler
 .text.DMA1_Stream5_IRQHandler
                0x0800d7d8       0x34 ../../DaisyExamples/libDaisy//build/libdaisy.a(uart.o)
                0x0800d7d8                DMA1_Stream5_IRQHandler
 .text.DMA2_Stream4_IRQHandler
                0x0800d80c       0x34 ../../DaisyExamples/libDaisy//build/libdaisy.a(uart.o)
                0x0800d80c                DMA2_Stream4_IRQHandler
 .text.HAL_UART_TxCpltCallback
                0x0800d840        0x8 ../../DaisyExamples/libDaisy//build/libdaisy.a(uart.o)
                0x0800d840                HAL_UART_TxCpltCallback
 .text.HAL_UART_RxCpltCallback
                0x0800d848        0x8 ../../DaisyExamples/libDaisy//build/libdaisy.a(uart.o)
                0x0800d848                HAL_UART_RxCpltCallback
 .text.HAL_UART_ErrorCallback
                0x0800d850        0x8 ../../DaisyExamples/libDaisy//build/libdaisy.a(uart.o)
                0x0800d850                HAL_UART_ErrorCallback
 .text.startup._GLOBAL__sub_I__Z19MapInstanceToHandleP13USART_TypeDef
                0x0800d858      0x1a4 ../../DaisyExamples/libDaisy//build/libdaisy.a(uart.o)
 .text.dsy_dma_init
                0x0800d9fc      0x100 ../../DaisyExamples/libDaisy//build/libdaisy.a(dma.o)
                0x0800d9fc                dsy_dma_init
 .text.HAL_MDMA_Abort_IT
                0x0800dafc       0x28 ../../DaisyExamples/libDaisy//build/libdaisy.a(stm32h7xx_hal_mdma.o)
                0x0800dafc                HAL_MDMA_Abort_IT
 .text.SPI_CloseTransfer
                0x0800db24       0xb8 ../../DaisyExamples/libDaisy//build/libdaisy.a(stm32h7xx_hal_spi.o)
 .text.HAL_SPI_Init
                0x0800dbdc      0x154 ../../DaisyExamples/libDaisy//build/libdaisy.a(stm32h7xx_hal_spi.o)
                0x0800dbdc                HAL_SPI_Init
 .text.HAL_SPI_Transmit_DMA
                0x0800dd30      0x160 ../../DaisyExamples/libDaisy//build/libdaisy.a(stm32h7xx_hal_spi.o)
                0x0800dd30                HAL_SPI_Transmit_DMA
 .text.HAL_SPI_TransmitReceive_DMA
                0x0800de90      0x1fc ../../DaisyExamples/libDaisy//build/libdaisy.a(stm32h7xx_hal_spi.o)
                0x0800de90                HAL_SPI_TransmitReceive_DMA
 .text.HAL_SPI_Receive_DMA
                0x0800e08c      0x198 ../../DaisyExamples/libDaisy//build/libdaisy.a(stm32h7xx_hal_spi.o)
                0x0800e08c                HAL_SPI_Receive_DMA
 .text.SPI_DMATransmitCplt
                0x0800e224       0x28 ../../DaisyExamples/libDaisy//build/libdaisy.a(stm32h7xx_hal_spi.o)
 .text.SPI_DMAReceiveCplt
                0x0800e24c       0x28 ../../DaisyExamples/libDaisy//build/libdaisy.a(stm32h7xx_hal_spi.o)
 .text.SPI_DMATransmitReceiveCplt
                0x0800e274       0x28 ../../DaisyExamples/libDaisy//build/libdaisy.a(stm32h7xx_hal_spi.o)
 .text.HAL_SPI_TxHalfCpltCallback
                0x0800e29c        0x4 ../../DaisyExamples/libDaisy//build/libdaisy.a(stm32h7xx_hal_spi.o)
                0x0800e29c                HAL_SPI_TxHalfCpltCallback
 .text.SPI_DMAHalfTransmitCplt
                0x0800e2a0        0xc ../../DaisyExamples/libDaisy//build/libdaisy.a(stm32h7xx_hal_spi.o)
 .text.HAL_SPI_RxHalfCpltCallback
                0x0800e2ac        0x4 ../../DaisyExamples/libDaisy//build/libdaisy.a(stm32h7xx_hal_spi.o)
                0x0800e2ac                HAL_SPI_RxHalfCpltCallback
 .text.SPI_DMAHalfReceiveCplt
                0x0800e2b0        0xc ../../DaisyExamples/libDaisy//build/libdaisy.a(stm32h7xx_hal_spi.o)
 .text.HAL_SPI_TxRxHalfCpltCallback
                0x0800e2bc        0x4 ../../DaisyExamples/libDaisy//build/libdaisy.a(stm32h7xx_hal_spi.o)
                0x0800e2bc                HAL_SPI_TxRxHalfCpltCallback
 .text.SPI_DMAHalfTransmitReceiveCplt
                0x0800e2c0        0xc ../../DaisyExamples/libDaisy//build/libdaisy.a(stm32h7xx_hal_spi.o)
 .text.SPI_DMAError
                0x0800e2cc       0xd8 ../../DaisyExamples/libDaisy//build/libdaisy.a(stm32h7xx_hal_spi.o)
 .text.HAL_SPI_IRQHandler
                0x0800e3a4      0x238 ../../DaisyExamples/libDaisy//build/libdaisy.a(stm32h7xx_hal_spi.o)
                0x0800e3a4                HAL_SPI_IRQHandler
 .text.SPI_DMAAbortOnError
                0x0800e5dc       0x1c ../../DaisyExamples/libDaisy//build/libdaisy.a(stm32h7xx_hal_spi.o)
 .text.HAL_SPI_GetState
                0x0800e5f8        0x8 ../../DaisyExamples/libDaisy//build/libdaisy.a(stm32h7xx_hal_spi.o)
                0x0800e5f8                HAL_SPI_GetState
 .text.HAL_TIM_Base_Init
                0x0800e600      0x114 ../../DaisyExamples/libDaisy//build/libdaisy.a(stm32h7xx_hal_tim.o)
                0x0800e600                HAL_TIM_Base_Init
 .text.HAL_TIM_Base_Start
                0x0800e714       0x34 ../../DaisyExamples/libDaisy//build/libdaisy.a(stm32h7xx_hal_tim.o)
                0x0800e714                HAL_TIM_Base_Start
 .text.HAL_TIM_Base_Start_IT
                0x0800e748       0x2c ../../DaisyExamples/libDaisy//build/libdaisy.a(stm32h7xx_hal_tim.o)
                0x0800e748                HAL_TIM_Base_Start_IT
 .text.HAL_TIM_ConfigClockSource
                0x0800e774      0x17c ../../DaisyExamples/libDaisy//build/libdaisy.a(stm32h7xx_hal_tim.o)
                0x0800e774                HAL_TIM_ConfigClockSource
 .text.HAL_TIM_OC_DelayElapsedCallback
                0x0800e8f0        0x4 ../../DaisyExamples/libDaisy//build/libdaisy.a(stm32h7xx_hal_tim.o)
                0x0800e8f0                HAL_TIM_OC_DelayElapsedCallback
 .text.HAL_TIM_IC_CaptureCallback
                0x0800e8f4        0x4 ../../DaisyExamples/libDaisy//build/libdaisy.a(stm32h7xx_hal_tim.o)
                0x0800e8f4                HAL_TIM_IC_CaptureCallback
 .text.HAL_TIM_PWM_PulseFinishedCallback
                0x0800e8f8        0x4 ../../DaisyExamples/libDaisy//build/libdaisy.a(stm32h7xx_hal_tim.o)
                0x0800e8f8                HAL_TIM_PWM_PulseFinishedCallback
 .text.HAL_TIM_TriggerCallback
                0x0800e8fc        0x4 ../../DaisyExamples/libDaisy//build/libdaisy.a(stm32h7xx_hal_tim.o)
                0x0800e8fc                HAL_TIM_TriggerCallback
 .text.HAL_TIM_IRQHandler
                0x0800e900      0x170 ../../DaisyExamples/libDaisy//build/libdaisy.a(stm32h7xx_hal_tim.o)
                0x0800e900                HAL_TIM_IRQHandler
 .text.HAL_TIMEx_MasterConfigSynchronization
                0x0800ea70       0x64 ../../DaisyExamples/libDaisy//build/libdaisy.a(stm32h7xx_hal_tim_ex.o)
                0x0800ea70                HAL_TIMEx_MasterConfigSynchronization
 .text.HAL_TIMEx_CommutCallback
                0x0800ead4        0x4 ../../DaisyExamples/libDaisy//build/libdaisy.a(stm32h7xx_hal_tim_ex.o)
                0x0800ead4                HAL_TIMEx_CommutCallback
 .text.HAL_TIMEx_BreakCallback
                0x0800ead8        0x4 ../../DaisyExamples/libDaisy//build/libdaisy.a(stm32h7xx_hal_tim_ex.o)
                0x0800ead8                HAL_TIMEx_BreakCallback
 .text.HAL_TIMEx_Break2Callback
                0x0800eadc        0x4 ../../DaisyExamples/libDaisy//build/libdaisy.a(stm32h7xx_hal_tim_ex.o)
                0x0800eadc                HAL_TIMEx_Break2Callback
 .text.HAL_UART_Transmit_DMA
                0x0800eae0       0x90 ../../DaisyExamples/libDaisy//build/libdaisy.a(stm32h7xx_hal_uart.o)
                0x0800eae0                HAL_UART_Transmit_DMA
 .text.HAL_UART_Receive_DMA
                0x0800eb70       0x9c ../../DaisyExamples/libDaisy//build/libdaisy.a(stm32h7xx_hal_uart.o)
                0x0800eb70                HAL_UART_Receive_DMA
 .text.UART_DMATransmitCplt
                0x0800ec0c       0x2c ../../DaisyExamples/libDaisy//build/libdaisy.a(stm32h7xx_hal_uart.o)
 .text.HAL_UART_TxHalfCpltCallback
                0x0800ec38        0x4 ../../DaisyExamples/libDaisy//build/libdaisy.a(stm32h7xx_hal_uart.o)
                0x0800ec38                HAL_UART_TxHalfCpltCallback
 .text.UART_DMATxHalfCplt
                0x0800ec3c        0xc ../../DaisyExamples/libDaisy//build/libdaisy.a(stm32h7xx_hal_uart.o)
 .text.UART_DMAReceiveCplt
                0x0800ec48       0x38 ../../DaisyExamples/libDaisy//build/libdaisy.a(stm32h7xx_hal_uart.o)
 .text.HAL_UART_RxHalfCpltCallback
                0x0800ec80        0x4 ../../DaisyExamples/libDaisy//build/libdaisy.a(stm32h7xx_hal_uart.o)
                0x0800ec80                HAL_UART_RxHalfCpltCallback
 .text.UART_DMARxHalfCplt
                0x0800ec84        0xc ../../DaisyExamples/libDaisy//build/libdaisy.a(stm32h7xx_hal_uart.o)
 .text.UART_DMAError
                0x0800ec90       0x78 ../../DaisyExamples/libDaisy//build/libdaisy.a(stm32h7xx_hal_uart.o)
 .text.HAL_UART_IRQHandler
                0x0800ed08      0x1e4 ../../DaisyExamples/libDaisy//build/libdaisy.a(stm32h7xx_hal_uart.o)
                0x0800ed08                HAL_UART_IRQHandler
 .text.UART_DMAAbortOnError
                0x0800eeec       0x14 ../../DaisyExamples/libDaisy//build/libdaisy.a(stm32h7xx_hal_uart.o)
 .text.HAL_UART_GetState
                0x0800ef00        0xc ../../DaisyExamples/libDaisy//build/libdaisy.a(stm32h7xx_hal_uart.o)
                0x0800ef00                HAL_UART_GetState
 .text.UART_SetConfig
                0x0800ef0c      0x82c ../../DaisyExamples/libDaisy//build/libdaisy.a(stm32h7xx_hal_uart.o)
                0x0800ef0c                UART_SetConfig
 .text.UART_AdvFeatureConfig
                0x0800f738       0xb0 ../../DaisyExamples/libDaisy//build/libdaisy.a(stm32h7xx_hal_uart.o)
                0x0800f738                UART_AdvFeatureConfig
 .text.UART_CheckIdleState
                0x0800f7e8       0x80 ../../DaisyExamples/libDaisy//build/libdaisy.a(stm32h7xx_hal_uart.o)
                0x0800f7e8                UART_CheckIdleState
 .text.HAL_UART_Init
                0x0800f868       0x68 ../../DaisyExamples/libDaisy//build/libdaisy.a(stm32h7xx_hal_uart.o)
                0x0800f868                HAL_UART_Init
 .text.HAL_UARTEx_WakeupCallback
                0x0800f8d0        0x4 ../../DaisyExamples/libDaisy//build/libdaisy.a(stm32h7xx_hal_uart_ex.o)
                0x0800f8d0                HAL_UARTEx_WakeupCallback
 .text.HAL_UARTEx_RxFifoFullCallback
                0x0800f8d4        0x4 ../../DaisyExamples/libDaisy//build/libdaisy.a(stm32h7xx_hal_uart_ex.o)
                0x0800f8d4                HAL_UARTEx_RxFifoFullCallback
 .text.HAL_UARTEx_TxFifoEmptyCallback
                0x0800f8d8        0x4 ../../DaisyExamples/libDaisy//build/libdaisy.a(stm32h7xx_hal_uart_ex.o)
                0x0800f8d8                HAL_UARTEx_TxFifoEmptyCallback
 .text.__aeabi_atexit
                0x0800f8dc        0xa /usr/lib/gcc/arm-none-eabi/13.2.0/../../../../arm-none-eabi/lib/thumb/v7e-m+dp/hard/libstdc++_nano.a(atexit_arm.o)
                0x0800f8dc                __aeabi_atexit
 *fill*         0x0800f8e6        0x2 
 .text.calloc   0x0800f8e8       0x10 /usr/lib/gcc/arm-none-eabi/13.2.0/../../../../arm-none-eabi/lib/thumb/v7e-m+dp/hard/libc_nano.a(libc_a-calloc.o)
                0x0800f8e8                calloc
 .text._calloc_r
                0x0800f8f8       0x28 /usr/lib/gcc/arm-none-eabi/13.2.0/../../../../arm-none-eabi/lib/thumb/v7e-m+dp/hard/libc_nano.a(libc_a-callocr.o)
                0x0800f8f8                _calloc_r
 .text.malloc   0x0800f920       0x10 /usr/lib/gcc/arm-none-eabi/13.2.0/../../../../arm-none-eabi/lib/thumb/v7e-m+dp/hard/libc_nano.a(libc_a-malloc.o)
                0x0800f920                malloc
 .text.free     0x0800f930       0x10 /usr/lib/gcc/arm-none-eabi/13.2.0/../../../../arm-none-eabi/lib/thumb/v7e-m+dp/hard/libc_nano.a(libc_a-malloc.o)
                0x0800f930                free
 .text.sbrk_aligned
                0x0800f940       0x44 /usr/lib/gcc/arm-none-eabi/13.2.0/../../../../arm-none-eabi/lib/thumb/v7e-m+dp/hard/libc_nano.a(libc_a-mallocr.o)
 .text._malloc_r