Archive member included to satisfy reference by file (symbol)

../../DaisyExamples/libDaisy//build/libdaisy.a(daisy_seed.o)
                              build/adc_and_log.o (daisy::DaisySeed::Configure())
../../DaisyExamples/libDaisy//build/libdaisy.a(codec_ak4556.o)
                              ../../DaisyExamples/libDaisy//build/libdaisy.a(daisy_seed.o) (daisy::Ak4556::Init(dsy_gpio_pin))
../../DaisyExamples/libDaisy//build/libdaisy.a(codec_wm8731.o)
                              ../../DaisyExamples/libDaisy//build/libdaisy.a(daisy_seed.o) (daisy::Wm8731::Init(daisy::Wm8731::Config const&, daisy::I2CHandle))
../../DaisyExamples/libDaisy//build/libdaisy.a(sdram.o)
                              ../../DaisyExamples/libDaisy//build/libdaisy.a(daisy_seed.o) (SdramHandle::Init())
../../DaisyExamples/libDaisy//build/libdaisy.a(audio.o)
                              ../../DaisyExamples/libDaisy//build/libdaisy.a(daisy_seed.o) (daisy::AudioHandle::Init(daisy::AudioHandle::Config const&, daisy::SaiHandle))
../../DaisyExamples/libDaisy//build/libdaisy.a(led.o)
                              build/adc_and_log.o (daisy::Led::Init(dsy_gpio_pin, bool, float))
../../DaisyExamples/libDaisy//build/libdaisy.a(logger.o)
                              build/adc_and_log.o (daisy::Logger<(daisy::LoggerDestination)1>::PrintLine(char const*, ...))
../../DaisyExamples/libDaisy//build/libdaisy.a(usb.o)
                              ../../DaisyExamples/libDaisy//build/libdaisy.a(logger.o) (daisy::UsbHandle::Init(daisy::UsbHandle::UsbPeriph))
../../DaisyExamples/libDaisy//build/libdaisy.a(adc.o)
                              build/adc_and_log.o (daisy::AdcChannelConfig::InitSingle(dsy_gpio_pin))
../../DaisyExamples/libDaisy//build/libdaisy.a(gpio.o)
                              ../../DaisyExamples/libDaisy//build/libdaisy.a(daisy_seed.o) (dsy_gpio_init)
../../DaisyExamples/libDaisy//build/libdaisy.a(i2c.o)
                              ../../DaisyExamples/libDaisy//build/libdaisy.a(daisy_seed.o) (daisy::I2CHandle::Init(daisy::I2CHandle::Config const&))
../../DaisyExamples/libDaisy//build/libdaisy.a(qspi.o)
                              ../../DaisyExamples/libDaisy//build/libdaisy.a(daisy_seed.o) (daisy::QSPIHandle::Init(daisy::QSPIHandle::Config const&))
../../DaisyExamples/libDaisy//build/libdaisy.a(sai.o)
                              ../../DaisyExamples/libDaisy//build/libdaisy.a(daisy_seed.o) (daisy::SaiHandle::Init(daisy::SaiHandle::Config const&))
../../DaisyExamples/libDaisy//build/libdaisy.a(system.o)
                              ../../DaisyExamples/libDaisy//build/libdaisy.a(daisy_seed.o) (daisy::System::DeInit())
../../DaisyExamples/libDaisy//build/libdaisy.a(system_stm32h7xx.o)
                              build/startup_stm32h750xx.o (SystemInit)
../../DaisyExamples/libDaisy//build/libdaisy.a(usbd_cdc_if.o)
                              ../../DaisyExamples/libDaisy//build/libdaisy.a(usb.o) (CDC_Transmit_FS)
../../DaisyExamples/libDaisy//build/libdaisy.a(usbd_conf.o)
                              ../../DaisyExamples/libDaisy//build/libdaisy.a(usb.o) (hpcd_USB_OTG_FS)
../../DaisyExamples/libDaisy//build/libdaisy.a(usbd_desc.o)
                              ../../DaisyExamples/libDaisy//build/libdaisy.a(usb.o) (HS_Desc)
../../DaisyExamples/libDaisy//build/libdaisy.a(usbh_conf.o)
                              ../../DaisyExamples/libDaisy//build/libdaisy.a(system.o) (hhcd_USB_OTG_HS)
../../DaisyExamples/libDaisy//build/libdaisy.a(hal_map.o)
                              ../../DaisyExamples/libDaisy//build/libdaisy.a(gpio.o) (dsy_hal_map_get_port)
../../DaisyExamples/libDaisy//build/libdaisy.a(stm32h7xx_hal.o)
                              ../../DaisyExamples/libDaisy//build/libdaisy.a(system.o) (HAL_Init)
../../DaisyExamples/libDaisy//build/libdaisy.a(stm32h7xx_hal_adc.o)
                              ../../DaisyExamples/libDaisy//build/libdaisy.a(adc.o) (HAL_ADC_ConfigChannel)
../../DaisyExamples/libDaisy//build/libdaisy.a(stm32h7xx_hal_adc_ex.o)
                              ../../DaisyExamples/libDaisy//build/libdaisy.a(adc.o) (HAL_ADCEx_Calibration_Start)
../../DaisyExamples/libDaisy//build/libdaisy.a(stm32h7xx_hal_cortex.o)
                              ../../DaisyExamples/libDaisy//build/libdaisy.a(stm32h7xx_hal.o) (HAL_NVIC_SetPriorityGrouping)
../../DaisyExamples/libDaisy//build/libdaisy.a(stm32h7xx_hal_dma.o)
                              ../../DaisyExamples/libDaisy//build/libdaisy.a(adc.o) (HAL_DMA_Init)
../../DaisyExamples/libDaisy//build/libdaisy.a(stm32h7xx_hal_gpio.o)
                              ../../DaisyExamples/libDaisy//build/libdaisy.a(sdram.o) (HAL_GPIO_Init)
../../DaisyExamples/libDaisy//build/libdaisy.a(stm32h7xx_hal_hcd.o)
                              ../../DaisyExamples/libDaisy//build/libdaisy.a(usbh_conf.o) (HAL_HCD_HC_Init)
../../DaisyExamples/libDaisy//build/libdaisy.a(stm32h7xx_hal_i2c.o)
                              ../../DaisyExamples/libDaisy//build/libdaisy.a(i2c.o) (HAL_I2C_Init)
[...]
Memory Configuration

Name             Origin             Length             Attributes
FLASH            0x08000000         0x00020000         xr
DTCMRAM          0x20000000         0x00020000         xrw
SRAM             0x24000000         0x00080000         xrw
RAM_D2           0x30000000         0x00048000         xrw
RAM_D3           0x38000000         0x00010000         xrw
ITCMRAM          0x00000000         0x00010000         xrw
SDRAM            0xc0000000         0x04000000         xrw
QSPIFLASH        0x90000000         0x00800000         xr
*default*        0x00000000         0xffffffff

Linker script and memory map

LOAD /usr/lib/gcc/arm-none-eabi/13.2.0/thumb/v7e-m+dp/hard/crti.o
LOAD /usr/lib/gcc/arm-none-eabi/13.2.0/thumb/v7e-m+dp/hard/crtbegin.o
LOAD /usr/lib/gcc/arm-none-eabi/13.2.0/../../../../arm-none-eabi/lib/thumb/v7e-m+dp/hard/crt0.o
LOAD build/startup_stm32h750xx.o
LOAD build/adc_and_log.o
LOAD ../../DaisyExamples/libDaisy//build/libdaisy.a
LOAD /usr/lib/gcc/arm-none-eabi/13.2.0/../../../../arm-none-eabi/lib/thumb/v7e-m+dp/hard/libnosys.a
LOAD ../../DaisyExamples/DaisySP//build/libdaisysp.a
LOAD /usr/lib/gcc/arm-none-eabi/13.2.0/../../../../arm-none-eabi/lib/thumb/v7e-m+dp/hard/libstdc++_nano.a
LOAD /usr/lib/gcc/arm-none-eabi/13.2.0/../../../../arm-none-eabi/lib/thumb/v7e-m+dp/hard/libm.a
LOAD /usr/lib/gcc/arm-none-eabi/13.2.0/../../../../arm-none-eabi/lib/thumb/v7e-m+dp/hard/libc_nano.a
START GROUP
LOAD /usr/lib/gcc/arm-none-eabi/13.2.0/thumb/v7e-m+dp/hard/libgcc.a
LOAD /usr/lib/gcc/arm-none-eabi/13.2.0/../../../../arm-none-eabi/lib/thumb/v7e-m+dp/hard/libc_nano.a
END GROUP
START GROUP
LOAD /usr/lib/gcc/arm-none-eabi/13.2.0/thumb/v7e-m+dp/hard/libgcc.a
LOAD /usr/lib/gcc/arm-none-eabi/13.2.0/../../../../arm-none-eabi/lib/thumb/v7e-m+dp/hard/libc_nano.a
LOAD /usr/lib/gcc/arm-none-eabi/13.2.0/../../../../arm-none-eabi/lib/thumb/v7e-m+dp/hard/libnosys.a
END GROUP
START GROUP
LOAD /usr/lib/gcc/arm-none-eabi/13.2.0/thumb/v7e-m+dp/hard/libgcc.a
LOAD /usr/lib/gcc/arm-none-eabi/13.2.0/../../../../arm-none-eabi/lib/thumb/v7e-m+dp/hard/libc_nano.a
LOAD /usr/lib/gcc/arm-none-eabi/13.2.0/../../../../arm-none-eabi/lib/thumb/v7e-m+dp/hard/libnosys.a
END GROUP
LOAD /usr/lib/gcc/arm-none-eabi/13.2.0/thumb/v7e-m+dp/hard/crtend.o
LOAD /usr/lib/gcc/arm-none-eabi/13.2.0/thumb/v7e-m+dp/hard/crtn.o
                0x20020000                        _estack = 0x20020000

.isr_vector     0x08000000      0x298
                0x08000000                        . = ALIGN (0x4)
 *(.isr_vector)
 .isr_vector    0x08000000      0x298 build/startup_stm32h750xx.o
                0x08000000                g_pfnVectors
                0x08000298                        . = ALIGN (0x4)

.text           0x080002a0    0x136c0
                0x080002a0                        . = ALIGN (0x4)
                0x080002a0                        _stext = .
 *(.text)
 .text          0x080002a0       0x10 /usr/lib/gcc/arm-none-eabi/13.2.0/../../../../arm-none-eabi/lib/thumb/v7e-m+dp/hard/libc_nano.a(libc_a-strlen.o)
                0x080002a0                strlen
 .text          0x080002b0       0xa0 /usr/lib/gcc/arm-none-eabi/13.2.0/../../../../arm-none-eabi/lib/thumb/v7e-m+dp/hard/libc_nano.a(libc_a-memchr.o)
                0x080002b0                memchr
 .text          0x08000350      0x378 /usr/lib/gcc/arm-none-eabi/13.2.0/thumb/v7e-m+dp/hard/libgcc.a(_arm_addsubdf3.o)
                0x08000350                __aeabi_drsub
                0x08000358                __aeabi_dsub
                0x08000358                __subdf3
                0x0800035c                __adddf3
                0x0800035c                __aeabi_dadd
                0x080005d4                __aeabi_ui2d
                0x080005d4                __floatunsidf
                0x080005f4                __floatsidf
                0x080005f4                __aeabi_i2d
                0x08000618                __extendsfdf2
                0x08000618                __aeabi_f2d
                0x0800065c                __aeabi_ul2d
                0x0800065c                __floatundidf
                0x0800066c                __floatdidf
                0x0800066c                __aeabi_l2d
 .text          0x080006c8       0x30 /usr/lib/gcc/arm-none-eabi/13.2.0/thumb/v7e-m+dp/hard/libgcc.a(_aeabi_uldivmod.o)
                0x080006c8                __aeabi_uldivmod
 .text          0x080006f8        0x4 /usr/lib/gcc/arm-none-eabi/13.2.0/thumb/v7e-m+dp/hard/libgcc.a(_dvmd_tls.o)
                0x080006f8                __aeabi_ldiv0
                0x080006f8                __aeabi_idiv0
 *(.text*)
 .text.__do_global_dtors_aux
                0x080006fc       0x24 /usr/lib/gcc/arm-none-eabi/13.2.0/thumb/v7e-m+dp/hard/crtbegin.o
 .text.frame_dummy
                0x08000720       0x1c /usr/lib/gcc/arm-none-eabi/13.2.0/thumb/v7e-m+dp/hard/crtbegin.o
 .text.Default_Handler
                0x0800073c        0x4 build/startup_stm32h750xx.o
                0x0800073c                RTC_Alarm_IRQHandler
                0x0800073c                HASH_RNG_IRQHandler
                0x0800073c                EXTI2_IRQHandler
                0x0800073c                TIM8_CC_IRQHandler
                0x0800073c                HRTIM1_Master_IRQHandler
                0x0800073c                DebugMon_Handler
                0x0800073c                TIM1_CC_IRQHandler
                0x0800073c                BDMA_Channel6_IRQHandler
                0x0800073c                DMA2_Stream5_IRQHandler
                0x0800073c                HRTIM1_FLT_IRQHandler
                0x0800073c                JPEG_IRQHandler
                0x0800073c                BDMA_Channel1_IRQHandler
                0x0800073c                HRTIM1_TIMD_IRQHandler
                0x0800073c                TAMP_STAMP_IRQHandler
                0x0800073c                PendSV_Handler
                0x0800073c                NMI_Handler
                0x0800073c                EXTI3_IRQHandler
                0x0800073c                LPTIM4_IRQHandler
                0x0800073c                TIM8_TRG_COM_TIM14_IRQHandler
                0x0800073c                LPTIM2_IRQHandler
                0x0800073c                DFSDM1_FLT1_IRQHandler
                0x0800073c                DMAMUX2_OVR_IRQHandler
                0x0800073c                TIM8_UP_TIM13_IRQHandler
                0x0800073c                I2C3_ER_IRQHandler
                0x0800073c                DFSDM1_FLT2_IRQHandler
                0x0800073c                MDMA_IRQHandler
                0x0800073c                LPTIM3_IRQHandler
                0x0800073c                HSEM1_IRQHandler
                0x0800073c                EXTI0_IRQHandler
                0x0800073c                FPU_IRQHandler
                0x0800073c                OTG_HS_WKUP_IRQHandler
                0x0800073c                FDCAN1_IT1_IRQHandler
                0x0800073c                UsageFault_Handler
                0x0800073c                LTDC_ER_IRQHandler
                0x0800073c                HRTIM1_TIME_IRQHandler
                0x0800073c                TIM6_DAC_IRQHandler
                0x0800073c                DCMI_IRQHandler
                0x0800073c                HRTIM1_TIMC_IRQHandler
                0x0800073c                SAI2_IRQHandler
                0x0800073c                DFSDM1_FLT3_IRQHandler
                0x0800073c                TIM17_IRQHandler
                0x0800073c                CRYP_IRQHandler
                0x0800073c                BDMA_Channel7_IRQHandler
                0x0800073c                LPTIM5_IRQHandler
                0x0800073c                ADC3_IRQHandler
                0x0800073c                DMA2_Stream0_IRQHandler
                0x0800073c                BDMA_Channel2_IRQHandler
                0x0800073c                DMAMUX1_OVR_IRQHandler
                0x0800073c                TIM16_IRQHandler
                0x0800073c                BDMA_Channel5_IRQHandler
                0x0800073c                RCC_IRQHandler
                0x0800073c                TIM8_BRK_TIM12_IRQHandler
                0x0800073c                TIM1_TRG_COM_IRQHandler
                0x0800073c                Default_Handler
                0x0800073c                ECC_IRQHandler
                0x0800073c                CEC_IRQHandler
                0x0800073c                EXTI15_10_IRQHandler
                0x0800073c                BDMA_Channel0_IRQHandler
                0x0800073c                ADC_IRQHandler
                0x0800073c                DMA1_Stream7_IRQHandler
                0x0800073c                HRTIM1_TIMA_IRQHandler
                0x0800073c                TIM7_IRQHandler
                0x0800073c                SDMMC1_IRQHandler
                0x0800073c                DMA2_Stream7_IRQHandler
                0x0800073c                TIM15_IRQHandler
                0x0800073c                PVD_AVD_IRQHandler
                0x0800073c                EXTI9_5_IRQHandler
                0x0800073c                RTC_WKUP_IRQHandler
                0x0800073c                LTDC_IRQHandler
                0x0800073c                SAI3_IRQHandler
                0x0800073c                ETH_WKUP_IRQHandler
                0x0800073c                SPDIF_RX_IRQHandler
                0x0800073c                MemManage_Handler
                0x0800073c                SVC_Handler
                0x0800073c                CRS_IRQHandler
                0x0800073c                EXTI4_IRQHandler
                0x0800073c                HRTIM1_TIMB_IRQHandler
                0x0800073c                FDCAN2_IT1_IRQHandler
                0x0800073c                ETH_IRQHandler
                0x0800073c                TIM1_UP_IRQHandler
                0x0800073c                BDMA_Channel4_IRQHandler
                0x0800073c                WWDG_IRQHandler
                0x0800073c                SPI6_IRQHandler
                0x0800073c                I2C4_EV_IRQHandler
                0x0800073c                MDIOS_IRQHandler
                0x0800073c                FDCAN2_IT0_IRQHandler
                0x0800073c                FDCAN1_IT0_IRQHandler
                0x0800073c                OTG_FS_WKUP_IRQHandler
                0x0800073c                DMA2D_IRQHandler
                0x0800073c                TIM1_BRK_IRQHandler
                0x0800073c                EXTI1_IRQHandler
                0x0800073c                SDMMC2_IRQHandler
                0x0800073c                BDMA_Channel3_IRQHandler
                0x0800073c                MDIOS_WKUP_IRQHandler
                0x0800073c                DFSDM1_FLT0_IRQHandler
                0x0800073c                SAI4_IRQHandler
                0x0800073c                I2C2_ER_IRQHandler
                0x0800073c                DMA2_Stream1_IRQHandler
                0x0800073c                FLASH_IRQHandler
                0x0800073c                BusFault_Handler
                0x0800073c                WAKEUP_PIN_IRQHandler
                0x0800073c                I2C1_ER_IRQHandler
                0x0800073c                FMC_IRQHandler
                0x0800073c                FDCAN_CAL_IRQHandler
                0x0800073c                SWPMI1_IRQHandler
                0x0800073c                COMP1_IRQHandler
                0x0800073c                LPTIM1_IRQHandler
                0x0800073c                I2C4_ER_IRQHandler
                0x0800073c                DMA2_Stream6_IRQHandler
                0x0800073c                SAI1_IRQHandler
 .text.Reset_Handler
                0x08000740       0x44 build/startup_stm32h750xx.o
                0x08000740                Reset_Handler
 .text._ZN5daisy9DaisySeedD2Ev
                0x08000784        0x4 build/adc_and_log.o
                0x08000784                daisy::DaisySeed::~DaisySeed()
                0x08000784                daisy::DaisySeed::~DaisySeed()
 .text._Z12VerifyFloatsv
                0x08000788       0xf0 build/adc_and_log.o
                0x08000788                VerifyFloats()
 .text.startup.main
                0x08000878       0xe0 build/adc_and_log.o
                0x08000878                main
 .text.startup._GLOBAL__sub_I__Z11store_valuef
                0x08000958       0x20 build/adc_and_log.o
 .text._ZN5daisy9DaisySeed9ConfigureEv
                0x08000978        0x4 ../../DaisyExamples/libDaisy//build/libdaisy.a(daisy_seed.o)
                0x08000978                daisy::DaisySeed::Configure()
 .text._ZN5daisy9DaisySeed6GetPinEh
                0x0800097c       0x2c ../../DaisyExamples/libDaisy//build/libdaisy.a(daisy_seed.o)
                0x0800097c                daisy::DaisySeed::GetPin(unsigned char)
 .text._ZN5daisy9DaisySeed14ConfigureAudioEv
                0x080009a8       0xd0 ../../DaisyExamples/libDaisy//build/libdaisy.a(daisy_seed.o)
                0x080009a8                daisy::DaisySeed::ConfigureAudio()
 .text._ZN5daisy9DaisySeed4InitEb
                0x08000a78       0xd4 ../../DaisyExamples/libDaisy//build/libdaisy.a(daisy_seed.o)
                0x08000a78                daisy::DaisySeed::Init(bool)
 .text._ZN5daisy6Ak45564InitE12dsy_gpio_pin
                0x08000b4c       0x40 ../../DaisyExamples/libDaisy//build/libdaisy.a(codec_ak4556.o)
                0x08000b4c                daisy::Ak4556::Init(dsy_gpio_pin)
 .text._ZN5daisy6Wm873120WriteControlRegisterEht
                0x08000b8c       0x3c ../../DaisyExamples/libDaisy//build/libdaisy.a(codec_wm8731.o)
                0x08000b8c                daisy::Wm8731::WriteControlRegister(unsigned char, unsigned short)
 .text._ZN5daisy6Wm87314InitERKNS0_6ConfigENS_9I2CHandleE
                0x08000bc8      0x1b4 ../../DaisyExamples/libDaisy//build/libdaisy.a(codec_wm8731.o)
                0x08000bc8                daisy::Wm8731::Init(daisy::Wm8731::Config const&, daisy::I2CHandle)
 .text._ZN11SdramHandle10DeviceInitEv
                0x08000d7c       0x8c ../../DaisyExamples/libDaisy//build/libdaisy.a(sdram.o)
                0x08000d7c                SdramHandle::DeviceInit()
 .text._ZN11SdramHandle4InitEv
                0x08000e08       0x88 ../../DaisyExamples/libDaisy//build/libdaisy.a(sdram.o)
                0x08000e08                SdramHandle::Init()
 .text.HAL_SDRAM_MspInit
                0x08000e90      0x19c ../../DaisyExamples/libDaisy//build/libdaisy.a(sdram.o)
                0x08000e90                HAL_SDRAM_MspInit
 .text._ZN5daisy11AudioHandle4InitERKNS0_6ConfigENS_9SaiHandleE
                0x0800102c       0x70 ../../DaisyExamples/libDaisy//build/libdaisy.a(audio.o)
                0x0800102c                daisy::AudioHandle::Init(daisy::AudioHandle::Config const&, daisy::SaiHandle)
 .text._ZNK5daisy11AudioHandle9GetConfigEv
                0x0800109c        0x8 ../../DaisyExamples/libDaisy//build/libdaisy.a(audio.o)
                0x0800109c                daisy::AudioHandle::GetConfig() const
 .text._ZN5daisy11AudioHandle13GetSampleRateEv
                0x080010a4        0x8 ../../DaisyExamples/libDaisy//build/libdaisy.a(audio.o)
                0x080010a4                daisy::AudioHandle::GetSampleRate()
 .text.startup._GLOBAL__sub_I__ZN5daisy11AudioHandle4Impl4InitENS0_6ConfigENS_9SaiHandleE
                0x080010ac       0x20 ../../DaisyExamples/libDaisy//build/libdaisy.a(audio.o)
 .text._ZN5daisy3Led4InitE12dsy_gpio_pinbf
                0x080010cc       0x48 ../../DaisyExamples/libDaisy//build/libdaisy.a(led.o)
                0x080010cc                daisy::Led::Init(dsy_gpio_pin, bool, float)
 .text._ZN5daisy9UsbHandleD2Ev
                0x08001114        0x4 ../../DaisyExamples/libDaisy//build/libdaisy.a(logger.o)
                0x08001114                daisy::UsbHandle::~UsbHandle()
                0x08001114                daisy::UsbHandle::~UsbHandle()
 .text._ZN5daisy6LoggerILNS_17LoggerDestinationE1EE9PrintLineEPKcz
                0x08001118       0xc8 ../../DaisyExamples/libDaisy//build/libdaisy.a(logger.o)
                0x08001118                daisy::Logger<(daisy::LoggerDestination)1>::PrintLine(char const*, ...)
 .text._ZN5daisy6LoggerILNS_17LoggerDestinationE1EE8StartLogEb
                0x080011e0       0x38 ../../DaisyExamples/libDaisy//build/libdaisy.a(logger.o)
                0x080011e0                daisy::Logger<(daisy::LoggerDestination)1>::StartLog(bool)
 .text.startup._GLOBAL__sub_I__ZN5daisy10LoggerImplILNS_17LoggerDestinationE1EE11usb_handle_E
                0x08001218       0x30 ../../DaisyExamples/libDaisy//build/libdaisy.a(logger.o)
 .text.DummyRxCallback
                0x08001248        0x4 ../../DaisyExamples/libDaisy//build/libdaisy.a(usb.o)
                0x08001248                DummyRxCallback
 .text._ZN5daisy9UsbHandle4InitENS0_9UsbPeriphE
                0x0800124c      0x10c ../../DaisyExamples/libDaisy//build/libdaisy.a(usb.o)
                0x0800124c                daisy::UsbHandle::Init(daisy::UsbHandle::UsbPeriph)
 .text._ZN5daisy9UsbHandle16TransmitInternalEPhj
                0x08001358       0x14 ../../DaisyExamples/libDaisy//build/libdaisy.a(usb.o)
                0x08001358                daisy::UsbHandle::TransmitInternal(unsigned char*, unsigned int)
 .text.OTG_FS_EP1_OUT_IRQHandler
                0x0800136c        0xc ../../DaisyExamples/libDaisy//build/libdaisy.a(usb.o)
                0x0800136c                OTG_FS_EP1_OUT_IRQHandler
 .text.OTG_FS_EP1_IN_IRQHandler
                0x08001378        0xc ../../DaisyExamples/libDaisy//build/libdaisy.a(usb.o)
                0x08001378                OTG_FS_EP1_IN_IRQHandler
 .text.OTG_FS_IRQHandler
                0x08001384        0xc ../../DaisyExamples/libDaisy//build/libdaisy.a(usb.o)
                0x08001384                OTG_FS_IRQHandler
 .text._ZN5daisy16AdcChannelConfig10InitSingleE12dsy_gpio_pin
                0x08001390       0x1c ../../DaisyExamples/libDaisy//build/libdaisy.a(adc.o)
                0x08001390                daisy::AdcChannelConfig::InitSingle(dsy_gpio_pin)
 .text._ZN5daisy9AdcHandle4InitEPNS_16AdcChannelConfigEjNS0_12OverSamplingE
                0x080013ac      0x398 ../../DaisyExamples/libDaisy//build/libdaisy.a(adc.o)
                0x080013ac                daisy::AdcHandle::Init(daisy::AdcChannelConfig*, unsigned int, daisy::AdcHandle::OverSampling)
 .text._ZN5daisy9AdcHandle5StartEv
                0x08001744       0x28 ../../DaisyExamples/libDaisy//build/libdaisy.a(adc.o)
                0x08001744                daisy::AdcHandle::Start()
 .text._ZNK5daisy9AdcHandle8GetFloatEh
                0x0800176c       0x20 ../../DaisyExamples/libDaisy//build/libdaisy.a(adc.o)
                0x0800176c                daisy::AdcHandle::GetFloat(unsigned char) const
 .text.HAL_ADC_MspInit
                0x0800178c       0x94 ../../DaisyExamples/libDaisy//build/libdaisy.a(adc.o)
                0x0800178c                HAL_ADC_MspInit
 .text.DMA1_Stream2_IRQHandler
                0x08001820        0xc ../../DaisyExamples/libDaisy//build/libdaisy.a(adc.o)
                0x08001820                DMA1_Stream2_IRQHandler
 .text.HAL_ADC_ConvCpltCallback
                0x0800182c      0x11c ../../DaisyExamples/libDaisy//build/libdaisy.a(adc.o)
                0x0800182c                HAL_ADC_ConvCpltCallback
 .text.HAL_ADC_ErrorCallback
                0x08001948        0x4 ../../DaisyExamples/libDaisy//build/libdaisy.a(adc.o)
                0x08001948                HAL_ADC_ErrorCallback
 .text.dsy_gpio_init
                0x0800194c      0x1bc ../../DaisyExamples/libDaisy//build/libdaisy.a(gpio.o)
                0x0800194c                dsy_gpio_init
 .text.dsy_gpio_read
                0x08001b08       0x1c ../../DaisyExamples/libDaisy//build/libdaisy.a(gpio.o)
                0x08001b08                dsy_gpio_read
 .text.dsy_gpio_write
                0x08001b24       0x24 ../../DaisyExamples/libDaisy//build/libdaisy.a(gpio.o)
                0x08001b24                dsy_gpio_write
 .text._ZN5daisy9I2CHandle4Impl8InitPinsEv
                0x08001b48       0x58 ../../DaisyExamples/libDaisy//build/libdaisy.a(i2c.o)
                0x08001b48                daisy::I2CHandle::Impl::InitPins()
 .text.HAL_I2C_MspInit
                0x08001ba0      0x1b4 ../../DaisyExamples/libDaisy//build/libdaisy.a(i2c.o)
                0x08001ba0                HAL_I2C_MspInit
 .text.dsy_i2c_global_init
                0x08001d54       0x70 ../../DaisyExamples/libDaisy//build/libdaisy.a(i2c.o)
                0x08001d54                dsy_i2c_global_init
 .text.DMA1_Stream6_IRQHandler
                0x08001dc4       0x30 ../../DaisyExamples/libDaisy//build/libdaisy.a(i2c.o)
                0x08001dc4                DMA1_Stream6_IRQHandler
 .text.I2C1_EV_IRQHandler
                0x08001df4        0xc ../../DaisyExamples/libDaisy//build/libdaisy.a(i2c.o)
                0x08001df4                I2C1_EV_IRQHandler
 .text.I2C2_EV_IRQHandler
                0x08001e00        0xc ../../DaisyExamples/libDaisy//build/libdaisy.a(i2c.o)
                0x08001e00                I2C2_EV_IRQHandler
 .text.I2C3_EV_IRQHandler
                0x08001e0c        0xc ../../DaisyExamples/libDaisy//build/libdaisy.a(i2c.o)
                0x08001e0c                I2C3_EV_IRQHandler
 .text._ZN5daisy9I2CHandle4InitERKNS0_6ConfigE
                0x08001e18      0x120 ../../DaisyExamples/libDaisy//build/libdaisy.a(i2c.o)
                0x08001e18                daisy::I2CHandle::Init(daisy::I2CHandle::Config const&)
 .text._ZN5daisy9I2CHandle16TransmitBlockingEtPhtm
                0x08001f38       0x50 ../../DaisyExamples/libDaisy//build/libdaisy.a(i2c.o)
                0x08001f38                daisy::I2CHandle::TransmitBlocking(unsigned short, unsigned char*, unsigned short, unsigned long)
 .text.startup._GLOBAL__sub_I__ZN5daisy9I2CHandle4Impl10GlobalInitEv
                0x08001f88       0x18 ../../DaisyExamples/libDaisy//build/libdaisy.a(i2c.o)
 .text._ZN5daisy10QSPIHandle4Impl11WriteEnableEv
                0x08001fa0       0x88 ../../DaisyExamples/libDaisy//build/libdaisy.a(qspi.o)
                0x08001fa0                daisy::QSPIHandle::Impl::WriteEnable()
 .text._ZN5daisy10QSPIHandle4Impl17DummyCyclesConfigENS0_6Config6DeviceE
                0x08002028      0x108 ../../DaisyExamples/libDaisy//build/libdaisy.a(qspi.o)
                0x08002028                daisy::QSPIHandle::Impl::DummyCyclesConfig(daisy::QSPIHandle::Config::Device)
 .text._ZN5daisy10QSPIHandle4Impl10QuadEnableEv
                0x08002130      0x140 ../../DaisyExamples/libDaisy//build/libdaisy.a(qspi.o)
                0x08002130                daisy::QSPIHandle::Impl::QuadEnable()
 .text._ZN5daisy10QSPIHandle4InitERKNS0_6ConfigE
                0x08002270      0x180 ../../DaisyExamples/libDaisy//build/libdaisy.a(qspi.o)
                0x08002270                daisy::QSPIHandle::Init(daisy::QSPIHandle::Config const&)
 .text.HAL_QSPI_MspInit
                0x080023f0      0x11c ../../DaisyExamples/libDaisy//build/libdaisy.a(qspi.o)
                0x080023f0                HAL_QSPI_MspInit
 .text.HAL_QSPI_MspDeInit
                0x0800250c       0x54 ../../DaisyExamples/libDaisy//build/libdaisy.a(qspi.o)
                0x0800250c                HAL_QSPI_MspDeInit
 .text.QUADSPI_IRQHandler
                0x08002560        0xc ../../DaisyExamples/libDaisy//build/libdaisy.a(qspi.o)
                0x08002560                QUADSPI_IRQHandler
 .text.startup._GLOBAL__sub_I__ZN5daisy10QSPIHandle4Impl4InitERKNS0_6ConfigE
                0x0800256c       0x28 ../../DaisyExamples/libDaisy//build/libdaisy.a(qspi.o)
 .text._ZN5daisy9SaiHandle4Impl8InitPinsEv
                0x08002594       0xac ../../DaisyExamples/libDaisy//build/libdaisy.a(sai.o)
                0x08002594                daisy::SaiHandle::Impl::InitPins()
 .text.HAL_SAI_MspInit
                0x08002640      0x2a8 ../../DaisyExamples/libDaisy//build/libdaisy.a(sai.o)
                0x08002640                HAL_SAI_MspInit
 .text.DMA1_Stream0_IRQHandler
                0x080028e8        0xc ../../DaisyExamples/libDaisy//build/libdaisy.a(sai.o)
                0x080028e8                DMA1_Stream0_IRQHandler
 .text.DMA1_Stream1_IRQHandler
                0x080028f4        0xc ../../DaisyExamples/libDaisy//build/libdaisy.a(sai.o)
                0x080028f4                DMA1_Stream1_IRQHandler
 .text.DMA1_Stream3_IRQHandler
                0x08002900        0xc ../../DaisyExamples/libDaisy//build/libdaisy.a(sai.o)
                0x08002900                DMA1_Stream3_IRQHandler
 .text.DMA1_Stream4_IRQHandler
                0x0800290c        0xc ../../DaisyExamples/libDaisy//build/libdaisy.a(sai.o)
                0x0800290c                DMA1_Stream4_IRQHandler
 .text._ZN5daisy9SaiHandle4InitERKNS0_6ConfigE
                0x08002918      0x204 ../../DaisyExamples/libDaisy//build/libdaisy.a(sai.o)
                0x08002918                daisy::SaiHandle::Init(daisy::SaiHandle::Config const&)
 .text._ZNK5daisy9SaiHandle9GetConfigEv
                0x08002b1c        0x4 ../../DaisyExamples/libDaisy//build/libdaisy.a(sai.o)
                0x08002b1c                daisy::SaiHandle::GetConfig() const
 .text._ZN5daisy9SaiHandle13GetSampleRateEv
                0x08002b20       0x24 ../../DaisyExamples/libDaisy//build/libdaisy.a(sai.o)
                0x08002b20                daisy::SaiHandle::GetSampleRate()
 .text._ZN5daisy11TimerHandleD2Ev
                0x08002b44        0x4 ../../DaisyExamples/libDaisy//build/libdaisy.a(system.o)
                0x08002b44                daisy::TimerHandle::~TimerHandle()
                0x08002b44                daisy::TimerHandle::~TimerHandle()
 .text.SysTick_Handler
                0x08002b48       0x10 ../../DaisyExamples/libDaisy//build/libdaisy.a(system.o)
                0x08002b48                SysTick_Handler
 .text.OTG_HS_EP1_OUT_IRQHandler
                0x08002b58       0x24 ../../DaisyExamples/libDaisy//build/libdaisy.a(system.o)
                0x08002b58                OTG_HS_EP1_OUT_IRQHandler
 .text.OTG_HS_EP1_IN_IRQHandler
                0x08002b7c       0x24 ../../DaisyExamples/libDaisy//build/libdaisy.a(system.o)
                0x08002b7c                OTG_HS_EP1_IN_IRQHandler
 .text.OTG_HS_IRQHandler
                0x08002ba0       0x24 ../../DaisyExamples/libDaisy//build/libdaisy.a(system.o)
                0x08002ba0                OTG_HS_IRQHandler
 .text.HardFault_Handler
                0x08002bc4       0xe0 ../../DaisyExamples/libDaisy//build/libdaisy.a(system.o)
                0x08002bc4                HardFault_Handler
 .text._ZN5daisy6System5DelayEm
                0x08002ca4        0x4 ../../DaisyExamples/libDaisy//build/libdaisy.a(system.o)
                0x08002ca4                daisy::System::Delay(unsigned long)
 .text._ZN5daisy6System15ConfigureClocksEv
                0x08002ca8      0x188 ../../DaisyExamples/libDaisy//build/libdaisy.a(system.o)
                0x08002ca8                daisy::System::ConfigureClocks()
 .text._ZN5daisy6System4InitERKNS0_6ConfigE
                0x08002e30      0x13c ../../DaisyExamples/libDaisy//build/libdaisy.a(system.o)
                0x08002e30                daisy::System::Init(daisy::System::Config const&)
 .text._ZN5daisy6System12GetPClk1FreqEv
                0x08002f6c        0x4 ../../DaisyExamples/libDaisy//build/libdaisy.a(system.o)
                0x08002f6c                daisy::System::GetPClk1Freq()
 .text._ZN5daisy6System22GetProgramMemoryRegionEv
                0x08002f70       0x78 ../../DaisyExamples/libDaisy//build/libdaisy.a(system.o)
                0x08002f70                daisy::System::GetProgramMemoryRegion()
 .text.startup._GLOBAL__sub_I_SysTick_Handler
                0x08002fe8       0x1c ../../DaisyExamples/libDaisy//build/libdaisy.a(system.o)
 .text.SystemInit
                0x08003004       0x98 ../../DaisyExamples/libDaisy//build/libdaisy.a(system_stm32h7xx.o)
                0x08003004                SystemInit
 .text.dummy_rx_callback
                0x0800309c        0x4 ../../DaisyExamples/libDaisy//build/libdaisy.a(usbd_cdc_if.o)
                0x0800309c                dummy_rx_callback
 .text.CDC_DeInit_FS
                0x080030a0        0x4 ../../DaisyExamples/libDaisy//build/libdaisy.a(usbd_cdc_if.o)
 .text.CDC_Receive_FS
                0x080030a4       0x2c ../../DaisyExamples/libDaisy//build/libdaisy.a(usbd_cdc_if.o)
 .text.CDC_Receive_HS
                0x080030d0       0x2c ../../DaisyExamples/libDaisy//build/libdaisy.a(usbd_cdc_if.o)
 .text.CDC_Init_FS
                0x080030fc       0x3c ../../DaisyExamples/libDaisy//build/libdaisy.a(usbd_cdc_if.o)
 .text.CDC_Init_HS
                0x08003138       0x3c ../../DaisyExamples/libDaisy//build/libdaisy.a(usbd_cdc_if.o)
 .text.CDC_Control_FS
                0x08003174       0x38 ../../DaisyExamples/libDaisy//build/libdaisy.a(usbd_cdc_if.o)
 .text.CDC_Control_HS
                0x080031ac       0x38 ../../DaisyExamples/libDaisy//build/libdaisy.a(usbd_cdc_if.o)
 .text.CDC_DeInit_HS
                0x080031e4        0x4 ../../DaisyExamples/libDaisy//build/libdaisy.a(usbd_cdc_if.o)
 .text.CDC_Transmit_FS
                0x080031e8       0x2c ../../DaisyExamples/libDaisy//build/libdaisy.a(usbd_cdc_if.o)
                0x080031e8                CDC_Transmit_FS
 .text.HAL_PCD_MspInit
                0x08003214      0x144 ../../DaisyExamples/libDaisy//build/libdaisy.a(usbd_conf.o)
                0x08003214                HAL_PCD_MspInit
 .text.HAL_PCD_SetupStageCallback
                0x08003358        0xc ../../DaisyExamples/libDaisy//build/libdaisy.a(usbd_conf.o)
                0x08003358                HAL_PCD_SetupStageCallback
 .text.HAL_PCD_DataOutStageCallback
                0x08003364       0x14 ../../DaisyExamples/libDaisy//build/libdaisy.a(usbd_conf.o)
                0x08003364                HAL_PCD_DataOutStageCallback
 .text.HAL_PCD_DataInStageCallback
                0x08003378       0x14 ../../DaisyExamples/libDaisy//build/libdaisy.a(usbd_conf.o)
                0x08003378                HAL_PCD_DataInStageCallback
 .text.HAL_PCD_SOFCallback
                0x0800338c        0x8 ../../DaisyExamples/libDaisy//build/libdaisy.a(usbd_conf.o)
                0x0800338c                HAL_PCD_SOFCallback
 .text.HAL_PCD_ResetCallback
                0x08003394       0x24 ../../DaisyExamples/libDaisy//build/libdaisy.a(usbd_conf.o)
                0x08003394                HAL_PCD_ResetCallback
 .text.HAL_PCD_SuspendCallback
                0x080033b8       0x30 ../../DaisyExamples/libDaisy//build/libdaisy.a(usbd_conf.o)
                0x080033b8                HAL_PCD_SuspendCallback
 .text.HAL_PCD_ResumeCallback
                0x080033e8        0x8 ../../DaisyExamples/libDaisy//build/libdaisy.a(usbd_conf.o)
                0x080033e8                HAL_PCD_ResumeCallback
 .text.HAL_PCD_ISOOUTIncompleteCallback
                0x080033f0        0x8 ../../DaisyExamples/libDaisy//build/libdaisy.a(usbd_conf.o)
                0x080033f0                HAL_PCD_ISOOUTIncompleteCallback
 .text.HAL_PCD_ISOINIncompleteCallback
                0x080033f8        0x8 ../../DaisyExamples/libDaisy//build/libdaisy.a(usbd_conf.o)
                0x080033f8                HAL_PCD_ISOINIncompleteCallback
 .text.HAL_PCD_ConnectCallback
                0x08003400        0x8 ../../DaisyExamples/libDaisy//build/libdaisy.a(usbd_conf.o)
                0x08003400                HAL_PCD_ConnectCallback
 .text.HAL_PCD_DisconnectCallback
                0x08003408        0x8 ../../DaisyExamples/libDaisy//build/libdaisy.a(usbd_conf.o)
                0x08003408                HAL_PCD_DisconnectCallback
 .text.USBD_LL_Init
                0x08003410       0xd0 ../../DaisyExamples/libDaisy//build/libdaisy.a(usbd_conf.o)
                0x08003410                USBD_LL_Init
 .text.USBD_LL_Start
                0x080034e0       0x18 ../../DaisyExamples/libDaisy//build/libdaisy.a(usbd_conf.o)
                0x080034e0                USBD_LL_Start
 .text.USBD_LL_OpenEP
                0x080034f8       0x1c ../../DaisyExamples/libDaisy//build/libdaisy.a(usbd_conf.o)
                0x080034f8                USBD_LL_OpenEP
 .text.USBD_LL_CloseEP
                0x08003514       0x18 ../../DaisyExamples/libDaisy//build/libdaisy.a(usbd_conf.o)
                0x08003514                USBD_LL_CloseEP
 .text.USBD_LL_StallEP
                0x0800352c       0x18 ../../DaisyExamples/libDaisy//build/libdaisy.a(usbd_conf.o)
                0x0800352c                USBD_LL_StallEP
 .text.USBD_LL_ClearStallEP
                0x08003544       0x18 ../../DaisyExamples/libDaisy//build/libdaisy.a(usbd_conf.o)
                0x08003544                USBD_LL_ClearStallEP
 .text.USBD_LL_IsStallEP
                0x0800355c       0x28 ../../DaisyExamples/libDaisy//build/libdaisy.a(usbd_conf.o)
                0x0800355c                USBD_LL_IsStallEP
 .text.USBD_LL_SetUSBAddress
                0x08003584       0x18 ../../DaisyExamples/libDaisy//build/libdaisy.a(usbd_conf.o)
                0x08003584                USBD_LL_SetUSBAddress
 .text.USBD_LL_Transmit
                0x0800359c       0x18 ../../DaisyExamples/libDaisy//build/libdaisy.a(usbd_conf.o)
                0x0800359c                USBD_LL_Transmit
 .text.USBD_LL_PrepareReceive
                0x080035b4       0x18 ../../DaisyExamples/libDaisy//build/libdaisy.a(usbd_conf.o)
                0x080035b4                USBD_LL_PrepareReceive
 .text.USBD_LL_GetRxDataSize
                0x080035cc        0x8 ../../DaisyExamples/libDaisy//build/libdaisy.a(usbd_conf.o)
                0x080035cc                USBD_LL_GetRxDataSize
 .text.USBD_HS_DeviceDescriptor
                0x080035d4        0xc ../../DaisyExamples/libDaisy//build/libdaisy.a(usbd_desc.o)
                0x080035d4                USBD_HS_DeviceDescriptor
 .text.USBD_FS_DeviceDescriptor
                0x080035e0        0xc ../../DaisyExamples/libDaisy//build/libdaisy.a(usbd_desc.o)
                0x080035e0                USBD_FS_DeviceDescriptor
 .text.USBD_FS_LangIDStrDescriptor
                0x080035ec        0xc ../../DaisyExamples/libDaisy//build/libdaisy.a(usbd_desc.o)
                0x080035ec                USBD_FS_LangIDStrDescriptor
 .text.USBD_FS_ManufacturerStrDescriptor
                0x080035f8       0x1c ../../DaisyExamples/libDaisy//build/libdaisy.a(usbd_desc.o)
                0x080035f8                USBD_FS_ManufacturerStrDescriptor
 .text.USBD_HS_ProductStrDescriptor
                0x08003614       0x1c ../../DaisyExamples/libDaisy//build/libdaisy.a(usbd_desc.o)
                0x08003614                USBD_HS_ProductStrDescriptor
 .text.USBD_FS_ConfigStrDescriptor
                0x08003630       0x1c ../../DaisyExamples/libDaisy//build/libdaisy.a(usbd_desc.o)
                0x08003630                USBD_FS_ConfigStrDescriptor
 .text.USBD_FS_InterfaceStrDescriptor
                0x0800364c       0x1c ../../DaisyExamples/libDaisy//build/libdaisy.a(usbd_desc.o)
                0x0800364c                USBD_FS_InterfaceStrDescriptor
 .text.USBD_FS_ProductStrDescriptor
                0x08003668       0x1c ../../DaisyExamples/libDaisy//build/libdaisy.a(usbd_desc.o)
                0x08003668                USBD_FS_ProductStrDescriptor
 .text.USBD_HS_LangIDStrDescriptor
                0x08003684        0xc ../../DaisyExamples/libDaisy//build/libdaisy.a(usbd_desc.o)
                0x08003684                USBD_HS_LangIDStrDescriptor
 .text.USBD_HS_ManufacturerStrDescriptor
                0x08003690       0x1c ../../DaisyExamples/libDaisy//build/libdaisy.a(usbd_desc.o)
                0x08003690                USBD_HS_ManufacturerStrDescriptor
 .text.USBD_FS_SerialStrDescriptor
                0x080036ac      0x154 ../../DaisyExamples/libDaisy//build/libdaisy.a(usbd_desc.o)
                0x080036ac                USBD_FS_SerialStrDescriptor
 .text.USBD_HS_SerialStrDescriptor
                0x08003800      0x154 ../../DaisyExamples/libDaisy//build/libdaisy.a(usbd_desc.o)
                0x08003800                USBD_HS_SerialStrDescriptor
 .text.USBD_HS_InterfaceStrDescriptor
                0x08003954       0x1c ../../DaisyExamples/libDaisy//build/libdaisy.a(usbd_desc.o)
                0x08003954                USBD_HS_InterfaceStrDescriptor
 .text.USBD_HS_ConfigStrDescriptor
                0x08003970       0x1c ../../DaisyExamples/libDaisy//build/libdaisy.a(usbd_desc.o)
                0x08003970                USBD_HS_ConfigStrDescriptor
 .text.HAL_HCD_SOF_Callback
                0x0800398c        0x8 ../../DaisyExamples/libDaisy//build/libdaisy.a(usbh_conf.o)
                0x0800398c                HAL_HCD_SOF_Callback
 .text.HAL_HCD_Connect_Callback
                0x08003994        0x8 ../../DaisyExamples/libDaisy//build/libdaisy.a(usbh_conf.o)
                0x08003994                HAL_HCD_Connect_Callback
 .text.HAL_HCD_Disconnect_Callback
                0x0800399c        0x8 ../../DaisyExamples/libDaisy//build/libdaisy.a(usbh_conf.o)
                0x0800399c                HAL_HCD_Disconnect_Callback
 .text.HAL_HCD_HC_NotifyURBChange_Callback
                0x080039a4        0x4 ../../DaisyExamples/libDaisy//build/libdaisy.a(usbh_conf.o)
                0x080039a4                HAL_HCD_HC_NotifyURBChange_Callback
 .text.HAL_HCD_PortEnabled_Callback
                0x080039a8        0x8 ../../DaisyExamples/libDaisy//build/libdaisy.a(usbh_conf.o)
                0x080039a8                HAL_HCD_PortEnabled_Callback
 .text.HAL_HCD_PortDisabled_Callback
                0x080039b0        0x8 ../../DaisyExamples/libDaisy//build/libdaisy.a(usbh_conf.o)
                0x080039b0                HAL_HCD_PortDisabled_Callback
 .text.USBH_LL_Stop
                0x080039b8       0x18 ../../DaisyExamples/libDaisy//build/libdaisy.a(usbh_conf.o)
                0x080039b8                USBH_LL_Stop
 .text.dsy_hal_map_get_port
                0x080039d0       0x10 ../../DaisyExamples/libDaisy//build/libdaisy.a(hal_map.o)
                0x080039d0                dsy_hal_map_get_port
 .text.dsy_hal_map_get_pin
                0x080039e0       0x10 ../../DaisyExamples/libDaisy//build/libdaisy.a(hal_map.o)
                0x080039e0                dsy_hal_map_get_pin
 .text.dsy_hal_map_gpio_clk_enable
                0x080039f0      0x150 ../../DaisyExamples/libDaisy//build/libdaisy.a(hal_map.o)
                0x080039f0                dsy_hal_map_gpio_clk_enable
 .text.HAL_MspInit
                0x08003b40        0x4 ../../DaisyExamples/libDaisy//build/libdaisy.a(stm32h7xx_hal.o)
                0x08003b40                HAL_MspInit
 .text.HAL_InitTick
                0x08003b44       0x4c ../../DaisyExamples/libDaisy//build/libdaisy.a(stm32h7xx_hal.o)
                0x08003b44                HAL_InitTick
 .text.HAL_Init
                0x08003b90       0x60 ../../DaisyExamples/libDaisy//build/libdaisy.a(stm32h7xx_hal.o)
                0x08003b90                HAL_Init
 .text.HAL_IncTick
                0x08003bf0       0x18 ../../DaisyExamples/libDaisy//build/libdaisy.a(stm32h7xx_hal.o)
                0x08003bf0                HAL_IncTick
 .text.HAL_GetTick
                0x08003c08        0xc ../../DaisyExamples/libDaisy//build/libdaisy.a(stm32h7xx_hal.o)
                0x08003c08                HAL_GetTick
 .text.HAL_Delay
                0x08003c14       0x24 ../../DaisyExamples/libDaisy//build/libdaisy.a(stm32h7xx_hal.o)
                0x08003c14                HAL_Delay
 .text.HAL_GetREVID
                0x08003c38        0xc ../../DaisyExamples/libDaisy//build/libdaisy.a(stm32h7xx_hal.o)
                0x08003c38                HAL_GetREVID
 .text.HAL_ADC_ConvHalfCpltCallback
                0x08003c44        0x4 ../../DaisyExamples/libDaisy//build/libdaisy.a(stm32h7xx_hal_adc.o)
                0x08003c44                HAL_ADC_ConvHalfCpltCallback
 .text.ADC_DMAHalfConvCplt
                0x08003c48        0xc ../../DaisyExamples/libDaisy//build/libdaisy.a(stm32h7xx_hal_adc.o)
                0x08003c48                ADC_DMAHalfConvCplt
 .text.ADC_DMAConvCplt
                0x08003c54       0x6c ../../DaisyExamples/libDaisy//build/libdaisy.a(stm32h7xx_hal_adc.o)
                0x08003c54                ADC_DMAConvCplt
 .text.ADC_DMAError
                0x08003cc0       0x1c ../../DaisyExamples/libDaisy//build/libdaisy.a(stm32h7xx_hal_adc.o)
                0x08003cc0                ADC_DMAError
 .text.HAL_ADC_ConfigChannel
                0x08003cdc      0x390 ../../DaisyExamples/libDaisy//build/libdaisy.a(stm32h7xx_hal_adc.o)
                0x08003cdc                HAL_ADC_ConfigChannel
 .text.ADC_Enable
                0x0800406c       0xb0 ../../DaisyExamples/libDaisy//build/libdaisy.a(stm32h7xx_hal_adc.o)
                0x0800406c                ADC_Enable
 .text.HAL_ADC_Start_DMA
                0x0800411c      0x108 ../../DaisyExamples/libDaisy//build/libdaisy.a(stm32h7xx_hal_adc.o)
                0x0800411c                HAL_ADC_Start_DMA
 .text.ADC_Disable
                0x08004224       0x64 ../../DaisyExamples/libDaisy//build/libdaisy.a(stm32h7xx_hal_adc.o)
                0x08004224                ADC_Disable
 .text.ADC_ConfigureBoostMode
                0x08004288      0x17c ../../DaisyExamples/libDaisy//build/libdaisy.a(stm32h7xx_hal_adc.o)
                0x08004288                ADC_ConfigureBoostMode
 .text.HAL_ADC_Init
                0x08004404      0x214 ../../DaisyExamples/libDaisy//build/libdaisy.a(stm32h7xx_hal_adc.o)
                0x08004404                HAL_ADC_Init
 .text.HAL_ADCEx_Calibration_Start
                0x08004618       0xa4 ../../DaisyExamples/libDaisy//build/libdaisy.a(stm32h7xx_hal_adc_ex.o)
                0x08004618                HAL_ADCEx_Calibration_Start
 .text.HAL_ADCEx_MultiModeConfigChannel
                0x080046bc       0xb4 ../../DaisyExamples/libDaisy//build/libdaisy.a(stm32h7xx_hal_adc_ex.o)
                0x080046bc                HAL_ADCEx_MultiModeConfigChannel
 .text.HAL_NVIC_SetPriorityGrouping
                0x08004770       0x24 ../../DaisyExamples/libDaisy//build/libdaisy.a(stm32h7xx_hal_cortex.o)
                0x08004770                HAL_NVIC_SetPriorityGrouping
 .text.HAL_NVIC_SetPriority
                0x08004794       0x78 ../../DaisyExamples/libDaisy//build/libdaisy.a(stm32h7xx_hal_cortex.o)
                0x08004794                HAL_NVIC_SetPriority
 .text.HAL_NVIC_EnableIRQ
                0x0800480c       0x1c ../../DaisyExamples/libDaisy//build/libdaisy.a(stm32h7xx_hal_cortex.o)
                0x0800480c                HAL_NVIC_EnableIRQ
 .text.HAL_NVIC_DisableIRQ
                0x08004828       0x24 ../../DaisyExamples/libDaisy//build/libdaisy.a(stm32h7xx_hal_cortex.o)
                0x08004828                HAL_NVIC_DisableIRQ
 .text.HAL_SYSTICK_Config
                0x0800484c       0x2c ../../DaisyExamples/libDaisy//build/libdaisy.a(stm32h7xx_hal_cortex.o)
                0x0800484c                HAL_SYSTICK_Config
 .text.HAL_MPU_Disable
                0x08004878       0x1c ../../DaisyExamples/libDaisy//build/libdaisy.a(stm32h7xx_hal_cortex.o)
                0x08004878                HAL_MPU_Disable
 .text.HAL_MPU_Enable
                0x08004894       0x20 ../../DaisyExamples/libDaisy//build/libdaisy.a(stm32h7xx_hal_cortex.o)
                0x08004894                HAL_MPU_Enable
 .text.HAL_MPU_ConfigRegion
                0x080048b4       0x64 ../../DaisyExamples/libDaisy//build/libdaisy.a(stm32h7xx_hal_cortex.o)
                0x080048b4                HAL_MPU_ConfigRegion
 .text.HAL_SYSTICK_Callback
                0x08004918        0x4 ../../DaisyExamples/libDaisy//build/libdaisy.a(stm32h7xx_hal_cortex.o)
                0x08004918                HAL_SYSTICK_Callback
 .text.HAL_SYSTICK_IRQHandler
                0x0800491c        0x8 ../../DaisyExamples/libDaisy//build/libdaisy.a(stm32h7xx_hal_cortex.o)
                0x0800491c                HAL_SYSTICK_IRQHandler
 .text.DMA_CalcBaseAndBitshift
                0x08004924      0x100 ../../DaisyExamples/libDaisy//build/libdaisy.a(stm32h7xx_hal_dma.o)
 .text.DMA_CalcDMAMUXChannelBaseAndMask
                0x08004a24       0xd4 ../../DaisyExamples/libDaisy//build/libdaisy.a(stm32h7xx_hal_dma.o)
 .text.HAL_DMA_Init
                0x08004af8      0x368 ../../DaisyExamples/libDaisy//build/libdaisy.a(stm32h7xx_hal_dma.o)
                0x08004af8                HAL_DMA_Init
 .text.HAL_DMA_Start_IT
                0x08004e60      0x288 ../../DaisyExamples/libDaisy//build/libdaisy.a(stm32h7xx_hal_dma.o)
                0x08004e60                HAL_DMA_Start_IT
 .text.HAL_DMA_Abort_IT
                0x080050e8      0x134 ../../DaisyExamples/libDaisy//build/libdaisy.a(stm32h7xx_hal_dma.o)
                0x080050e8                HAL_DMA_Abort_IT
 .text.HAL_DMA_IRQHandler
                0x0800521c      0x424 ../../DaisyExamples/libDaisy//build/libdaisy.a(stm32h7xx_hal_dma.o)
                0x0800521c                HAL_DMA_IRQHandler
 .text.HAL_DMA_GetError
                0x08005640        0x4 ../../DaisyExamples/libDaisy//build/libdaisy.a(stm32h7xx_hal_dma.o)
                0x08005640                HAL_DMA_GetError
 .text.HAL_GPIO_Init
                0x08005644      0x41c ../../DaisyExamples/libDaisy//build/libdaisy.a(stm32h7xx_hal_gpio.o)
                0x08005644                HAL_GPIO_Init
 .text.HAL_GPIO_DeInit
                0x08005a60      0x258 ../../DaisyExamples/libDaisy//build/libdaisy.a(stm32h7xx_hal_gpio.o)
                0x08005a60                HAL_GPIO_DeInit
 .text.HAL_GPIO_ReadPin
                0x08005cb8        0xc ../../DaisyExamples/libDaisy//build/libdaisy.a(stm32h7xx_hal_gpio.o)
                0x08005cb8                HAL_GPIO_ReadPin
 .text.HAL_GPIO_WritePin
                0x08005cc4        0x8 ../../DaisyExamples/libDaisy//build/libdaisy.a(stm32h7xx_hal_gpio.o)
                0x08005cc4                HAL_GPIO_WritePin
 .text.HAL_HCD_IRQHandler
                0x08005ccc      0x764 ../../DaisyExamples/libDaisy//build/libdaisy.a(stm32h7xx_hal_hcd.o)
                0x08005ccc                HAL_HCD_IRQHandler
 .text.HAL_HCD_Stop
                0x08006430       0x28 ../../DaisyExamples/libDaisy//build/libdaisy.a(stm32h7xx_hal_hcd.o)
                0x08006430                HAL_HCD_Stop
 .text.I2C_WaitOnTXISFlagUntilTimeout
                0x08006458       0xbc ../../DaisyExamples/libDaisy//build/libdaisy.a(stm32h7xx_hal_i2c.o)
 .text.I2C_WaitOnSTOPFlagUntilTimeout
                0x08006514       0xa8 ../../DaisyExamples/libDaisy//build/libdaisy.a(stm32h7xx_hal_i2c.o)
 .text.HAL_I2C_Init
                0x080065bc       0xac ../../DaisyExamples/libDaisy//build/libdaisy.a(stm32h7xx_hal_i2c.o)
                0x080065bc                HAL_I2C_Init
 .text.HAL_I2C_Master_Transmit
                0x08006668      0x198 ../../DaisyExamples/libDaisy//build/libdaisy.a(stm32h7xx_hal_i2c.o)
                0x08006668                HAL_I2C_Master_Transmit
 .text.HAL_I2C_Slave_Transmit
                0x08006800      0x1cc ../../DaisyExamples/libDaisy//build/libdaisy.a(stm32h7xx_hal_i2c.o)
                0x08006800                HAL_I2C_Slave_Transmit
 .text.HAL_I2C_EV_IRQHandler
                0x080069cc       0x10 ../../DaisyExamples/libDaisy//build/libdaisy.a(stm32h7xx_hal_i2c.o)
                0x080069cc                HAL_I2C_EV_IRQHandler
 .text.HAL_I2C_GetState
                0x080069dc        0x8 ../../DaisyExamples/libDaisy//build/libdaisy.a(stm32h7xx_hal_i2c.o)
                0x080069dc                HAL_I2C_GetState
 .text.HAL_I2CEx_ConfigAnalogFilter
                0x080069e4       0x54 ../../DaisyExamples/libDaisy//build/libdaisy.a(stm32h7xx_hal_i2c_ex.o)
                0x080069e4                HAL_I2CEx_ConfigAnalogFilter
 .text.HAL_I2CEx_ConfigDigitalFilter
                0x08006a38       0x58 ../../DaisyExamples/libDaisy//build/libdaisy.a(stm32h7xx_hal_i2c_ex.o)
                0x08006a38                HAL_I2CEx_ConfigDigitalFilter
 .text.HAL_PCD_Init
                0x08006a90      0x120 ../../DaisyExamples/libDaisy//build/libdaisy.a(stm32h7xx_hal_pcd.o)
                0x08006a90                HAL_PCD_Init
 .text.HAL_PCD_Start
                0x08006bb0       0x44 ../../DaisyExamples/libDaisy//build/libdaisy.a(stm32h7xx_hal_pcd.o)
                0x08006bb0                HAL_PCD_Start
 .text.HAL_PCD_IRQHandler
                0x08006bf4      0x6c4 ../../DaisyExamples/libDaisy//build/libdaisy.a(stm32h7xx_hal_pcd.o)
                0x08006bf4                HAL_PCD_IRQHandler
 .text.HAL_PCD_SetAddress
                0x080072b8       0x2c ../../DaisyExamples/libDaisy//build/libdaisy.a(stm32h7xx_hal_pcd.o)
                0x080072b8                HAL_PCD_SetAddress
 .text.HAL_PCD_EP_Open
                0x080072e4       0x7c ../../DaisyExamples/libDaisy//build/libdaisy.a(stm32h7xx_hal_pcd.o)
                0x080072e4                HAL_PCD_EP_Open
 .text.HAL_PCD_EP_Close
                0x08007360       0x70 ../../DaisyExamples/libDaisy//build/libdaisy.a(stm32h7xx_hal_pcd.o)
                0x08007360                HAL_PCD_EP_Close
 .text.HAL_PCD_EP_Receive
                0x080073d0       0x50 ../../DaisyExamples/libDaisy//build/libdaisy.a(stm32h7xx_hal_pcd.o)
                0x080073d0                HAL_PCD_EP_Receive
 .text.HAL_PCD_EP_GetRxCount
                0x08007420       0x14 ../../DaisyExamples/libDaisy//build/libdaisy.a(stm32h7xx_hal_pcd.o)
                0x08007420                HAL_PCD_EP_GetRxCount
 .text.HAL_PCD_EP_Transmit
                0x08007434       0x50 ../../DaisyExamples/libDaisy//build/libdaisy.a(stm32h7xx_hal_pcd.o)
                0x08007434                HAL_PCD_EP_Transmit
 .text.HAL_PCD_EP_SetStall
                0x08007484       0x88 ../../DaisyExamples/libDaisy//build/libdaisy.a(stm32h7xx_hal_pcd.o)
                0x08007484                HAL_PCD_EP_SetStall
 .text.HAL_PCD_EP_ClrStall
                0x0800750c       0x78 ../../DaisyExamples/libDaisy//build/libdaisy.a(stm32h7xx_hal_pcd.o)
                0x0800750c                HAL_PCD_EP_ClrStall
 .text.HAL_PCDEx_SetTxFiFo
                0x08007584      0x104 ../../DaisyExamples/libDaisy//build/libdaisy.a(stm32h7xx_hal_pcd_ex.o)
                0x08007584                HAL_PCDEx_SetTxFiFo
 .text.HAL_PCDEx_SetRxFiFo
                0x08007688        0xc ../../DaisyExamples/libDaisy//build/libdaisy.a(stm32h7xx_hal_pcd_ex.o)
                0x08007688                HAL_PCDEx_SetRxFiFo
 .text.HAL_PCDEx_ActivateLPM
                0x08007694       0x30 ../../DaisyExamples/libDaisy//build/libdaisy.a(stm32h7xx_hal_pcd_ex.o)
                0x08007694                HAL_PCDEx_ActivateLPM
 .text.HAL_PCDEx_LPM_Callback
                0x080076c4        0x4 ../../DaisyExamples/libDaisy//build/libdaisy.a(stm32h7xx_hal_pcd_ex.o)
                0x080076c4                HAL_PCDEx_LPM_Callback
 .text.HAL_PWREx_ConfigSupply
                0x080076c8       0x4c ../../DaisyExamples/libDaisy//build/libdaisy.a(stm32h7xx_hal_pwr_ex.o)
                0x080076c8                HAL_PWREx_ConfigSupply
 .text.HAL_PWREx_EnableUSBVoltageDetector
                0x08007714       0x10 ../../DaisyExamples/libDaisy//build/libdaisy.a(stm32h7xx_hal_pwr_ex.o)
                0x08007714                HAL_PWREx_EnableUSBVoltageDetector
 .text.QSPI_Config
                0x08007724      0x188 ../../DaisyExamples/libDaisy//build/libdaisy.a(stm32h7xx_hal_qspi.o)
 .text.HAL_QSPI_Init
                0x080078ac       0xdc ../../DaisyExamples/libDaisy//build/libdaisy.a(stm32h7xx_hal_qspi.o)
                0x080078ac                HAL_QSPI_Init
 .text.HAL_QSPI_DeInit
                0x08007988       0x3c ../../DaisyExamples/libDaisy//build/libdaisy.a(stm32h7xx_hal_qspi.o)
                0x08007988                HAL_QSPI_DeInit
 .text.HAL_QSPI_Command
                0x080079c4       0xdc ../../DaisyExamples/libDaisy//build/libdaisy.a(stm32h7xx_hal_qspi.o)
                0x080079c4                HAL_QSPI_Command
 .text.HAL_QSPI_Transmit
                0x08007aa0      0x11c ../../DaisyExamples/libDaisy//build/libdaisy.a(stm32h7xx_hal_qspi.o)
                0x08007aa0                HAL_QSPI_Transmit
 .text.HAL_QSPI_Receive
                0x08007bbc      0x128 ../../DaisyExamples/libDaisy//build/libdaisy.a(stm32h7xx_hal_qspi.o)
                0x08007bbc                HAL_QSPI_Receive
 .text.HAL_QSPI_AutoPolling
                0x08007ce4      0x11c ../../DaisyExamples/libDaisy//build/libdaisy.a(stm32h7xx_hal_qspi.o)
                0x08007ce4                HAL_QSPI_AutoPolling
 .text.HAL_QSPI_MemoryMapped
                0x08007e00       0xc4 ../../DaisyExamples/libDaisy//build/libdaisy.a(stm32h7xx_hal_qspi.o)
                0x08007e00                HAL_QSPI_MemoryMapped
 .text.HAL_QSPI_ErrorCallback
                0x08007ec4        0x4 ../../DaisyExamples/libDaisy//build/libdaisy.a(stm32h7xx_hal_qspi.o)
                0x08007ec4                HAL_QSPI_ErrorCallback
 .text.QSPI_DMAAbortCplt
                0x08007ec8       0x38 ../../DaisyExamples/libDaisy//build/libdaisy.a(stm32h7xx_hal_qspi.o)
 .text.HAL_QSPI_AbortCpltCallback
                0x08007f00        0x4 ../../DaisyExamples/libDaisy//build/libdaisy.a(stm32h7xx_hal_qspi.o)
                0x08007f00                HAL_QSPI_AbortCpltCallback
 .text.HAL_QSPI_CmdCpltCallback
                0x08007f04        0x4 ../../DaisyExamples/libDaisy//build/libdaisy.a(stm32h7xx_hal_qspi.o)
                0x08007f04                HAL_QSPI_CmdCpltCallback
 .text.HAL_QSPI_RxCpltCallback
                0x08007f08        0x4 ../../DaisyExamples/libDaisy//build/libdaisy.a(stm32h7xx_hal_qspi.o)
                0x08007f08                HAL_QSPI_RxCpltCallback
 .text.HAL_QSPI_TxCpltCallback
                0x08007f0c        0x4 ../../DaisyExamples/libDaisy//build/libdaisy.a(stm32h7xx_hal_qspi.o)
                0x08007f0c                HAL_QSPI_TxCpltCallback
 .text.HAL_QSPI_FifoThresholdCallback
                0x08007f10        0x4 ../../DaisyExamples/libDaisy//build/libdaisy.a(stm32h7xx_hal_qspi.o)
                0x08007f10                HAL_QSPI_FifoThresholdCallback
 .text.HAL_QSPI_StatusMatchCallback
                0x08007f14        0x4 ../../DaisyExamples/libDaisy//build/libdaisy.a(stm32h7xx_hal_qspi.o)
                0x08007f14                HAL_QSPI_StatusMatchCallback
 .text.HAL_QSPI_TimeOutCallback
                0x08007f18        0x4 ../../DaisyExamples/libDaisy//build/libdaisy.a(stm32h7xx_hal_qspi.o)
                0x08007f18                HAL_QSPI_TimeOutCallback
 .text.HAL_QSPI_IRQHandler
                0x08007f1c      0x210 ../../DaisyExamples/libDaisy//build/libdaisy.a(stm32h7xx_hal_qspi.o)
                0x08007f1c                HAL_QSPI_IRQHandler
 .text.HAL_RCC_OscConfig
                0x0800812c      0x518 ../../DaisyExamples/libDaisy//build/libdaisy.a(stm32h7xx_hal_rcc.o)
                0x0800812c                HAL_RCC_OscConfig
 .text.HAL_RCC_GetSysClockFreq
                0x08008644      0x11c ../../DaisyExamples/libDaisy//build/libdaisy.a(stm32h7xx_hal_rcc.o)
                0x08008644                HAL_RCC_GetSysClockFreq
 .text.HAL_RCC_ClockConfig
                0x08008760      0x238 ../../DaisyExamples/libDaisy//build/libdaisy.a(stm32h7xx_hal_rcc.o)
                0x08008760                HAL_RCC_ClockConfig
 .text.HAL_RCC_GetHCLKFreq
                0x08008998       0x2c ../../DaisyExamples/libDaisy//build/libdaisy.a(stm32h7xx_hal_rcc.o)
                0x08008998                HAL_RCC_GetHCLKFreq
 .text.HAL_RCC_GetPCLK1Freq
                0x080089c4       0x38 ../../DaisyExamples/libDaisy//build/libdaisy.a(stm32h7xx_hal_rcc.o)
                0x080089c4                HAL_RCC_GetPCLK1Freq
 .text.HAL_RCC_GetPCLK2Freq
                0x080089fc       0x38 ../../DaisyExamples/libDaisy//build/libdaisy.a(stm32h7xx_hal_rcc.o)
                0x080089fc                HAL_RCC_GetPCLK2Freq
 .text.RCCEx_PLL2_Config.part.0
                0x08008a34       0xe0 ../../DaisyExamples/libDaisy//build/libdaisy.a(stm32h7xx_hal_rcc_ex.o)
 .text.RCCEx_PLL3_Config.part.0
                0x08008b14       0xe0 ../../DaisyExamples/libDaisy//build/libdaisy.a(stm32h7xx_hal_rcc_ex.o)
 .text.HAL_RCCEx_PeriphCLKConfig
                0x08008bf4      0xcc4 ../../DaisyExamples/libDaisy//build/libdaisy.a(stm32h7xx_hal_rcc_ex.o)
                0x08008bf4                HAL_RCCEx_PeriphCLKConfig
 .text.HAL_RCCEx_GetD3PCLK1Freq
                0x080098b8       0x24 ../../DaisyExamples/libDaisy//build/libdaisy.a(stm32h7xx_hal_rcc_ex.o)
                0x080098b8                HAL_RCCEx_GetD3PCLK1Freq
 .text.HAL_RCCEx_GetPLL2ClockFreq
                0x080098dc      0x134 ../../DaisyExamples/libDaisy//build/libdaisy.a(stm32h7xx_hal_rcc_ex.o)
                0x080098dc                HAL_RCCEx_GetPLL2ClockFreq
 .text.HAL_RCCEx_GetPLL3ClockFreq
                0x08009a10      0x134 ../../DaisyExamples/libDaisy//build/libdaisy.a(stm32h7xx_hal_rcc_ex.o)
                0x08009a10                HAL_RCCEx_GetPLL3ClockFreq
 .text.HAL_RCCEx_GetPLL1ClockFreq
                0x08009b44      0x134 ../../DaisyExamples/libDaisy//build/libdaisy.a(stm32h7xx_hal_rcc_ex.o)
                0x08009b44                HAL_RCCEx_GetPLL1ClockFreq
 .text.HAL_RCCEx_GetPeriphCLKFreq
                0x08009c78      0x150 ../../DaisyExamples/libDaisy//build/libdaisy.a(stm32h7xx_hal_rcc_ex.o)
                0x08009c78                HAL_RCCEx_GetPeriphCLKFreq
 .text.HAL_RCCEx_GetD1SysClockFreq
                0x08009dc8       0x2c ../../DaisyExamples/libDaisy//build/libdaisy.a(stm32h7xx_hal_rcc_ex.o)
                0x08009dc8                HAL_RCCEx_GetD1SysClockFreq
 .text.HAL_SAI_Init
                0x08009df4      0x380 ../../DaisyExamples/libDaisy//build/libdaisy.a(stm32h7xx_hal_sai.o)
                0x08009df4                HAL_SAI_Init
 .text.HAL_SAI_InitProtocol
                0x0800a174      0x15c ../../DaisyExamples/libDaisy//build/libdaisy.a(stm32h7xx_hal_sai.o)
                0x0800a174                HAL_SAI_InitProtocol
 .text.HAL_SDRAM_Init
                0x0800a2d0       0x54 ../../DaisyExamples/libDaisy//build/libdaisy.a(stm32h7xx_hal_sdram.o)
                0x0800a2d0                HAL_SDRAM_Init
 .text.HAL_SDRAM_SendCommand
                0x0800a324       0x40 ../../DaisyExamples/libDaisy//build/libdaisy.a(stm32h7xx_hal_sdram.o)
                0x0800a324                HAL_SDRAM_SendCommand
 .text.HAL_SDRAM_ProgramRefreshRate
                0x0800a364       0x30 ../../DaisyExamples/libDaisy//build/libdaisy.a(stm32h7xx_hal_sdram.o)
                0x0800a364                HAL_SDRAM_ProgramRefreshRate
 .text.FMC_SDRAM_Init
                0x0800a394       0x6c ../../DaisyExamples/libDaisy//build/libdaisy.a(stm32h7xx_ll_fmc.o)
                0x0800a394                FMC_SDRAM_Init
 .text.FMC_SDRAM_Timing_Init
                0x0800a400       0x7c ../../DaisyExamples/libDaisy//build/libdaisy.a(stm32h7xx_ll_fmc.o)
                0x0800a400                FMC_SDRAM_Timing_Init
 .text.FMC_SDRAM_SendCommand
                0x0800a47c       0x28 ../../DaisyExamples/libDaisy//build/libdaisy.a(stm32h7xx_ll_fmc.o)
                0x0800a47c                FMC_SDRAM_SendCommand
 .text.FMC_SDRAM_ProgramRefreshRate
                0x0800a4a4       0x14 ../../DaisyExamples/libDaisy//build/libdaisy.a(stm32h7xx_ll_fmc.o)
                0x0800a4a4                FMC_SDRAM_ProgramRefreshRate
 .text.USB_CoreInit
                0x0800a4b8      0x124 ../../DaisyExamples/libDaisy//build/libdaisy.a(stm32h7xx_ll_usb.o)
                0x0800a4b8                USB_CoreInit
 .text.USB_SetTurnaroundTime
                0x0800a5dc      0x104 ../../DaisyExamples/libDaisy//build/libdaisy.a(stm32h7xx_ll_usb.o)
                0x0800a5dc                USB_SetTurnaroundTime
 .text.USB_EnableGlobalInt
                0x0800a6e0       0x10 ../../DaisyExamples/libDaisy//build/libdaisy.a(stm32h7xx_ll_usb.o)
                0x0800a6e0                USB_EnableGlobalInt
 .text.USB_DisableGlobalInt
                0x0800a6f0       0x10 ../../DaisyExamples/libDaisy//build/libdaisy.a(stm32h7xx_ll_usb.o)
                0x0800a6f0                USB_DisableGlobalInt
 .text.USB_SetCurrentMode
                0x0800a700       0x30 ../../DaisyExamples/libDaisy//build/libdaisy.a(stm32h7xx_ll_usb.o)
                0x0800a700                USB_SetCurrentMode
 .text.USB_DevInit
                0x0800a730      0x224 ../../DaisyExamples/libDaisy//build/libdaisy.a(stm32h7xx_ll_usb.o)
                0x0800a730                USB_DevInit
 .text.USB_FlushTxFifo
                0x0800a954       0x34 ../../DaisyExamples/libDaisy//build/libdaisy.a(stm32h7xx_ll_usb.o)
                0x0800a954                USB_FlushTxFifo
 .text.USB_GetDevSpeed
                0x0800a988       0x24 ../../DaisyExamples/libDaisy//build/libdaisy.a(stm32h7xx_ll_usb.o)
                0x0800a988                USB_GetDevSpeed
 .text.USB_ActivateEndpoint
                0x0800a9ac       0x8c ../../DaisyExamples/libDaisy//build/libdaisy.a(stm32h7xx_ll_usb.o)
                0x0800a9ac                USB_ActivateEndpoint
 .text.USB_DeactivateEndpoint
                0x0800aa38       0x6c ../../DaisyExamples/libDaisy//build/libdaisy.a(stm32h7xx_ll_usb.o)
                0x0800aa38                USB_DeactivateEndpoint
 .text.USB_EPStartXfer
                0x0800aaa4      0x214 ../../DaisyExamples/libDaisy//build/libdaisy.a(stm32h7xx_ll_usb.o)
                0x0800aaa4                USB_EPStartXfer
 .text.USB_EP0StartXfer
                0x0800acb8       0xf8 ../../DaisyExamples/libDaisy//build/libdaisy.a(stm32h7xx_ll_usb.o)
                0x0800acb8                USB_EP0StartXfer
 .text.USB_WritePacket
                0x0800adb0       0x2c ../../DaisyExamples/libDaisy//build/libdaisy.a(stm32h7xx_ll_usb.o)
                0x0800adb0                USB_WritePacket
 .text.USB_ReadPacket
                0x0800addc       0x20 ../../DaisyExamples/libDaisy//build/libdaisy.a(stm32h7xx_ll_usb.o)
                0x0800addc                USB_ReadPacket
 .text.USB_EPSetStall
                0x0800adfc       0x70 ../../DaisyExamples/libDaisy//build/libdaisy.a(stm32h7xx_ll_usb.o)
                0x0800adfc                USB_EPSetStall
 .text.USB_EPClearStall
                0x0800ae6c       0x58 ../../DaisyExamples/libDaisy//build/libdaisy.a(stm32h7xx_ll_usb.o)
                0x0800ae6c                USB_EPClearStall
 .text.USB_SetDevAddress
                0x0800aec4       0x24 ../../DaisyExamples/libDaisy//build/libdaisy.a(stm32h7xx_ll_usb.o)
                0x0800aec4                USB_SetDevAddress
 .text.USB_DevConnect
                0x0800aee8       0x1c ../../DaisyExamples/libDaisy//build/libdaisy.a(stm32h7xx_ll_usb.o)
                0x0800aee8                USB_DevConnect
 .text.USB_DevDisconnect
                0x0800af04       0x1c ../../DaisyExamples/libDaisy//build/libdaisy.a(stm32h7xx_ll_usb.o)
                0x0800af04                USB_DevDisconnect
 .text.USB_ReadInterrupts
                0x0800af20       0x14 ../../DaisyExamples/libDaisy//build/libdaisy.a(stm32h7xx_ll_usb.o)
                0x0800af20                USB_ReadInterrupts
 .text.USB_ReadDevAllOutEpInterrupt
                0x0800af34       0x1c ../../DaisyExamples/libDaisy//build/libdaisy.a(stm32h7xx_ll_usb.o)
                0x0800af34                USB_ReadDevAllOutEpInterrupt
 .text.USB_ReadDevAllInEpInterrupt
                0x0800af50       0x1c ../../DaisyExamples/libDaisy//build/libdaisy.a(stm32h7xx_ll_usb.o)
                0x0800af50                USB_ReadDevAllInEpInterrupt
 .text.USB_ReadDevOutEPInterrupt
                0x0800af6c       0x1c ../../DaisyExamples/libDaisy//build/libdaisy.a(stm32h7xx_ll_usb.o)
                0x0800af6c                USB_ReadDevOutEPInterrupt
 .text.USB_ReadDevInEPInterrupt
                0x0800af88       0x38 ../../DaisyExamples/libDaisy//build/libdaisy.a(stm32h7xx_ll_usb.o)
                0x0800af88                USB_ReadDevInEPInterrupt
 .text.USB_GetMode
                0x0800afc0        0x8 ../../DaisyExamples/libDaisy//build/libdaisy.a(stm32h7xx_ll_usb.o)
                0x0800afc0                USB_GetMode
 .text.USB_ActivateSetup
                0x0800afc8       0x34 ../../DaisyExamples/libDaisy//build/libdaisy.a(stm32h7xx_ll_usb.o)
                0x0800afc8                USB_ActivateSetup
 .text.USB_EP0_OutStart
                0x0800affc       0x50 ../../DaisyExamples/libDaisy//build/libdaisy.a(stm32h7xx_ll_usb.o)
                0x0800affc                USB_EP0_OutStart
 .text.USB_InitFSLSPClkSel
                0x0800b04c       0x44 ../../DaisyExamples/libDaisy//build/libdaisy.a(stm32h7xx_ll_usb.o)
                0x0800b04c                USB_InitFSLSPClkSel
 .text.USB_HC_ReadInterrupt
                0x0800b090        0x8 ../../DaisyExamples/libDaisy//build/libdaisy.a(stm32h7xx_ll_usb.o)
                0x0800b090                USB_HC_ReadInterrupt
 .text.USB_HC_Halt
                0x0800b098       0xc0 ../../DaisyExamples/libDaisy//build/libdaisy.a(stm32h7xx_ll_usb.o)
                0x0800b098                USB_HC_Halt
 .text.USB_StopHost
                0x0800b158      0x2ec ../../DaisyExamples/libDaisy//build/libdaisy.a(stm32h7xx_ll_usb.o)
                0x0800b158                USB_StopHost
 .text.USBD_CDC_EP0_RxReady
                0x0800b444       0x2c ../../DaisyExamples/libDaisy//build/libdaisy.a(usbd_cdc.o)
 .text.USBD_CDC_GetFSCfgDesc
                0x0800b470       0x24 ../../DaisyExamples/libDaisy//build/libdaisy.a(usbd_cdc.o)
 .text.USBD_CDC_GetHSCfgDesc
                0x0800b494       0x24 ../../DaisyExamples/libDaisy//build/libdaisy.a(usbd_cdc.o)
 .text.USBD_CDC_GetOtherSpeedCfgDesc
                0x0800b4b8       0x24 ../../DaisyExamples/libDaisy//build/libdaisy.a(usbd_cdc.o)
 .text.USBD_CDC_GetDeviceQualifierDescriptor
                0x0800b4dc       0x10 ../../DaisyExamples/libDaisy//build/libdaisy.a(usbd_cdc.o)
                0x0800b4dc                USBD_CDC_GetDeviceQualifierDescriptor
 .text.USBD_CDC_DataOut
                0x0800b4ec       0x30 ../../DaisyExamples/libDaisy//build/libdaisy.a(usbd_cdc.o)
 .text.USBD_CDC_DataIn
                0x0800b51c       0x4c ../../DaisyExamples/libDaisy//build/libdaisy.a(usbd_cdc.o)
 .text.USBD_CDC_Setup
                0x0800b568       0xb4 ../../DaisyExamples/libDaisy//build/libdaisy.a(usbd_cdc.o)
 .text.USBD_CDC_DeInit
                0x0800b61c       0x44 ../../DaisyExamples/libDaisy//build/libdaisy.a(usbd_cdc.o)
 .text.USBD_CDC_Init
                0x0800b660       0xa0 ../../DaisyExamples/libDaisy//build/libdaisy.a(usbd_cdc.o)
 .text.USBD_CDC_RegisterInterface
                0x0800b700       0x10 ../../DaisyExamples/libDaisy//build/libdaisy.a(usbd_cdc.o)
                0x0800b700                USBD_CDC_RegisterInterface
 .text.USBD_CDC_SetTxBuffer
                0x0800b710       0x14 ../../DaisyExamples/libDaisy//build/libdaisy.a(usbd_cdc.o)
                0x0800b710                USBD_CDC_SetTxBuffer
 .text.USBD_CDC_SetRxBuffer
                0x0800b724       0x10 ../../DaisyExamples/libDaisy//build/libdaisy.a(usbd_cdc.o)
                0x0800b724                USBD_CDC_SetRxBuffer
 .text.USBD_CDC_TransmitPacket
                0x0800b734       0x34 ../../DaisyExamples/libDaisy//build/libdaisy.a(usbd_cdc.o)
                0x0800b734                USBD_CDC_TransmitPacket
 .text.USBD_CDC_ReceivePacket
                0x0800b768       0x30 ../../DaisyExamples/libDaisy//build/libdaisy.a(usbd_cdc.o)
                0x0800b768                USBD_CDC_ReceivePacket
 .text.USBD_Init
                0x0800b798       0x44 ../../DaisyExamples/libDaisy//build/libdaisy.a(usbd_core.o)
                0x0800b798                USBD_Init
 .text.USBD_RegisterClass
                0x0800b7dc       0x2c ../../DaisyExamples/libDaisy//build/libdaisy.a(usbd_core.o)
                0x0800b7dc                USBD_RegisterClass
 .text.USBD_Start
                0x0800b808        0xc ../../DaisyExamples/libDaisy//build/libdaisy.a(usbd_core.o)
                0x0800b808                USBD_Start
 .text.USBD_SetClassConfig
                0x0800b814       0x1c ../../DaisyExamples/libDaisy//build/libdaisy.a(usbd_core.o)
                0x0800b814                USBD_SetClassConfig
 .text.USBD_ClrClassConfig
                0x0800b830       0x10 ../../DaisyExamples/libDaisy//build/libdaisy.a(usbd_core.o)
                0x0800b830                USBD_ClrClassConfig
 .text.USBD_LL_SetupStage
                0x0800b840       0x5c ../../DaisyExamples/libDaisy//build/libdaisy.a(usbd_core.o)
                0x0800b840                USBD_LL_SetupStage
 .text.USBD_LL_DataOutStage
                0x0800b89c       0x74 ../../DaisyExamples/libDaisy//build/libdaisy.a(usbd_core.o)
                0x0800b89c                USBD_LL_DataOutStage
 .text.USBD_LL_DataInStage
                0x0800b910       0xc4 ../../DaisyExamples/libDaisy//build/libdaisy.a(usbd_core.o)
                0x0800b910                USBD_LL_DataInStage
 .text.USBD_LL_Reset
                0x0800b9d4       0x50 ../../DaisyExamples/libDaisy//build/libdaisy.a(usbd_core.o)
                0x0800b9d4                USBD_LL_Reset
 .text.USBD_LL_SetSpeed
                0x0800ba24        0x8 ../../DaisyExamples/libDaisy//build/libdaisy.a(usbd_core.o)
                0x0800ba24                USBD_LL_SetSpeed
 .text.USBD_LL_Suspend
                0x0800ba2c       0x14 ../../DaisyExamples/libDaisy//build/libdaisy.a(usbd_core.o)
                0x0800ba2c                USBD_LL_Suspend
 .text.USBD_LL_Resume
                0x0800ba40       0x10 ../../DaisyExamples/libDaisy//build/libdaisy.a(usbd_core.o)
                0x0800ba40                USBD_LL_Resume
 .text.USBD_LL_SOF
                0x0800ba50       0x1c ../../DaisyExamples/libDaisy//build/libdaisy.a(usbd_core.o)
                0x0800ba50                USBD_LL_SOF
 .text.USBD_LL_IsoINIncomplete
                0x0800ba6c        0x4 ../../DaisyExamples/libDaisy//build/libdaisy.a(usbd_core.o)
                0x0800ba6c                USBD_LL_IsoINIncomplete
 .text.USBD_LL_IsoOUTIncomplete
                0x0800ba70        0x4 ../../DaisyExamples/libDaisy//build/libdaisy.a(usbd_core.o)
                0x0800ba70                USBD_LL_IsoOUTIncomplete
 .text.USBD_LL_DevConnected
                0x0800ba74        0x4 ../../DaisyExamples/libDaisy//build/libdaisy.a(usbd_core.o)
                0x0800ba74                USBD_LL_DevConnected
 .text.USBD_LL_DevDisconnected
                0x0800ba78       0x18 ../../DaisyExamples/libDaisy//build/libdaisy.a(usbd_core.o)
                0x0800ba78                USBD_LL_DevDisconnected
 .text.USBD_StdDevReq
                0x0800ba90      0x300 ../../DaisyExamples/libDaisy//build/libdaisy.a(usbd_ctlreq.o)
                0x0800ba90                USBD_StdDevReq
 .text.USBD_StdItfReq
                0x0800bd90       0x68 ../../DaisyExamples/libDaisy//build/libdaisy.a(usbd_ctlreq.o)
                0x0800bd90                USBD_StdItfReq
 .text.USBD_StdEPReq
                0x0800bdf8      0x134 ../../DaisyExamples/libDaisy//build/libdaisy.a(usbd_ctlreq.o)
                0x0800bdf8                USBD_StdEPReq
 .text.USBD_ParseSetupRequest
                0x0800bf2c       0x18 ../../DaisyExamples/libDaisy//build/libdaisy.a(usbd_ctlreq.o)
                0x0800bf2c                USBD_ParseSetupRequest
 .text.USBD_CtlError
                0x0800bf44       0x18 ../../DaisyExamples/libDaisy//build/libdaisy.a(usbd_ctlreq.o)
                0x0800bf44                USBD_CtlError
 .text.USBD_GetString
                0x0800bf5c       0x50 ../../DaisyExamples/libDaisy//build/libdaisy.a(usbd_ctlreq.o)
                0x0800bf5c                USBD_GetString
 .text.USBD_CtlSendData
                0x0800bfac       0x1c ../../DaisyExamples/libDaisy//build/libdaisy.a(usbd_ioreq.o)
                0x0800bfac                USBD_CtlSendData
 .text.USBD_CtlContinueSendData
                0x0800bfc8       0x14 ../../DaisyExamples/libDaisy//build/libdaisy.a(usbd_ioreq.o)
                0x0800bfc8                USBD_CtlContinueSendData
 .text.USBD_CtlPrepareRx
                0x0800bfdc       0x1c ../../DaisyExamples/libDaisy//build/libdaisy.a(usbd_ioreq.o)
                0x0800bfdc                USBD_CtlPrepareRx
 .text.USBD_CtlContinueRx
                0x0800bff8       0x14 ../../DaisyExamples/libDaisy//build/libdaisy.a(usbd_ioreq.o)
                0x0800bff8                USBD_CtlContinueRx
 .text.USBD_CtlSendStatus
                0x0800c00c       0x18 ../../DaisyExamples/libDaisy//build/libdaisy.a(usbd_ioreq.o)
                0x0800c00c                USBD_CtlSendStatus
 .text.USBD_CtlReceiveStatus
                0x0800c024       0x18 ../../DaisyExamples/libDaisy//build/libdaisy.a(usbd_ioreq.o)
                0x0800c024                USBD_CtlReceiveStatus
 .text.USBH_LL_IncTimer
                0x0800c03c       0x20 ../../DaisyExamples/libDaisy//build/libdaisy.a(usbh_core.o)
                0x0800c03c                USBH_LL_IncTimer
 .text.USBH_LL_PortEnabled
                0x0800c05c        0x8 ../../DaisyExamples/libDaisy//build/libdaisy.a(usbh_core.o)
                0x0800c05c                USBH_LL_PortEnabled
 .text.USBH_LL_PortDisabled
                0x0800c064        0x8 ../../DaisyExamples/libDaisy//build/libdaisy.a(usbh_core.o)
                0x0800c064                USBH_LL_PortDisabled
 .text.USBH_LL_Connect
                0x0800c06c       0x18 ../../DaisyExamples/libDaisy//build/libdaisy.a(usbh_core.o)
                0x0800c06c                USBH_LL_Connect
 .text.USBH_LL_Disconnect
                0x0800c084       0x2c ../../DaisyExamples/libDaisy//build/libdaisy.a(usbh_core.o)
                0x0800c084                USBH_LL_Disconnect
 .text.USBH_FreePipe
                0x0800c0b0       0x18 ../../DaisyExamples/libDaisy//build/libdaisy.a(usbh_pipes.o)
                0x0800c0b0                USBH_FreePipe
 .text._ZN5daisy6Random4InitEv
                0x0800c0c8       0x3c ../../DaisyExamples/libDaisy//build/libdaisy.a(rng.o)
                0x0800c0c8                daisy::Random::Init()
 .text._ZN5daisy9SpiHandle4Impl7InitDmaEv
                0x0800c104       0xec ../../DaisyExamples/libDaisy//build/libdaisy.a(spi.o)
                0x0800c104                daisy::SpiHandle::Impl::InitDma()
 .text._ZN5daisy9SpiHandle4Impl10StartDmaTxEPhjPFvPvEPFvS3_NS0_6ResultEES3_
                0x0800c1f0       0xbc ../../DaisyExamples/libDaisy//build/libdaisy.a(spi.o)
                0x0800c1f0                daisy::SpiHandle::Impl::StartDmaTx(unsigned char*, unsigned int, void (*)(void*), void (*)(void*, daisy::SpiHandle::Result), void*)
 .text._ZN5daisy9SpiHandle4Impl10StartDmaRxEPhjPFvPvEPFvS3_NS0_6ResultEES3_
                0x0800c2ac       0xbc ../../DaisyExamples/libDaisy//build/libdaisy.a(spi.o)
                0x0800c2ac                daisy::SpiHandle::Impl::StartDmaRx(unsigned char*, unsigned int, void (*)(void*), void (*)(void*, daisy::SpiHandle::Result), void*)
 .text._ZN5daisy9SpiHandle4Impl12StartDmaRxTxEPhS2_jPFvPvEPFvS3_NS0_6ResultEES3_
                0x0800c368       0xbc ../../DaisyExamples/libDaisy//build/libdaisy.a(spi.o)
                0x0800c368                daisy::SpiHandle::Impl::StartDmaRxTx(unsigned char*, unsigned char*, unsigned int, void (*)(void*), void (*)(void*, daisy::SpiHandle::Result), void*)
 .text._ZN5daisy9SpiHandle4Impl8InitPinsEv
                0x0800c424      0x214 ../../DaisyExamples/libDaisy//build/libdaisy.a(spi.o)
                0x0800c424                daisy::SpiHandle::Impl::InitPins()
 .text.HAL_SPI_MspInit
                0x0800c638      0x1a8 ../../DaisyExamples/libDaisy//build/libdaisy.a(spi.o)
                0x0800c638                HAL_SPI_MspInit
 .text.dsy_spi_global_init
                0x0800c7e0       0x80 ../../DaisyExamples/libDaisy//build/libdaisy.a(spi.o)
                0x0800c7e0                dsy_spi_global_init
 .text.SPI1_IRQHandler
                0x0800c860        0xc ../../DaisyExamples/libDaisy//build/libdaisy.a(spi.o)
                0x0800c860                SPI1_IRQHandler
 .text.SPI2_IRQHandler
                0x0800c86c        0xc ../../DaisyExamples/libDaisy//build/libdaisy.a(spi.o)
                0x0800c86c                SPI2_IRQHandler
 .text.SPI3_IRQHandler
                0x0800c878        0xc ../../DaisyExamples/libDaisy//build/libdaisy.a(spi.o)
                0x0800c878                SPI3_IRQHandler
 .text.SPI4_IRQHandler
                0x0800c884        0xc ../../DaisyExamples/libDaisy//build/libdaisy.a(spi.o)
                0x0800c884                SPI4_IRQHandler
 .text.SPI5_IRQHandler
                0x0800c890        0xc ../../DaisyExamples/libDaisy//build/libdaisy.a(spi.o)
                0x0800c890                SPI5_IRQHandler
 .text.DMA2_Stream2_IRQHandler
                0x0800c89c       0x34 ../../DaisyExamples/libDaisy//build/libdaisy.a(spi.o)
                0x0800c89c                DMA2_Stream2_IRQHandler
 .text.DMA2_Stream3_IRQHandler
                0x0800c8d0       0x34 ../../DaisyExamples/libDaisy//build/libdaisy.a(spi.o)
                0x0800c8d0                DMA2_Stream3_IRQHandler
 .text.HAL_SPI_TxCpltCallback
                0x0800c904       0xc0 ../../DaisyExamples/libDaisy//build/libdaisy.a(spi.o)
                0x0800c904                HAL_SPI_TxCpltCallback
 .text.HAL_SPI_RxCpltCallback
                0x0800c9c4       0xc0 ../../DaisyExamples/libDaisy//build/libdaisy.a(spi.o)
                0x0800c9c4                HAL_SPI_RxCpltCallback
 .text.HAL_SPI_TxRxCpltCallback
                0x0800ca84       0xc0 ../../DaisyExamples/libDaisy//build/libdaisy.a(spi.o)
                0x0800ca84                HAL_SPI_TxRxCpltCallback
 .text.HAL_SPI_ErrorCallback
                0x0800cb44       0xc4 ../../DaisyExamples/libDaisy//build/libdaisy.a(spi.o)
                0x0800cb44                HAL_SPI_ErrorCallback
 .text.startup._GLOBAL__sub_I__Z19MapInstanceToHandleP11SPI_TypeDef
                0x0800cc08      0x1bc ../../DaisyExamples/libDaisy//build/libdaisy.a(spi.o)
 .text.HAL_TIM_Base_MspInit
                0x0800cdc4      0x19c ../../DaisyExamples/libDaisy//build/libdaisy.a(tim.o)
                0x0800cdc4                HAL_TIM_Base_MspInit
 .text.HAL_TIM_PeriodElapsedCallback
                0x0800cf60       0x44 ../../DaisyExamples/libDaisy//build/libdaisy.a(tim.o)
                0x0800cf60                HAL_TIM_PeriodElapsedCallback
 .text.TIM2_IRQHandler
                0x0800cfa4        0xc ../../DaisyExamples/libDaisy//build/libdaisy.a(tim.o)
                0x0800cfa4                TIM2_IRQHandler
 .text.TIM3_IRQHandler
                0x0800cfb0        0xc ../../DaisyExamples/libDaisy//build/libdaisy.a(tim.o)
                0x0800cfb0                TIM3_IRQHandler
 .text.TIM4_IRQHandler
                0x0800cfbc        0xc ../../DaisyExamples/libDaisy//build/libdaisy.a(tim.o)
                0x0800cfbc                TIM4_IRQHandler
 .text.TIM5_IRQHandler
                0x0800cfc8        0xc ../../DaisyExamples/libDaisy//build/libdaisy.a(tim.o)
                0x0800cfc8                TIM5_IRQHandler
 .text._ZN5daisy11TimerHandle4InitERKNS0_6ConfigE
                0x0800cfd4       0xd0 ../../DaisyExamples/libDaisy//build/libdaisy.a(tim.o)
                0x0800cfd4                daisy::TimerHandle::Init(daisy::TimerHandle::Config const&)
 .text._ZN5daisy11TimerHandle5StartEv
                0x0800d0a4       0x24 ../../DaisyExamples/libDaisy//build/libdaisy.a(tim.o)
                0x0800d0a4                daisy::TimerHandle::Start()
 .text.startup._GLOBAL__sub_I__ZN5daisy11TimerHandle4Impl4InitERKNS0_6ConfigE
                0x0800d0c8       0x44 ../../DaisyExamples/libDaisy//build/libdaisy.a(tim.o)
 .text._ZN5daisy11UartHandler4Impl7InitDmaEbb
                0x0800d10c      0x160 ../../DaisyExamples/libDaisy//build/libdaisy.a(uart.o)
                0x0800d10c                daisy::UartHandler::Impl::InitDma(bool, bool)
 .text._ZN5daisy11UartHandler4Impl10HandleFifoEv
                0x0800d26c      0x148 ../../DaisyExamples/libDaisy//build/libdaisy.a(uart.o)
                0x0800d26c                daisy::UartHandler::Impl::HandleFifo()
 .text._ZN5daisy11UartHandler4Impl10StartDmaTxEPhjPFvPvEPFvS3_NS0_6ResultEES3_
                0x0800d3b4       0xbc ../../DaisyExamples/libDaisy//build/libdaisy.a(uart.o)
                0x0800d3b4                daisy::UartHandler::Impl::StartDmaTx(unsigned char*, unsigned int, void (*)(void*), void (*)(void*, daisy::UartHandler::Result), void*)
 .text._ZN5daisy11UartHandler4Impl10StartDmaRxEPhjPFvPvEPFvS3_NS0_6ResultEES3_
                0x0800d470       0xbc ../../DaisyExamples/libDaisy//build/libdaisy.a(uart.o)
                0x0800d470                daisy::UartHandler::Impl::StartDmaRx(unsigned char*, unsigned int, void (*)(void*), void (*)(void*, daisy::UartHandler::Result), void*)
 .text._ZN5daisy11UartHandler4Impl19DmaTransferFinishedEP20__UART_HandleTypeDefNS0_6ResultE
                0x0800d52c       0xc0 ../../DaisyExamples/libDaisy//build/libdaisy.a(uart.o)
                0x0800d52c                daisy::UartHandler::Impl::DmaTransferFinished(__UART_HandleTypeDef*, daisy::UartHandler::Result)
 .text._ZN5daisy11UartHandler4Impl8InitPinsEv
                0x0800d5ec      0x14c ../../DaisyExamples/libDaisy//build/libdaisy.a(uart.o)
                0x0800d5ec                daisy::UartHandler::Impl::InitPins()
 .text.HAL_UART_MspInit
                0x0800d738      0x210 ../../DaisyExamples/libDaisy//build/libdaisy.a(uart.o)
                0x0800d738                HAL_UART_MspInit
 .text.dsy_uart_global_init
                0x0800d948       0xfc ../../DaisyExamples/libDaisy//build/libdaisy.a(uart.o)
                0x0800d948                dsy_uart_global_init
 .text.USART1_IRQHandler
                0x0800da44       0x30 ../../DaisyExamples/libDaisy//build/libdaisy.a(uart.o)
                0x0800da44                USART1_IRQHandler
 .text.USART2_IRQHandler
                0x0800da74       0x38 ../../DaisyExamples/libDaisy//build/libdaisy.a(uart.o)
                0x0800da74                USART2_IRQHandler
 .text.USART3_IRQHandler
                0x0800daac       0x38 ../../DaisyExamples/libDaisy//build/libdaisy.a(uart.o)
                0x0800daac                USART3_IRQHandler
 .text.UART4_IRQHandler
                0x0800dae4       0x38 ../../DaisyExamples/libDaisy//build/libdaisy.a(uart.o)
                0x0800dae4                UART4_IRQHandler
 .text.UART5_IRQHandler
                0x0800db1c       0x38 ../../DaisyExamples/libDaisy//build/libdaisy.a(uart.o)
                0x0800db1c                UART5_IRQHandler
 .text.USART6_IRQHandler
                0x0800db54       0x38 ../../DaisyExamples/libDaisy//build/libdaisy.a(uart.o)
                0x0800db54                USART6_IRQHandler
 .text.UART7_IRQHandler
                0x0800db8c       0x34 ../../DaisyExamples/libDaisy//build/libdaisy.a(uart.o)
                0x0800db8c                UART7_IRQHandler
 .text.UART8_IRQHandler
                0x0800dbc0       0x38 ../../DaisyExamples/libDaisy//build/libdaisy.a(uart.o)
                0x0800dbc0                UART8_IRQHandler
 .text.LPUART1_IRQHandler
                0x0800dbf8       0x38 ../../DaisyExamples/libDaisy//build/libdaisy.a(uart.o)
                0x0800dbf8                LPUART1_IRQHandler
 .text.DMA1_Stream5_IRQHandler
                0x0800dc30       0x34 ../../DaisyExamples/libDaisy//build/libdaisy.a(uart.o)
                0x0800dc30                DMA1_Stream5_IRQHandler
 .text.DMA2_Stream4_IRQHandler
                0x0800dc64       0x34 ../../DaisyExamples/libDaisy//build/libdaisy.a(uart.o)
                0x0800dc64                DMA2_Stream4_IRQHandler
 .text.HAL_UART_TxCpltCallback
                0x0800dc98        0x8 ../../DaisyExamples/libDaisy//build/libdaisy.a(uart.o)
                0x0800dc98                HAL_UART_TxCpltCallback
 .text.HAL_UART_RxCpltCallback
                0x0800dca0        0x8 ../../DaisyExamples/libDaisy//build/libdaisy.a(uart.o)
                0x0800dca0                HAL_UART_RxCpltCallback
 .text.HAL_UART_ErrorCallback
                0x0800dca8        0x8 ../../DaisyExamples/libDaisy//build/libdaisy.a(uart.o)
                0x0800dca8                HAL_UART_ErrorCallback
 .text.startup._GLOBAL__sub_I__Z19MapInstanceToHandleP13USART_TypeDef
                0x0800dcb0      0x1a4 ../../DaisyExamples/libDaisy//build/libdaisy.a(uart.o)
 .text.dsy_dma_init
                0x0800de54      0x100 ../../DaisyExamples/libDaisy//build/libdaisy.a(dma.o)
                0x0800de54                dsy_dma_init
 .text.HAL_MDMA_Abort_IT
                0x0800df54       0x28 ../../DaisyExamples/libDaisy//build/libdaisy.a(stm32h7xx_hal_mdma.o)
                0x0800df54                HAL_MDMA_Abort_IT
 .text.SPI_CloseTransfer
                0x0800df7c       0xb8 ../../DaisyExamples/libDaisy//build/libdaisy.a(stm32h7xx_hal_spi.o)
 .text.HAL_SPI_Init
                0x0800e034      0x154 ../../DaisyExamples/libDaisy//build/libdaisy.a(stm32h7xx_hal_spi.o)
                0x0800e034                HAL_SPI_Init
 .text.HAL_SPI_Transmit_DMA
                0x0800e188      0x160 ../../DaisyExamples/libDaisy//build/libdaisy.a(stm32h7xx_hal_spi.o)
                0x0800e188                HAL_SPI_Transmit_DMA
 .text.HAL_SPI_TransmitReceive_DMA
                0x0800e2e8      0x1fc ../../DaisyExamples/libDaisy//build/libdaisy.a(stm32h7xx_hal_spi.o)
                0x0800e2e8                HAL_SPI_TransmitReceive_DMA
 .text.HAL_SPI_Receive_DMA
                0x0800e4e4      0x198 ../../DaisyExamples/libDaisy//build/libdaisy.a(stm32h7xx_hal_spi.o)
                0x0800e4e4                HAL_SPI_Receive_DMA
 .text.SPI_DMATransmitCplt
                0x0800e67c       0x28 ../../DaisyExamples/libDaisy//build/libdaisy.a(stm32h7xx_hal_spi.o)
 .text.SPI_DMAReceiveCplt
                0x0800e6a4       0x28 ../../DaisyExamples/libDaisy//build/libdaisy.a(stm32h7xx_hal_spi.o)
 .text.SPI_DMATransmitReceiveCplt
                0x0800e6cc       0x28 ../../DaisyExamples/libDaisy//build/libdaisy.a(stm32h7xx_hal_spi.o)
 .text.HAL_SPI_TxHalfCpltCallback
                0x0800e6f4        0x4 ../../DaisyExamples/libDaisy//build/libdaisy.a(stm32h7xx_hal_spi.o)
                0x0800e6f4                HAL_SPI_TxHalfCpltCallback
 .text.SPI_DMAHalfTransmitCplt
                0x0800e6f8        0xc ../../DaisyExamples/libDaisy//build/libdaisy.a(stm32h7xx_hal_spi.o)
 .text.HAL_SPI_RxHalfCpltCallback
                0x0800e704        0x4 ../../DaisyExamples/libDaisy//build/libdaisy.a(stm32h7xx_hal_spi.o)
                0x0800e704                HAL_SPI_RxHalfCpltCallback
 .text.SPI_DMAHalfReceiveCplt
                0x0800e708        0xc ../../DaisyExamples/libDaisy//build/libdaisy.a(stm32h7xx_hal_spi.o)
 .text.HAL_SPI_TxRxHalfCpltCallback
                0x0800e714        0x4 ../../DaisyExamples/libDaisy//build/libdaisy.a(stm32h7xx_hal_spi.o)
                0x0800e714                HAL_SPI_TxRxHalfCpltCallback
 .text.SPI_DMAHalfTransmitReceiveCplt
                0x0800e718        0xc ../../DaisyExamples/libDaisy//build/libdaisy.a(stm32h7xx_hal_spi.o)
 .text.SPI_DMAError
                0x0800e724       0xd8 ../../DaisyExamples/libDaisy//build/libdaisy.a(stm32h7xx_hal_spi.o)
 .text.HAL_SPI_IRQHandler
                0x0800e7fc      0x238 ../../DaisyExamples/libDaisy//build/libdaisy.a(stm32h7xx_hal_spi.o)
                0x0800e7fc                HAL_SPI_IRQHandler
 .text.SPI_DMAAbortOnError
                0x0800ea34       0x1c ../../DaisyExamples/libDaisy//build/libdaisy.a(stm32h7xx_hal_spi.o)
 .text.HAL_SPI_GetState
                0x0800ea50        0x8 ../../DaisyExamples/libDaisy//build/libdaisy.a(stm32h7xx_hal_spi.o)
                0x0800ea50                HAL_SPI_GetState
 .text.HAL_TIM_Base_Init
                0x0800ea58      0x114 ../../DaisyExamples/libDaisy//build/libdaisy.a(stm32h7xx_hal_tim.o)
                0x0800ea58                HAL_TIM_Base_Init
 .text.HAL_TIM_Base_Start
                0x0800eb6c       0x34 ../../DaisyExamples/libDaisy//build/libdaisy.a(stm32h7xx_hal_tim.o)
                0x0800eb6c                HAL_TIM_Base_Start
 .text.HAL_TIM_Base_Start_IT
                0x0800eba0       0x2c ../../DaisyExamples/libDaisy//build/libdaisy.a(stm32h7xx_hal_tim.o)
                0x0800eba0                HAL_TIM_Base_Start_IT
 .text.HAL_TIM_ConfigClockSource
                0x0800ebcc      0x17c ../../DaisyExamples/libDaisy//build/libdaisy.a(stm32h7xx_hal_tim.o)
                0x0800ebcc                HAL_TIM_ConfigClockSource
 .text.HAL_TIM_OC_DelayElapsedCallback
                0x0800ed48        0x4 ../../DaisyExamples/libDaisy//build/libdaisy.a(stm32h7xx_hal_tim.o)
                0x0800ed48                HAL_TIM_OC_DelayElapsedCallback
 .text.HAL_TIM_IC_CaptureCallback
                0x0800ed4c        0x4 ../../DaisyExamples/libDaisy//build/libdaisy.a(stm32h7xx_hal_tim.o)
                0x0800ed4c                HAL_TIM_IC_CaptureCallback
 .text.HAL_TIM_PWM_PulseFinishedCallback
                0x0800ed50        0x4 ../../DaisyExamples/libDaisy//build/libdaisy.a(stm32h7xx_hal_tim.o)
                0x0800ed50                HAL_TIM_PWM_PulseFinishedCallback
 .text.HAL_TIM_TriggerCallback
                0x0800ed54        0x4 ../../DaisyExamples/libDaisy//build/libdaisy.a(stm32h7xx_hal_tim.o)
                0x0800ed54                HAL_TIM_TriggerCallback
 .text.HAL_TIM_IRQHandler
                0x0800ed58      0x170 ../../DaisyExamples/libDaisy//build/libdaisy.a(stm32h7xx_hal_tim.o)
                0x0800ed58                HAL_TIM_IRQHandler
 .text.HAL_TIMEx_MasterConfigSynchronization
                0x0800eec8       0x64 ../../DaisyExamples/libDaisy//build/libdaisy.a(stm32h7xx_hal_tim_ex.o)
                0x0800eec8                HAL_TIMEx_MasterConfigSynchronization
 .text.HAL_TIMEx_CommutCallback
                0x0800ef2c        0x4 ../../DaisyExamples/libDaisy//build/libdaisy.a(stm32h7xx_hal_tim_ex.o)
                0x0800ef2c                HAL_TIMEx_CommutCallback
 .text.HAL_TIMEx_BreakCallback
                0x0800ef30        0x4 ../../DaisyExamples/libDaisy//build/libdaisy.a(stm32h7xx_hal_tim_ex.o)
                0x0800ef30                HAL_TIMEx_BreakCallback
 .text.HAL_TIMEx_Break2Callback
                0x0800ef34        0x4 ../../DaisyExamples/libDaisy//build/libdaisy.a(stm32h7xx_hal_tim_ex.o)
                0x0800ef34                HAL_TIMEx_Break2Callback
 .text.HAL_UART_Transmit_DMA
                0x0800ef38       0x90 ../../DaisyExamples/libDaisy//build/libdaisy.a(stm32h7xx_hal_uart.o)
                0x0800ef38                HAL_UART_Transmit_DMA
 .text.HAL_UART_Receive_DMA
                0x0800efc8       0x9c ../../DaisyExamples/libDaisy//build/libdaisy.a(stm32h7xx_hal_uart.o)
                0x0800efc8                HAL_UART_Receive_DMA
 .text.UART_DMATransmitCplt
                0x0800f064       0x2c ../../DaisyExamples/libDaisy//build/libdaisy.a(stm32h7xx_hal_uart.o)
 .text.HAL_UART_TxHalfCpltCallback
                0x0800f090        0x4 ../../DaisyExamples/libDaisy//build/libdaisy.a(stm32h7xx_hal_uart.o)
                0x0800f090                HAL_UART_TxHalfCpltCallback
 .text.UART_DMATxHalfCplt
                0x0800f094        0xc ../../DaisyExamples/libDaisy//build/libdaisy.a(stm32h7xx_hal_uart.o)
 .text.UART_DMAReceiveCplt
                0x0800f0a0       0x38 ../../DaisyExamples/libDaisy//build/libdaisy.a(stm32h7xx_hal_uart.o)
 .text.HAL_UART_RxHalfCpltCallback
                0x0800f0d8        0x4 ../../DaisyExamples/libDaisy//build/libdaisy.a(stm32h7xx_hal_uart.o)
                0x0800f0d8                HAL_UART_RxHalfCpltCallback
 .text.UART_DMARxHalfCplt
                0x0800f0dc        0xc ../../DaisyExamples/libDaisy//build/libdaisy.a(stm32h7xx_hal_uart.o)
 .text.UART_DMAError
                0x0800f0e8       0x78 ../../DaisyExamples/libDaisy//build/libdaisy.a(stm32h7xx_hal_uart.o)
 .text.HAL_UART_IRQHandler
                0x0800f160      0x1e4 ../../DaisyExamples/libDaisy//build/libdaisy.a(stm32h7xx_hal_uart.o)
                0x0800f160                HAL_UART_IRQHandler
 .text.UART_DMAAbortOnError
                0x0800f344       0x14 ../../DaisyExamples/libDaisy//build/libdaisy.a(stm32h7xx_hal_uart.o)
 .text.HAL_UART_GetState
                0x0800f358        0xc ../../DaisyExamples/libDaisy//build/libdaisy.a(stm32h7xx_hal_uart.o)
                0x0800f358                HAL_UART_GetState
 .text.UART_SetConfig
                0x0800f364      0x82c ../../DaisyExamples/libDaisy//build/libdaisy.a(stm32h7xx_hal_uart.o)
                0x0800f364                UART_SetConfig
 .text.UART_AdvFeatureConfig
                0x0800fb90       0xb0 ../../DaisyExamples/libDaisy//build/libdaisy.a(stm32h7xx_hal_uart.o)
                0x0800fb90                UART_AdvFeatureConfig
 .text.UART_CheckIdleState
                0x0800fc40       0x80 ../../DaisyExamples/libDaisy//build/libdaisy.a(stm32h7xx_hal_uart.o)
                0x0800fc40                UART_CheckIdleState
 .text.HAL_UART_Init
                0x0800fcc0       0x68 ../../DaisyExamples/libDaisy//build/libdaisy.a(stm32h7xx_hal_uart.o)
                0x0800fcc0                HAL_UART_Init
 .text.HAL_UARTEx_WakeupCallback
                0x0800fd28        0x4 ../../DaisyExamples/libDaisy//build/libdaisy.a(stm32h7xx_hal_uart_ex.o)
                0x0800fd28                HAL_UARTEx_WakeupCallback
 .text.HAL_UARTEx_RxFifoFullCallback
                0x0800fd2c        0x4 ../../DaisyExamples/libDaisy//build/libdaisy.a(stm32h7xx_hal_uart_ex.o)
                0x0800fd2c                HAL_UARTEx_RxFifoFullCallback
 .text.HAL_UARTEx_TxFifoEmptyCallback
                0x0800fd30        0x4 ../../DaisyExamples/libDaisy//build/libdaisy.a(stm32h7xx_hal_uart_ex.o)
                0x0800fd30                HAL_UARTEx_TxFifoEmptyCallback
 .text.__aeabi_atexit
                0x0800fd34        0xa /usr/lib/gcc/arm-none-eabi/13.2.0/../../../../arm-none-eabi/lib/thumb/v7e-m+dp/hard/libstdc++_nano.a(atexit_arm.o)
                0x0800fd34                __aeabi_atexit
 *fill*         0x0800fd3e        0x2 